Component: ARM Compiler 5.06 update 7 (build 960) Tool: armlink [4d3601]

==============================================================================

Section Cross References

    main.o(i.DisplayMenu) refers to oled.o(i.OLED_CLS) for OLED_CLS
    main.o(i.DisplayMenu) refers to printfa.o(i.__0sprintf) for __2sprintf
    main.o(i.DisplayMenu) refers to oled.o(i.OLED_ShowStr) for OLED_ShowStr
    main.o(i.DisplayMenu) refers to esp8266.o(.bss) for ntp_time
    main.o(i.DisplayMenu) refers to main.o(.bss) for time_str
    main.o(i.DisplayMenu) refers to main.o(.data) for time_schedule
    main.o(i.DisplayTimeSchedule) refers to printfa.o(i.__0sprintf) for __2sprintf
    main.o(i.DisplayTimeSchedule) refers to oled.o(i.OLED_ShowStr) for OLED_ShowStr
    main.o(i.DisplayTimeSchedule) refers to main.o(.data) for time_schedule
    main.o(i.Hardware_Init) refers to misc.o(i.NVIC_PriorityGroupConfig) for NVIC_PriorityGroupConfig
    main.o(i.Hardware_Init) refers to delay.o(i.delay_Init) for delay_Init
    main.o(i.Hardware_Init) refers to usart.o(i.Usart1_Init) for Usart1_Init
    main.o(i.Hardware_Init) refers to usart.o(i.Usart2_Init) for Usart2_Init
    main.o(i.Hardware_Init) refers to oled.o(i.OLED_Init) for OLED_Init
    main.o(i.Hardware_Init) refers to oled.o(i.OLED_CLS) for OLED_CLS
    main.o(i.Hardware_Init) refers to bh1750.o(i.Init_BH1750) for Init_BH1750
    main.o(i.Hardware_Init) refers to delay.o(i.delayms) for delayms
    main.o(i.Hardware_Init) refers to bh1750.o(i.bh_data_send) for bh_data_send
    main.o(i.Hardware_Init) refers to bh1750.o(i.bh_data_read) for bh_data_read
    main.o(i.Hardware_Init) refers to dfltui.o(.text) for __aeabi_ui2d
    main.o(i.Hardware_Init) refers to ddiv.o(.text) for __aeabi_ddiv
    main.o(i.Hardware_Init) refers to d2f.o(.text) for __aeabi_d2f
    main.o(i.Hardware_Init) refers to cfrcmple.o(.text) for __aeabi_cfrcmple
    main.o(i.Hardware_Init) refers to cfcmple.o(.text) for __aeabi_cfcmple
    main.o(i.Hardware_Init) refers to f2d.o(.text) for __aeabi_f2d
    main.o(i.Hardware_Init) refers to usart.o(i.UsartPrintf) for UsartPrintf
    main.o(i.Hardware_Init) refers to key.o(i.key_Init) for key_Init
    main.o(i.Hardware_Init) refers to timer.o(i.tiemr2_Ch1_Pwm_Init) for tiemr2_Ch1_Pwm_Init
    main.o(i.Hardware_Init) refers to oled.o(i.OLED_ShowStr) for OLED_ShowStr
    main.o(i.Hardware_Init) refers to main.o(.data) for light_value
    main.o(i.IsInTimeSchedule) refers to main.o(.data) for time_schedule
    main.o(i.IsInTimeSchedule) refers to esp8266.o(.bss) for ntp_time
    main.o(i.LightToFixedAngle) refers to cfcmple.o(.text) for __aeabi_cfcmple
    main.o(i.ProcessMenuOperation) refers to main.o(i.DisplayMenu) for DisplayMenu
    main.o(i.ProcessMenuOperation) refers to oled.o(i.OLED_CLS) for OLED_CLS
    main.o(i.ProcessMenuOperation) refers to main.o(i.DisplayTimeSchedule) for DisplayTimeSchedule
    main.o(i.ProcessMenuOperation) refers to printfa.o(i.__0sprintf) for __2sprintf
    main.o(i.ProcessMenuOperation) refers to oled.o(i.OLED_ShowStr) for OLED_ShowStr
    main.o(i.ProcessMenuOperation) refers to f2d.o(.text) for __aeabi_f2d
    main.o(i.ProcessMenuOperation) refers to usart.o(i.UsartPrintf) for UsartPrintf
    main.o(i.ProcessMenuOperation) refers to main.o(.data) for init_done
    main.o(i.ProcessMenuOperation) refers to main.o(.bss) for light_info
    main.o(i.ReadBH1750Light) refers to bh1750.o(i.bh_data_send) for bh_data_send
    main.o(i.ReadBH1750Light) refers to delay.o(i.delayms) for delayms
    main.o(i.ReadBH1750Light) refers to bh1750.o(i.bh_data_read) for bh_data_read
    main.o(i.ReadBH1750Light) refers to dfltui.o(.text) for __aeabi_ui2d
    main.o(i.ReadBH1750Light) refers to ddiv.o(.text) for __aeabi_ddiv
    main.o(i.ReadBH1750Light) refers to d2f.o(.text) for __aeabi_d2f
    main.o(i.ReadBH1750Light) refers to cfrcmple.o(.text) for __aeabi_cfrcmple
    main.o(i.ReadBH1750Light) refers to cfcmple.o(.text) for __aeabi_cfcmple
    main.o(i.ReadBH1750Light) refers to f2d.o(.text) for __aeabi_f2d
    main.o(i.ReadBH1750Light) refers to usart.o(i.UsartPrintf) for UsartPrintf
    main.o(i.ReadBH1750Light) refers to main.o(.data) for light_value
    main.o(i.main) refers to main.o(i.Hardware_Init) for Hardware_Init
    main.o(i.main) refers to esp8266.o(i.ESP8266_Init) for ESP8266_Init
    main.o(i.main) refers to oled.o(i.OLED_ShowStr) for OLED_ShowStr
    main.o(i.main) refers to delay.o(i.delayms) for delayms
    main.o(i.main) refers to onenet.o(i.OneNet_DevLink) for OneNet_DevLink
    main.o(i.main) refers to onenet.o(i.OneNET_Subscribe) for OneNET_Subscribe
    main.o(i.main) refers to printfa.o(i.__0sprintf) for __2sprintf
    main.o(i.main) refers to oled.o(i.OLED_CLS) for OLED_CLS
    main.o(i.main) refers to bh1750.o(i.bh_data_send) for bh_data_send
    main.o(i.main) refers to bh1750.o(i.bh_data_read) for bh_data_read
    main.o(i.main) refers to dfltui.o(.text) for __aeabi_ui2d
[...]
    i.OLED_Init                              0x08002f2c   Section        0  oled.o(i.OLED_Init)
    i.OLED_SetPos                            0x08002fe2   Section        0  oled.o(i.OLED_SetPos)
    i.OLED_ShowStr                           0x0800300c   Section        0  oled.o(i.OLED_ShowStr)
    i.OTA_UrlEncode                          0x080030f8   Section        0  onenet.o(i.OTA_UrlEncode)
    OTA_UrlEncode                            0x080030f9   Thumb Code   246  onenet.o(i.OTA_UrlEncode)
    i.OneNET_Authorization                   0x08003210   Section        0  onenet.o(i.OneNET_Authorization)
    OneNET_Authorization                     0x08003211   Thumb Code   284  onenet.o(i.OneNET_Authorization)
    i.OneNET_Publish                         0x080033ac   Section        0  onenet.o(i.OneNET_Publish)
    i.OneNET_Subscribe                       0x08003428   Section        0  onenet.o(i.OneNET_Subscribe)
    i.OneNet_DevLink                         0x080034c8   Section        0  onenet.o(i.OneNet_DevLink)
    i.OneNet_FillBuf                         0x08003744   Section        0  onenet.o(i.OneNet_FillBuf)
    i.OneNet_RevPro                          0x08003838   Section        0  onenet.o(i.OneNet_RevPro)
    i.OneNet_SendData                        0x080039e4   Section        0  onenet.o(i.OneNet_SendData)
    i.ParseNTPTime                           0x08003ae4   Section        0  esp8266.o(i.ParseNTPTime)
    i.ProcessMenuOperation                   0x08003c48   Section        0  main.o(i.ProcessMenuOperation)
    i.RCC_APB1PeriphClockCmd                 0x08003fd8   Section        0  stm32f10x_rcc.o(i.RCC_APB1PeriphClockCmd)
    i.RCC_APB1PeriphResetCmd                 0x08003ff8   Section        0  stm32f10x_rcc.o(i.RCC_APB1PeriphResetCmd)
    i.RCC_APB2PeriphClockCmd                 0x08004018   Section        0  stm32f10x_rcc.o(i.RCC_APB2PeriphClockCmd)
    i.RCC_GetClocksFreq                      0x08004038   Section        0  stm32f10x_rcc.o(i.RCC_GetClocksFreq)
    i.RTC_IRQHandler                         0x0800410c   Section        0  stm32f10x_it.o(i.RTC_IRQHandler)
    i.ReadBH1750Light                        0x08004110   Section        0  main.o(i.ReadBH1750Light)
    i.SVC_Handler                            0x08004260   Section        0  stm32f10x_it.o(i.SVC_Handler)
    i.Send_Property_Response                 0x08004264   Section        0  onenet.o(i.Send_Property_Response)
    i.SetSysClock                            0x08004348   Section        0  system_stm32f10x.o(i.SetSysClock)
    SetSysClock                              0x08004349   Thumb Code     8  system_stm32f10x.o(i.SetSysClock)
    i.SetSysClockTo72                        0x08004350   Section        0  system_stm32f10x.o(i.SetSysClockTo72)
    SetSysClockTo72                          0x08004351   Thumb Code   214  system_stm32f10x.o(i.SetSysClockTo72)
    i.Single_Write_BH1750                    0x08004430   Section        0  bh1750.o(i.Single_Write_BH1750)
    i.SysTick_Handler                        0x0800444c   Section        0  stm32f10x_it.o(i.SysTick_Handler)
    i.SystemInit                             0x080044c0   Section        0  system_stm32f10x.o(i.SystemInit)
    i.TIM_Cmd                                0x08004520   Section        0  stm32f10x_tim.o(i.TIM_Cmd)
    i.TIM_OC1Init                            0x08004538   Section        0  stm32f10x_tim.o(i.TIM_OC1Init)
    i.TIM_OC2Init                            0x080045d0   Section        0  stm32f10x_tim.o(i.TIM_OC2Init)
    i.TIM_SetCompare1                        0x08004674   Section        0  stm32f10x_tim.o(i.TIM_SetCompare1)
    i.TIM_SetCompare2                        0x08004678   Section        0  stm32f10x_tim.o(i.TIM_SetCompare2)
    i.TIM_TimeBaseInit                       0x0800467c   Section        0  stm32f10x_tim.o(i.TIM_TimeBaseInit)
    i.USART1_IRQHandler                      0x08004720   Section        0  usart.o(i.USART1_IRQHandler)
    i.USART2_IRQHandler                      0x0800473c   Section        0  esp8266.o(i.USART2_IRQHandler)
    i.USART_ClearFlag                        0x08004788   Section        0  stm32f10x_usart.o(i.USART_ClearFlag)
    i.USART_Cmd                              0x0800479a   Section        0  stm32f10x_usart.o(i.USART_Cmd)
    i.USART_GetFlagStatus                    0x080047b2   Section        0  stm32f10x_usart.o(i.USART_GetFlagStatus)
    i.USART_GetITStatus                      0x080047cc   Section        0  stm32f10x_usart.o(i.USART_GetITStatus)
    i.USART_ITConfig                         0x08004820   Section        0  stm32f10x_usart.o(i.USART_ITConfig)
    i.USART_Init                             0x0800486c   Section        0  stm32f10x_usart.o(i.USART_Init)
    i.USART_SendData                         0x08004944   Section        0  stm32f10x_usart.o(i.USART_SendData)
    i.UpdateClock                            0x0800494c   Section        0  esp8266.o(i.UpdateClock)
    i.UsageFault_Handler                     0x08004aa8   Section        0  stm32f10x_it.o(i.UsageFault_Handler)
    i.Usart1_Init                            0x08004aac   Section        0  usart.o(i.Usart1_Init)
    i.Usart2_Init                            0x08004b5c   Section        0  usart.o(i.Usart2_Init)
    i.UsartPrintf                            0x08004c08   Section        0  usart.o(i.UsartPrintf)
    i.Usart_SendString                       0x08004c50   Section        0  usart.o(i.Usart_SendString)
    i.WriteCmd                               0x08004c82   Section        0  oled.o(i.WriteCmd)
    i.WriteData                              0x08004c90   Section        0  oled.o(i.WriteData)
    i.__0snprintf                            0x08004ca0   Section        0  printfa.o(i.__0snprintf)
    i.__0sprintf                             0x08004cd4   Section        0  printfa.o(i.__0sprintf)
    i.__0vsnprintf                           0x08004cfc   Section        0  printfa.o(i.__0vsnprintf)
    i.__ARM_fpclassify                       0x08004d30   Section        0  fpclassify.o(i.__ARM_fpclassify)
    i.__kernel_poly                          0x08004d58   Section        0  poly.o(i.__kernel_poly)
    i.__mathlib_dbl_divzero                  0x08004e04   Section        0  dunder.o(i.__mathlib_dbl_divzero)
    i.__mathlib_dbl_infnan2                  0x08004e14   Section        0  dunder.o(i.__mathlib_dbl_infnan2)
    i.__mathlib_dbl_invalid                  0x08004e18   Section        0  dunder.o(i.__mathlib_dbl_invalid)
    i.__mathlib_dbl_overflow                 0x08004e24   Section        0  dunder.o(i.__mathlib_dbl_overflow)
    i.__mathlib_dbl_underflow                0x08004e34   Section        0  dunder.o(i.__mathlib_dbl_underflow)
    i.__scatterload_copy                     0x08004e44   Section       14  handlers.o(i.__scatterload_copy)
    i.__scatterload_null                     0x08004e52   Section        2  handlers.o(i.__scatterload_null)
    i.__scatterload_zeroinit                 0x08004e54   Section       14  handlers.o(i.__scatterload_zeroinit)
    i.__set_errno                            0x08004e64   Section        0  errno.o(i.__set_errno)
    i._fp_digits                             0x08004e70   Section        0  printfa.o(i._fp_digits)
    _fp_digits                               0x08004e71   Thumb Code   366  printfa.o(i._fp_digits)
    i._printf_core                           0x08004ff4   Section        0  printfa.o(i._printf_core)
    _printf_core                             0x08004ff5   Thumb Code  1704  printfa.o(i._printf_core)
    i._printf_post_padding                   0x080056a8   Section        0  printfa.o(i._printf_post_padding)
    _printf_post_padding                     0x080056a9   Thumb Code    36  printfa.o(i._printf_post_padding)
    i._printf_pre_padding                    0x080056cc   Section        0  printfa.o(i._printf_pre_padding)
    _printf_pre_padding                      0x080056cd   Thumb Code    46  printfa.o(i._printf_pre_padding)
    i._snputc                                0x080056fa   Section        0  printfa.o(i._snputc)
    _snputc                                  0x080056fb   Thumb Code    22  printfa.o(i._snputc)
    i._sputc                                 0x08005710   Section        0  printfa.o(i._sputc)
    _sputc                                   0x08005711   Thumb Code    10  printfa.o(i._sputc)
    i.beep_Init                              0x0800571c   Section        0  key.o(i.beep_Init)
    i.bh_data_read                           0x08005750   Section        0  bh1750.o(i.bh_data_read)
    i.bh_data_send                           0x0800577e   Section        0  bh1750.o(i.bh_data_send)
    i.cJSON_AddItemToArray                   0x080057a6   Section        0  cjson.o(i.cJSON_AddItemToArray)
    i.cJSON_AddItemToObject                  0x080057d0   Section        0  cjson.o(i.cJSON_AddItemToObject)
    i.cJSON_CreateNumber                     0x08005800   Section        0  cjson.o(i.cJSON_CreateNumber)
    i.cJSON_CreateObject                     0x08005824   Section        0  cjson.o(i.cJSON_CreateObject)
    i.cJSON_CreateString                     0x08005836   Section        0  cjson.o(i.cJSON_CreateString)
    i.cJSON_Delete                           0x08005854   Section        0  cjson.o(i.cJSON_Delete)
    i.cJSON_GetObjectItem                    0x080058ac   Section        0  cjson.o(i.cJSON_GetObjectItem)
    i.cJSON_New_Item                         0x080058cc   Section        0  cjson.o(i.cJSON_New_Item)
    cJSON_New_Item                           0x080058cd   Thumb Code    26  cjson.o(i.cJSON_New_Item)
    i.cJSON_Parse                            0x080058ec   Section        0  cjson.o(i.cJSON_Parse)
    i.cJSON_ParseWithOpts                    0x080058fc   Section        0  cjson.o(i.cJSON_ParseWithOpts)
    i.cJSON_PrintUnformatted                 0x08005960   Section        0  cjson.o(i.cJSON_PrintUnformatted)
    i.cJSON_strcasecmp                       0x08005972   Section        0  cjson.o(i.cJSON_strcasecmp)
    cJSON_strcasecmp                         0x08005973   Thumb Code    76  cjson.o(i.cJSON_strcasecmp)
    i.cJSON_strdup                           0x080059c0   Section        0  cjson.o(i.cJSON_strdup)
    cJSON_strdup                             0x080059c1   Thumb Code    40  cjson.o(i.cJSON_strdup)
    i.delay_Init                             0x080059ec   Section        0  delay.o(i.delay_Init)
    i.delay_us                               0x08005a4c   Section        0  delay.o(i.delay_us)
    i.delayms                                0x08005a8c   Section        0  delay.o(i.delayms)
    i.ensure                                 0x08005aa0   Section        0  cjson.o(i.ensure)
    ensure                                   0x08005aa1   Thumb Code   104  cjson.o(i.ensure)
    i.floor                                  0x08005b10   Section        0  floor.o(i.floor)
    i.free                                   0x08005bec   Section        0  malloc.o(i.free)
    i.ft                                     0x08005c3c   Section        0  hmac_sha1.o(i.ft)
    i.hmac_sha1                              0x08005c88   Section        0  hmac_sha1.o(i.hmac_sha1)
    i.k                                      0x08005db8   Section        0  hmac_sha1.o(i.k)
    i.key_Functoin                           0x08005dec   Section        0  key.o(i.key_Functoin)
    i.key_Init                               0x080061a4   Section        0  key.o(i.key_Init)
    i.main                                   0x08006210   Section        0  main.o(i.main)
    i.malloc                                 0x08006ab0   Section        0  malloc.o(i.malloc)
    i.parse_array                            0x08006b1c   Section        0  cjson.o(i.parse_array)
    parse_array                              0x08006b1d   Thumb Code   166  cjson.o(i.parse_array)
    i.parse_hex4                             0x08006bc8   Section        0  cjson.o(i.parse_hex4)
    parse_hex4                               0x08006bc9   Thumb Code   276  cjson.o(i.parse_hex4)
    i.parse_number                           0x08006cdc   Section        0  cjson.o(i.parse_number)
    parse_number                             0x08006cdd   Thumb Code   432  cjson.o(i.parse_number)
    i.parse_object                           0x08006e98   Section        0  cjson.o(i.parse_object)
    parse_object                             0x08006e99   Thumb Code   270  cjson.o(i.parse_object)
    i.parse_string                           0x08006fac   Section        0  cjson.o(i.parse_string)
    parse_string                             0x08006fad   Thumb Code   448  cjson.o(i.parse_string)
    i.parse_value                            0x08007178   Section        0  cjson.o(i.parse_value)
    parse_value                              0x08007179   Thumb Code   158  cjson.o(i.parse_value)
    i.pow                                    0x08007234   Section        0  pow.o(i.pow)
    i.pow2gt                                 0x08007c0c   Section        0  cjson.o(i.pow2gt)
    pow2gt                                   0x08007c0d   Thumb Code    28  cjson.o(i.pow2gt)
    i.print_array                            0x08007c28   Section        0  cjson.o(i.print_array)
    print_array                              0x08007c29   Thumb Code   578  cjson.o(i.print_array)
    i.print_number                           0x08007e78   Section        0  cjson.o(i.print_number)
    print_number                             0x08007e79   Thumb Code   342  cjson.o(i.print_number)
    i.print_object                           0x08008010   Section        0  cjson.o(i.print_object)
    print_object                             0x08008011   Thumb Code  1038  cjson.o(i.print_object)
    i.print_string                           0x08008428   Section        0  cjson.o(i.print_string)
    print_string                             0x08008429   Thumb Code    16  cjson.o(i.print_string)
    i.print_string_ptr                       0x08008438   Section        0  cjson.o(i.print_string_ptr)
    print_string_ptr                         0x08008439   Thumb Code   442  cjson.o(i.print_string_ptr)
    i.print_value                            0x0800860c   Section        0  cjson.o(i.print_value)
    print_value                              0x0800860d   Thumb Code   278  cjson.o(i.print_value)
    i.rotl                                   0x0800873c   Section        0  hmac_sha1.o(i.rotl)
    i.sha1                                   0x0800876c   Section        0  hmac_sha1.o(i.sha1)
    i.skip                                   0x080089f0   Section        0  cjson.o(i.skip)
    skip                                     0x080089f1   Thumb Code    18  cjson.o(i.skip)
    i.sqrt                                   0x08008a02   Section        0  sqrt.o(i.sqrt)
    i.suffix_object                          0x08008a4e   Section        0  cjson.o(i.suffix_object)
    suffix_object                            0x08008a4f   Thumb Code     6  cjson.o(i.suffix_object)
    i.tiemr2_Ch1_Pwm_Init                    0x08008a54   Section        0  timer.o(i.tiemr2_Ch1_Pwm_Init)
    i.update                                 0x08008ae4   Section        0  cjson.o(i.update)
    update                                   0x08008ae5   Thumb Code    32  cjson.o(i.update)
    .constdata                               0x08008b04   Section     6424  oled.o(.constdata)
    .constdata                               0x0800a41c   Section      192  base64.o(.constdata)
    base64_enc_map                           0x0800a41c   Data          64  base64.o(.constdata)
    base64_dec_map                           0x0800a45c   Data         128  base64.o(.constdata)
    .constdata                               0x0800a4dc   Section        7  cjson.o(.constdata)
    firstByteMark                            0x0800a4dc   Data           7  cjson.o(.constdata)
    .constdata                               0x0800a4e8   Section      136  pow.o(.constdata)
    bp                                       0x0800a4e8   Data          16  pow.o(.constdata)
    dp_h                                     0x0800a4f8   Data          16  pow.o(.constdata)
    dp_l                                     0x0800a508   Data          16  pow.o(.constdata)
    L                                        0x0800a518   Data          48  pow.o(.constdata)
    P                                        0x0800a548   Data          40  pow.o(.constdata)
    .constdata                               0x0800a570   Section        8  qnan.o(.constdata)
    .constdata                               0x0800a578   Section       64  ctype_c.o(.constdata)
    .conststring                             0x0800a5b8   Section       71  onenet.o(.conststring)
    .data                                    0x20000000   Section       25  main.o(.data)
    temp_value                               0x20000014   Data           1  main.o(.data)
    init_done                                0x20000015   Data           1  main.o(.data)
    bh1750_check_counter                     0x20000016   Data           2  main.o(.data)
    last_minute                              0x20000018   Data           1  main.o(.data)
    .data                                    0x2000001c   Section        8  stm32f10x_it.o(.data)
    nms                                      0x20000022   Data           2  stm32f10x_it.o(.data)
    .data                                    0x20000024   Section       20  system_stm32f10x.o(.data)
    .data                                    0x20000038   Section       20  stm32f10x_rcc.o(.data)
    APBAHBPrescTable                         0x20000038   Data          16  stm32f10x_rcc.o(.data)
    ADCPrescTable                            0x20000048   Data           4  stm32f10x_rcc.o(.data)
    .data                                    0x2000004c   Section       13  key.o(.data)
    key1_press_time                          0x2000004e   Data           2  key.o(.data)
    key2_press_time                          0x20000050   Data           2  key.o(.data)
    key3_press_time                          0x20000052   Data           2  key.o(.data)
    key1_state                               0x20000054   Data           1  key.o(.data)
    key2_state                               0x20000055   Data           1  key.o(.data)
    key3_state                               0x20000056   Data           1  key.o(.data)
    key_status                               0x20000057   Data           1  key.o(.data)
    tmp                                      0x20000058   Data           1  key.o(.data)
    .data                                    0x2000005a   Section        3  delay.o(.data)
    .data                                    0x2000005e   Section        4  esp8266.o(.data)
    .data                                    0x20000062   Section        2  onenet.o(.data)
    pkt_id                                   0x20000062   Data           2  onenet.o(.data)
    .data                                    0x20000064   Section       12  cjson.o(.data)
    ep                                       0x20000064   Data           4  cjson.o(.data)
    cJSON_malloc                             0x20000068   Data           4  cjson.o(.data)
    .data                                    0x20000070   Section        4  mvars.o(.data)
    .data                                    0x20000074   Section        4  mvars.o(.data)
    .data                                    0x20000078   Section        4  errno.o(.data)
    _errno                                   0x20000078   Data           4  errno.o(.data)
    .bss                                     0x2000007c   Section       36  main.o(.bss)
    .bss                                     0x200000a0   Section      160  esp8266.o(.bss)
    HEAP                                     0x20000140   Section      512  startup_stm32f10x_md.o(HEAP)
    STACK                                    0x20000340   Section     2048  startup_stm32f10x_md.o(STACK)

    Global Symbols

    Symbol Name                              Value     Ov Type        Size  Object(Section)

    BuildAttributes$$THM_ISAv4$P$D$K$B$S$PE$A:L22UL41UL21$X:L11$S22US41US21$IEEE1$IW$USESV6$~STKCKD$USESV7$~SHL$OTIME$ROPI$IEEEX$EBA8$MICROLIB$REQ8$PRES8$EABIv2 0x00000000   Number         0  anon$$obj.o ABSOLUTE
    __ARM_use_no_argv                        0x00000000   Number         0  main.o ABSOLUTE
    _printf_a                                0x00000000   Number         0  stubs.o ABSOLUTE
    _printf_c                                0x00000000   Number         0  stubs.o ABSOLUTE
    _printf_charcount                        0x00000000   Number         0  stubs.o ABSOLUTE
    _printf_d                                0x00000000   Number         0  stubs.o ABSOLUTE
    _printf_e                                0x00000000   Number         0  stubs.o ABSOLUTE
    _printf_f                                0x00000000   Number         0  stubs.o ABSOLUTE
    _printf_flags                            0x00000000   Number         0  stubs.o ABSOLUTE
    _printf_fp_dec                           0x00000000   Number         0  stubs.o ABSOLUTE
    _printf_fp_hex                           0x00000000   Number         0  stubs.o ABSOLUTE
    _printf_g                                0x00000000   Number         0  stubs.o ABSOLUTE
    _printf_i                                0x00000000   Number         0  stubs.o ABSOLUTE
    _printf_int_dec                          0x00000000   Number         0  stubs.o ABSOLUTE
    _printf_l                                0x00000000   Number         0  stubs.o ABSOLUTE
    _printf_lc                               0x00000000   Number         0  stubs.o ABSOLUTE
    _printf_ll                               0x00000000   Number         0  stubs.o ABSOLUTE
    _printf_lld                              0x00000000   Number         0  stubs.o ABSOLUTE
    _printf_lli                              0x00000000   Number         0  stubs.o ABSOLUTE
    _printf_llo                              0x00000000   Number         0  stubs.o ABSOLUTE
    _printf_llu                              0x00000000   Number         0  stubs.o ABSOLUTE
    _printf_llx                              0x00000000   Number         0  stubs.o ABSOLUTE
    _printf_longlong_dec                     0x00000000   Number         0  stubs.o ABSOLUTE
    _printf_longlong_hex                     0x00000000   Number         0  stubs.o ABSOLUTE
    _printf_longlong_oct                     0x00000000   Number         0  stubs.o ABSOLUTE
    _printf_ls                               0x00000000   Number         0  stubs.o ABSOLUTE
    _printf_mbtowc                           0x00000000   Number         0  stubs.o ABSOLUTE
    _printf_n                                0x00000000   Number         0  stubs.o ABSOLUTE
    _printf_o                                0x00000000   Number         0  stubs.o ABSOLUTE
    _printf_p                                0x00000000   Number         0  stubs.o ABSOLUTE
    _printf_percent                          0x00000000   Number         0  stubs.o ABSOLUTE
    _printf_pre_padding                      0x00000000   Number         0  stubs.o ABSOLUTE
    _printf_return_value                     0x00000000   Number         0  stubs.o ABSOLUTE
    _printf_s                                0x00000000   Number         0  stubs.o ABSOLUTE
    _printf_sizespec                         0x00000000   Number         0  stubs.o ABSOLUTE
    _printf_str                              0x00000000   Number         0  stubs.o ABSOLUTE
    _printf_truncate_signed                  0x00000000   Number         0  stubs.o ABSOLUTE
    _printf_truncate_unsigned                0x00000000   Number         0  stubs.o ABSOLUTE
    _printf_u                                0x00000000   Number         0  stubs.o ABSOLUTE
    _printf_wc                               0x00000000   Number         0  stubs.o ABSOLUTE
    _printf_wctomb                           0x00000000   Number         0  stubs.o ABSOLUTE
    _printf_widthprec                        0x00000000   Number         0  stubs.o ABSOLUTE
    _printf_x                                0x00000000   Number         0  stubs.o ABSOLUTE
    __arm_fini_                               - Undefined Weak Reference
    __cpp_initialize__aeabi_                  - Undefined Weak Reference
    __cxa_finalize                            - Undefined Weak Reference
    __decompress                              - Undefined Weak Reference
    _clock_init                               - Undefined Weak Reference
    _microlib_exit                            - Undefined Weak Reference
    _scanf_longlong                           - Undefined Weak Reference
    _scanf_real                               - Undefined Weak Reference
    __Vectors_Size                           0x000000ec   Number         0  startup_stm32f10x_md.o ABSOLUTE
    __Vectors                                0x08000000   Data           4  startup_stm32f10x_md.o(RESET)
    __Vectors_End                            0x080000ec   Data           0  startup_stm32f10x_md.o(RESET)
    __main                                   0x080000ed   Thumb Code     0  entry.o(.ARM.Collect$$$$00000000)
    _main_stk                                0x080000ed   Thumb Code     0  entry2.o(.ARM.Collect$$$$00000001)
    _main_scatterload                        0x080000f1   Thumb Code     0  entry5.o(.ARM.Collect$$$$00000004)
    __main_after_scatterload                 0x080000f5   Thumb Code     0  entry5.o(.ARM.Collect$$$$00000004)
    _main_clock                              0x080000f5   Thumb Code     0  entry7b.o(.ARM.Collect$$$$00000008)
    _main_cpp_init                           0x080000f5   Thumb Code     0  entry8b.o(.ARM.Collect$$$$0000000A)
    _main_init                               0x080000f5   Thumb Code     0  entry9a.o(.ARM.Collect$$$$0000000B)
    __rt_lib_shutdown_fini                   0x080000fd   Thumb Code     0  entry12b.o(.ARM.Collect$$$$0000000E)
    __rt_final_cpp                           0x08000101   Thumb Code     0  entry10a.o(.ARM.Collect$$$$0000000F)
    __rt_final_exit                          0x08000101   Thumb Code     0  entry11a.o(.ARM.Collect$$$$00000011)
    Reset_Handler                            0x08000105   Thumb Code     8  startup_stm32f10x_md.o(.text)
    PendSV_Handler                           0x0800011b   Thumb Code     2  startup_stm32f10x_md.o(.text)
    ADC1_2_IRQHandler                        0x0800011f   Thumb Code     0  startup_stm32f10x_md.o(.text)
    CAN1_RX1_IRQHandler                      0x0800011f   Thumb Code     0  startup_stm32f10x_md.o(.text)
    CAN1_SCE_IRQHandler                      0x0800011f   Thumb Code     0  startup_stm32f10x_md.o(.text)
    DMA1_Channel1_IRQHandler                 0x0800011f   Thumb Code     0  startup_stm32f10x_md.o(.text)
    DMA1_Channel2_IRQHandler                 0x0800011f   Thumb Code     0  startup_stm32f10x_md.o(.text)
    DMA1_Channel3_IRQHandler                 0x0800011f   Thumb Code     0  startup_stm32f10x_md.o(.text)
    DMA1_Channel4_IRQHandler                 0x0800011f   Thumb Code     0  startup_stm32f10x_md.o(.text)
    DMA1_Channel5_IRQHandler                 0x0800011f   Thumb Code     0  startup_stm32f10x_md.o(.text)
    DMA1_Channel6_IRQHandler                 0x0800011f   Thumb Code     0  startup_stm32f10x_md.o(.text)
    DMA1_Channel7_IRQHandler                 0x0800011f   Thumb Code     0  startup_stm32f10x_md.o(.text)
    EXTI15_10_IRQHandler                     0x0800011f   Thumb Code     0  startup_stm32f10x_md.o(.text)
    EXTI1_IRQHandler                         0x0800011f   Thumb Code     0  startup_stm32f10x_md.o(.text)
    EXTI2_IRQHandler                         0x0800011f   Thumb Code     0  startup_stm32f10x_md.o(.text)
    EXTI3_IRQHandler                         0x0800011f   Thumb Code     0  startup_stm32f10x_md.o(.text)
    EXTI4_IRQHandler                         0x0800011f   Thumb Code     0  startup_stm32f10x_md.o(.text)
    EXTI9_5_IRQHandler                       0x0800011f   Thumb Code     0  startup_stm32f10x_md.o(.text)
    FLASH_IRQHandler                         0x0800011f   Thumb Code     0  startup_stm32f10x_md.o(.text)
    I2C1_ER_IRQHandler                       0x0800011f   Thumb Code     0  startup_stm32f10x_md.o(.text)
    I2C1_EV_IRQHandler                       0x0800011f   Thumb Code     0  startup_stm32f10x_md.o(.text)
    I2C2_ER_IRQHandler                       0x0800011f   Thumb Code     0  startup_stm32f10x_md.o(.text)
    I2C2_EV_IRQHandler                       0x0800011f   Thumb Code     0  startup_stm32f10x_md.o(.text)
    PVD_IRQHandler                           0x0800011f   Thumb Code     0  startup_stm32f10x_md.o(.text)
    RCC_IRQHandler                           0x0800011f   Thumb Code     0  startup_stm32f10x_md.o(.text)
    RTCAlarm_IRQHandler                      0x0800011f   Thumb Code     0  startup_stm32f10x_md.o(.text)
    SPI1_IRQHandler                          0x0800011f   Thumb Code     0  startup_stm32f10x_md.o(.text)
    SPI2_IRQHandler                          0x0800011f   Thumb Code     0  startup_stm32f10x_md.o(.text)
    TAMPER_IRQHandler                        0x0800011f   Thumb Code     0  startup_stm32f10x_md.o(.text)
    TIM1_BRK_IRQHandler                      0x0800011f   Thumb Code     0  startup_stm32f10x_md.o(.text)
    TIM1_CC_IRQHandler                       0x0800011f   Thumb Code     0  startup_stm32f10x_md.o(.text)
    TIM1_TRG_COM_IRQHandler                  0x0800011f   Thumb Code     0  startup_stm32f10x_md.o(.text)
    TIM1_UP_IRQHandler                       0x0800011f   Thumb Code     0  startup_stm32f10x_md.o(.text)
    TIM2_IRQHandler                          0x0800011f   Thumb Code     0  startup_stm32f10x_md.o(.text)
    TIM3_IRQHandler                          0x0800011f   Thumb Code     0  startup_stm32f10x_md.o(.text)
    TIM4_IRQHandler                          0x0800011f   Thumb Code     0  startup_stm32f10x_md.o(.text)
    USART3_IRQHandler                        0x0800011f   Thumb Code     0  startup_stm32f10x_md.o(.text)
    USBWakeUp_IRQHandler                     0x0800011f   Thumb Code     0  startup_stm32f10x_md.o(.text)
    USB_HP_CAN1_TX_IRQHandler                0x0800011f   Thumb Code     0  startup_stm32f10x_md.o(.text)
    USB_LP_CAN1_RX0_IRQHandler               0x0800011f   Thumb Code     0  startup_stm32f10x_md.o(.text)
    WWDG_IRQHandler                          0x0800011f   Thumb Code     0  startup_stm32f10x_md.o(.text)
    tolower                                  0x08000129   Thumb Code    12  tolower.o(.text)
    __aeabi_memcpy                           0x08000135   Thumb Code    36  memcpya.o(.text)
    __aeabi_memcpy4                          0x08000135   Thumb Code     0  memcpya.o(.text)
    __aeabi_memcpy8                          0x08000135   Thumb Code     0  memcpya.o(.text)
    __aeabi_memset                           0x08000159   Thumb Code    14  memseta.o(.text)
    __aeabi_memset4                          0x08000159   Thumb Code     0  memseta.o(.text)
    __aeabi_memset8                          0x08000159   Thumb Code     0  memseta.o(.text)
    __aeabi_memclr                           0x08000167   Thumb Code     4  memseta.o(.text)
    __aeabi_memclr4                          0x08000167   Thumb Code     0  memseta.o(.text)
    __aeabi_memclr8                          0x08000167   Thumb Code     0  memseta.o(.text)
    _memset$wrapper                          0x0800016b   Thumb Code    18  memseta.o(.text)
    strcat                                   0x0800017d   Thumb Code    24  strcat.o(.text)
    strstr                                   0x08000195   Thumb Code    36  strstr.o(.text)
    strchr                                   0x080001b9   Thumb Code    20  strchr.o(.text)
    strlen                                   0x080001cd   Thumb Code    14  strlen.o(.text)
    strncat                                  0x080001db   Thumb Code    40  strncat.o(.text)
    strcpy                                   0x08000203   Thumb Code    18  strcpy.o(.text)
    strncmp                                  0x08000215   Thumb Code    30  strncmp.o(.text)
    __0sscanf                                0x08000235   Thumb Code    48  __0sscanf.o(.text)
    _scanf_int                               0x0800026d   Thumb Code   332  _scanf_int.o(.text)
    _scanf_string                            0x080003b9   Thumb Code   224  _scanf_str.o(.text)
    __aeabi_dadd                             0x08000499   Thumb Code   322  dadd.o(.text)
    __aeabi_dsub                             0x080005db   Thumb Code     6  dadd.o(.text)
    __aeabi_drsub                            0x080005e1   Thumb Code     6  dadd.o(.text)
    __aeabi_dmul                             0x080005e7   Thumb Code   228  dmul.o(.text)
    __aeabi_ddiv                             0x080006cb   Thumb Code   222  ddiv.o(.text)
    __aeabi_i2d                              0x080007a9   Thumb Code    34  dflti.o(.text)
    __aeabi_ui2d                             0x080007cb   Thumb Code    26  dfltui.o(.text)
    __aeabi_d2iz                             0x080007e5   Thumb Code    62  dfixi.o(.text)
    __aeabi_f2d                              0x08000823   Thumb Code    38  f2d.o(.text)
    __aeabi_cdcmpeq                          0x08000849   Thumb Code     0  cdcmple.o(.text)
    __aeabi_cdcmple                          0x08000849   Thumb Code    48  cdcmple.o(.text)
    __aeabi_cdrcmple                         0x08000879   Thumb Code    48  cdrcmple.o(.text)
    __aeabi_d2f                              0x080008a9   Thumb Code    56  d2f.o(.text)
    __aeabi_cfcmpeq                          0x080008e1   Thumb Code     0  cfcmple.o(.text)
    __aeabi_cfcmple                          0x080008e1   Thumb Code    20  cfcmple.o(.text)
    __aeabi_cfrcmple                         0x080008f5   Thumb Code    20  cfrcmple.o(.text)
    __aeabi_uidiv                            0x08000909   Thumb Code     0  uidiv.o(.text)
    __aeabi_uidivmod                         0x08000909   Thumb Code    44  uidiv.o(.text)
    __aeabi_uldivmod                         0x08000935   Thumb Code    98  uldiv.o(.text)
    __aeabi_llsl                             0x08000997   Thumb Code    30  llshl.o(.text)
    _ll_shift_l                              0x08000997   Thumb Code     0  llshl.o(.text)
    __aeabi_llsr                             0x080009b5   Thumb Code    32  llushr.o(.text)
    _ll_ushift_r                             0x080009b5   Thumb Code     0  llushr.o(.text)
    __aeabi_lasr                             0x080009d5   Thumb Code    36  llsshr.o(.text)
    _ll_sshift_r                             0x080009d5   Thumb Code     0  llsshr.o(.text)
    _chval                                   0x080009f9   Thumb Code    28  _chval.o(.text)
    __vfscanf_char                           0x08000a21   Thumb Code    20  scanf_char.o(.text)
    _sgetc                                   0x08000a3d   Thumb Code    30  _sgetc.o(.text)
    _sbackspace                              0x08000a5b   Thumb Code    34  _sgetc.o(.text)
    __I$use$fp                               0x08000a7d   Thumb Code     0  iusefp.o(.text)
    _float_round                             0x08000a7d   Thumb Code    18  fepilogue.o(.text)
    _float_epilogue                          0x08000a8f   Thumb Code    92  fepilogue.o(.text)
    _double_round                            0x08000aeb   Thumb Code    30  depilogue.o(.text)
    _double_epilogue                         0x08000b09   Thumb Code   156  depilogue.o(.text)
    __ARM_scalbn                             0x08000ba5   Thumb Code    46  dscalb.o(.text)
    scalbn                                   0x08000ba5   Thumb Code     0  dscalb.o(.text)
    __aeabi_d2ulz                            0x08000bd3   Thumb Code    48  dfixul.o(.text)
    __scatterload                            0x08000c05   Thumb Code    28  init.o(.text)
    __scatterload_rt2                        0x08000c05   Thumb Code     0  init.o(.text)
    isspace                                  0x08000c29   Thumb Code    10  isspace_c.o(.text)
    __vfscanf                                0x08000c35   Thumb Code   810  _scanf.o(.text)
    _dsqrt                                   0x08000f65   Thumb Code   162  dsqrt.o(.text)
    __ctype_lookup                           0x08001009   Thumb Code    34  ctype_c.o(.text)
    AngleToPWM                               0x08001031   Thumb Code    18  main.o(i.AngleToPWM)
    BASE64_Decode                            0x08001045   Thumb Code   360  base64.o(i.BASE64_Decode)
    BASE64_Encode                            0x080011b1   Thumb Code   320  base64.o(i.BASE64_Encode)
    BusFault_Handler                         0x080012f5   Thumb Code     4  stm32f10x_it.o(i.BusFault_Handler)
    DebugMon_Handler                         0x080012f9   Thumb Code     2  stm32f10x_it.o(i.DebugMon_Handler)
    DisplayMenu                              0x080012fd   Thumb Code   226  main.o(i.DisplayMenu)
    DisplayTimeSchedule                      0x08001475   Thumb Code    68  main.o(i.DisplayTimeSchedule)
    ESP8266_Clear                            0x080014d9   Thumb Code    18  esp8266.o(i.ESP8266_Clear)
    ESP8266_GetIPD                           0x080014f5   Thumb Code    68  esp8266.o(i.ESP8266_GetIPD)
    ESP8266_GetNTPTime                       0x08001545   Thumb Code   184  esp8266.o(i.ESP8266_GetNTPTime)
    ESP8266_Init                             0x080016c1   Thumb Code   404  esp8266.o(i.ESP8266_Init)
    ESP8266_SendCmd                          0x08001a6d   Thumb Code    76  esp8266.o(i.ESP8266_SendCmd)
    ESP8266_SendData                         0x08001ac1   Thumb Code    46  esp8266.o(i.ESP8266_SendData)
    ESP8266_WaitRecive                       0x08001b09   Thumb Code    42  esp8266.o(i.ESP8266_WaitRecive)
    EXTI0_IRQHandler                         0x08001b3d   Thumb Code     2  stm32f10x_it.o(i.EXTI0_IRQHandler)
    GPIO_Init                                0x08001b3f   Thumb Code   278  stm32f10x_gpio.o(i.GPIO_Init)
    GPIO_PinRemapConfig                      0x08001c55   Thumb Code   138  stm32f10x_gpio.o(i.GPIO_PinRemapConfig)
    GPIO_ReadInputDataBit                    0x08001ce5   Thumb Code    18  stm32f10x_gpio.o(i.GPIO_ReadInputDataBit)
    GPIO_SetBits                             0x08001cf7   Thumb Code     4  stm32f10x_gpio.o(i.GPIO_SetBits)
    HardFault_Handler                        0x08001cfb   Thumb Code     4  stm32f10x_it.o(i.HardFault_Handler)
    Hardware_Init                            0x08001d01   Thumb Code   244  main.o(i.Hardware_Init)
    I2C_CheckEvent                           0x08001e8d   Thumb Code    42  stm32f10x_i2c.o(i.I2C_CheckEvent)
    I2C_Cmd                                  0x08001eb7   Thumb Code    24  stm32f10x_i2c.o(i.I2C_Cmd)
    I2C_Configuration                        0x08001ed1   Thumb Code   128  oled.o(i.I2C_Configuration)
    I2C_DeInit                               0x08001f5d   Thumb Code    50  stm32f10x_i2c.o(i.I2C_DeInit)
    I2C_GenerateSTART                        0x08001f95   Thumb Code    24  stm32f10x_i2c.o(i.I2C_GenerateSTART)
    I2C_GenerateSTOP                         0x08001fad   Thumb Code    24  stm32f10x_i2c.o(i.I2C_GenerateSTOP)
    I2C_GetFlagStatus                        0x08001fc5   Thumb Code    58  stm32f10x_i2c.o(i.I2C_GetFlagStatus)
    I2C_Init                                 0x08002001   Thumb Code   222  stm32f10x_i2c.o(i.I2C_Init)
    I2C_Send7bitAddress                      0x080020ed   Thumb Code    18  stm32f10x_i2c.o(i.I2C_Send7bitAddress)
    I2C_SendData                             0x080020ff   Thumb Code     4  stm32f10x_i2c.o(i.I2C_SendData)
    I2C_WriteByte                            0x08002105   Thumb Code   126  oled.o(i.I2C_WriteByte)
    IIC_Ack                                  0x08002191   Thumb Code    66  myiic.o(i.IIC_Ack)
    IIC_NAck                                 0x080021e1   Thumb Code    66  myiic.o(i.IIC_NAck)
    IIC_Read_Byte                            0x08002231   Thumb Code    98  myiic.o(i.IIC_Read_Byte)
    IIC_Send_Byte                            0x080022a1   Thumb Code   104  myiic.o(i.IIC_Send_Byte)
    IIC_Start                                0x08002315   Thumb Code    64  myiic.o(i.IIC_Start)
    IIC_Stop                                 0x08002361   Thumb Code    70  myiic.o(i.IIC_Stop)
    IIC_Wait_Ack                             0x080023b5   Thumb Code    86  myiic.o(i.IIC_Wait_Ack)
    Init_BH1750                              0x08002419   Thumb Code    52  bh1750.o(i.Init_BH1750)
    IsInTimeSchedule                         0x08002451   Thumb Code   104  main.o(i.IsInTimeSchedule)
    LightToFixedAngle                        0x080024c1   Thumb Code    64  main.o(i.LightToFixedAngle)
    MQTT_DeleteBuffer                        0x08002511   Thumb Code    28  mqttkit.o(i.MQTT_DeleteBuffer)
    MQTT_DumpLength                          0x0800252d   Thumb Code    46  mqttkit.o(i.MQTT_DumpLength)
    MQTT_NewBuffer                           0x0800255b   Thumb Code    88  mqttkit.o(i.MQTT_NewBuffer)
    MQTT_PacketConnect                       0x080025b5   Thumb Code   666  mqttkit.o(i.MQTT_PacketConnect)
    MQTT_PacketPublish                       0x08002855   Thumb Code   440  mqttkit.o(i.MQTT_PacketPublish)
    MQTT_PacketSaveData                      0x08002a0d   Thumb Code    66  mqttkit.o(i.MQTT_PacketSaveData)
    MQTT_PacketSubscribe                     0x08002a71   Thumb Code   254  mqttkit.o(i.MQTT_PacketSubscribe)
    MQTT_ReadLength                          0x08002b6f   Thumb Code    70  mqttkit.o(i.MQTT_ReadLength)
    MQTT_UnPacketConnectAck                  0x08002bb5   Thumb Code    30  mqttkit.o(i.MQTT_UnPacketConnectAck)
    MQTT_UnPacketPublish                     0x08002bd5   Thumb Code   438  mqttkit.o(i.MQTT_UnPacketPublish)
    MQTT_UnPacketPublishAck                  0x08002d95   Thumb Code    30  mqttkit.o(i.MQTT_UnPacketPublishAck)
    MQTT_UnPacketRecv                        0x08002db5   Thumb Code   106  mqttkit.o(i.MQTT_UnPacketRecv)
    MQTT_UnPacketSubscribe                   0x08002e29   Thumb Code    52  mqttkit.o(i.MQTT_UnPacketSubscribe)
    MemManage_Handler                        0x08002e5d   Thumb Code     4  stm32f10x_it.o(i.MemManage_Handler)
    NMI_Handler                              0x08002e61   Thumb Code     2  stm32f10x_it.o(i.NMI_Handler)
    NVIC_Init                                0x08002e65   Thumb Code   100  misc.o(i.NVIC_Init)
    NVIC_PriorityGroupConfig                 0x08002ed5   Thumb Code    10  misc.o(i.NVIC_PriorityGroupConfig)
    OLED_CLS                                 0x08002ee9   Thumb Code    10  oled.o(i.OLED_CLS)
    OLED_Fill                                0x08002ef3   Thumb Code    58  oled.o(i.OLED_Fill)
    OLED_Init                                0x08002f2d   Thumb Code   182  oled.o(i.OLED_Init)
    OLED_SetPos                              0x08002fe3   Thumb Code    40  oled.o(i.OLED_SetPos)
    OLED_ShowStr                             0x0800300d   Thumb Code   228  oled.o(i.OLED_ShowStr)
    OneNET_Publish                           0x080033ad   Thumb Code    86  onenet.o(i.OneNET_Publish)
    OneNET_Subscribe                         0x08003429   Thumb Code    82  onenet.o(i.OneNET_Subscribe)
    OneNet_DevLink                           0x080034c9   Thumb Code   242  onenet.o(i.OneNet_DevLink)
    OneNet_FillBuf                           0x08003745   Thumb Code   136  onenet.o(i.OneNet_FillBuf)
    OneNet_RevPro                            0x08003839   Thumb Code   268  onenet.o(i.OneNet_RevPro)
    OneNet_SendData                          0x080039e5   Thumb Code   140  onenet.o(i.OneNet_SendData)
    ParseNTPTime                             0x08003ae5   Thumb Code   278  esp8266.o(i.ParseNTPTime)
    ProcessMenuOperation                     0x08003c49   Thumb Code   792  main.o(i.ProcessMenuOperation)
    RCC_APB1PeriphClockCmd                   0x08003fd9   Thumb Code    26  stm32f10x_rcc.o(i.RCC_APB1PeriphClockCmd)
    RCC_APB1PeriphResetCmd                   0x08003ff9   Thumb Code    26  stm32f10x_rcc.o(i.RCC_APB1PeriphResetCmd)
    RCC_APB2PeriphClockCmd                   0x08004019   Thumb Code    26  stm32f10x_rcc.o(i.RCC_APB2PeriphClockCmd)
    RCC_GetClocksFreq                        0x08004039   Thumb Code   192  stm32f10x_rcc.o(i.RCC_GetClocksFreq)
    RTC_IRQHandler                           0x0800410d   Thumb Code     2  stm32f10x_it.o(i.RTC_IRQHandler)
    ReadBH1750Light                          0x08004111   Thumb Code   174  main.o(i.ReadBH1750Light)
    SVC_Handler                              0x08004261   Thumb Code     2  stm32f10x_it.o(i.SVC_Handler)
    Send_Property_Response                   0x08004265   Thumb Code   152  onenet.o(i.Send_Property_Response)
    Single_Write_BH1750                      0x08004431   Thumb Code    26  bh1750.o(i.Single_Write_BH1750)
    SysTick_Handler                          0x0800444d   Thumb Code    96  stm32f10x_it.o(i.SysTick_Handler)
    SystemInit                               0x080044c1   Thumb Code    78  system_stm32f10x.o(i.SystemInit)
    TIM_Cmd                                  0x08004521   Thumb Code    24  stm32f10x_tim.o(i.TIM_Cmd)
    TIM_OC1Init                              0x08004539   Thumb Code   132  stm32f10x_tim.o(i.TIM_OC1Init)
    TIM_OC2Init                              0x080045d1   Thumb Code   154  stm32f10x_tim.o(i.TIM_OC2Init)
    TIM_SetCompare1                          0x08004675   Thumb Code     4  stm32f10x_tim.o(i.TIM_SetCompare1)
    TIM_SetCompare2                          0x08004679   Thumb Code     4  stm32f10x_tim.o(i.TIM_SetCompare2)
    TIM_TimeBaseInit                         0x0800467d   Thumb Code   122  stm32f10x_tim.o(i.TIM_TimeBaseInit)
    USART1_IRQHandler                        0x08004721   Thumb Code    24  usart.o(i.USART1_IRQHandler)
    USART2_IRQHandler                        0x0800473d   Thumb Code    62  esp8266.o(i.USART2_IRQHandler)
    USART_ClearFlag                          0x08004789   Thumb Code    18  stm32f10x_usart.o(i.USART_ClearFlag)
    USART_Cmd                                0x0800479b   Thumb Code    24  stm32f10x_usart.o(i.USART_Cmd)
    USART_GetFlagStatus                      0x080047b3   Thumb Code    26  stm32f10x_usart.o(i.USART_GetFlagStatus)
    USART_GetITStatus                        0x080047cd   Thumb Code    84  stm32f10x_usart.o(i.USART_GetITStatus)
    USART_ITConfig                           0x08004821   Thumb Code    74  stm32f10x_usart.o(i.USART_ITConfig)
    USART_Init                               0x0800486d   Thumb Code   210  stm32f10x_usart.o(i.USART_Init)
    USART_SendData                           0x08004945   Thumb Code     8  stm32f10x_usart.o(i.USART_SendData)
    UpdateClock                              0x0800494d   Thumb Code   270  esp8266.o(i.UpdateClock)
    UsageFault_Handler                       0x08004aa9   Thumb Code     4  stm32f10x_it.o(i.UsageFault_Handler)
    Usart1_Init                              0x08004aad   Thumb Code   166  usart.o(i.Usart1_Init)
    Usart2_Init                              0x08004b5d   Thumb Code   162  usart.o(i.Usart2_Init)
    UsartPrintf                              0x08004c09   Thumb Code    72  usart.o(i.UsartPrintf)
    Usart_SendString                         0x08004c51   Thumb Code    50  usart.o(i.Usart_SendString)
    WriteCmd                                 0x08004c83   Thumb Code    14  oled.o(i.WriteCmd)
    WriteData                                0x08004c91   Thumb Code    14  oled.o(i.WriteData)
    __0snprintf                              0x08004ca1   Thumb Code    48  printfa.o(i.__0snprintf)
    __1snprintf                              0x08004ca1   Thumb Code     0  printfa.o(i.__0snprintf)
    __2snprintf                              0x08004ca1   Thumb Code     0  printfa.o(i.__0snprintf)
    __c89snprintf                            0x08004ca1   Thumb Code     0  printfa.o(i.__0snprintf)
    snprintf                                 0x08004ca1   Thumb Code     0  printfa.o(i.__0snprintf)
    __0sprintf                               0x08004cd5   Thumb Code    34  printfa.o(i.__0sprintf)
    __1sprintf                               0x08004cd5   Thumb Code     0  printfa.o(i.__0sprintf)
    __2sprintf                               0x08004cd5   Thumb Code     0  printfa.o(i.__0sprintf)
    __c89sprintf                             0x08004cd5   Thumb Code     0  printfa.o(i.__0sprintf)
    sprintf                                  0x08004cd5   Thumb Code     0  printfa.o(i.__0sprintf)
    __0vsnprintf                             0x08004cfd   Thumb Code    46  printfa.o(i.__0vsnprintf)
    __1vsnprintf                             0x08004cfd   Thumb Code     0  printfa.o(i.__0vsnprintf)
    __2vsnprintf                             0x08004cfd   Thumb Code     0  printfa.o(i.__0vsnprintf)
    __c89vsnprintf                           0x08004cfd   Thumb Code     0  printfa.o(i.__0vsnprintf)
    vsnprintf                                0x08004cfd   Thumb Code     0  printfa.o(i.__0vsnprintf)
    __ARM_fpclassify                         0x08004d31   Thumb Code    40  fpclassify.o(i.__ARM_fpclassify)
    __kernel_poly                            0x08004d59   Thumb Code   170  poly.o(i.__kernel_poly)
    __mathlib_dbl_divzero                    0x08004e05   Thumb Code    12  dunder.o(i.__mathlib_dbl_divzero)
    __mathlib_dbl_infnan2                    0x08004e15   Thumb Code     4  dunder.o(i.__mathlib_dbl_infnan2)
    __mathlib_dbl_invalid                    0x08004e19   Thumb Code    12  dunder.o(i.__mathlib_dbl_invalid)
    __mathlib_dbl_overflow                   0x08004e25   Thumb Code    14  dunder.o(i.__mathlib_dbl_overflow)
    __mathlib_dbl_underflow                  0x08004e35   Thumb Code    10  dunder.o(i.__mathlib_dbl_underflow)
    __scatterload_copy                       0x08004e45   Thumb Code    14  handlers.o(i.__scatterload_copy)
    __scatterload_null                       0x08004e53   Thumb Code     2  handlers.o(i.__scatterload_null)
    __scatterload_zeroinit                   0x08004e55   Thumb Code    14  handlers.o(i.__scatterload_zeroinit)
    __set_errno                              0x08004e65   Thumb Code     6  errno.o(i.__set_errno)
    beep_Init                                0x0800571d   Thumb Code    48  key.o(i.beep_Init)
    bh_data_read                             0x08005751   Thumb Code    46  bh1750.o(i.bh_data_read)
    bh_data_send                             0x0800577f   Thumb Code    40  bh1750.o(i.bh_data_send)
    cJSON_AddItemToArray                     0x080057a7   Thumb Code    42  cjson.o(i.cJSON_AddItemToArray)
    cJSON_AddItemToObject                    0x080057d1   Thumb Code    44  cjson.o(i.cJSON_AddItemToObject)
    cJSON_CreateNumber                       0x08005801   Thumb Code    36  cjson.o(i.cJSON_CreateNumber)
    cJSON_CreateObject                       0x08005825   Thumb Code    18  cjson.o(i.cJSON_CreateObject)
    cJSON_CreateString                       0x08005837   Thumb Code    28  cjson.o(i.cJSON_CreateString)
    cJSON_Delete                             0x08005855   Thumb Code    82  cjson.o(i.cJSON_Delete)
    cJSON_GetObjectItem                      0x080058ad   Thumb Code    30  cjson.o(i.cJSON_GetObjectItem)
    cJSON_Parse                              0x080058ed   Thumb Code    16  cjson.o(i.cJSON_Parse)
    cJSON_ParseWithOpts                      0x080058fd   Thumb Code    96  cjson.o(i.cJSON_ParseWithOpts)
    cJSON_PrintUnformatted                   0x08005961   Thumb Code    18  cjson.o(i.cJSON_PrintUnformatted)
    delay_Init                               0x080059ed   Thumb Code    84  delay.o(i.delay_Init)
    delay_us                                 0x08005a4d   Thumb Code    64  delay.o(i.delay_us)
    delayms                                  0x08005a8d   Thumb Code    16  delay.o(i.delayms)
    floor                                    0x08005b11   Thumb Code   204  floor.o(i.floor)
    free                                     0x08005bed   Thumb Code    76  malloc.o(i.free)
    ft                                       0x08005c3d   Thumb Code    76  hmac_sha1.o(i.ft)
    hmac_sha1                                0x08005c89   Thumb Code   302  hmac_sha1.o(i.hmac_sha1)
    k                                        0x08005db9   Thumb Code    34  hmac_sha1.o(i.k)
    key_Functoin                             0x08005ded   Thumb Code   512  key.o(i.key_Functoin)
    key_Init                                 0x080061a5   Thumb Code    94  key.o(i.key_Init)
    main                                     0x08006211   Thumb Code  1976  main.o(i.main)
    malloc                                   0x08006ab1   Thumb Code    92  malloc.o(i.malloc)
    pow                                      0x08007235   Thumb Code  2512  pow.o(i.pow)
    rotl                                     0x0800873d   Thumb Code    46  hmac_sha1.o(i.rotl)
    sha1                                     0x0800876d   Thumb Code   632  hmac_sha1.o(i.sha1)
    sqrt                                     0x08008a03   Thumb Code    76  sqrt.o(i.sqrt)
    tiemr2_Ch1_Pwm_Init                      0x08008a55   Thumb Code   138  timer.o(i.tiemr2_Ch1_Pwm_Init)
    F6x8                                     0x08008b04   Data         552  oled.o(.constdata)
    F8X16                                    0x08008d2c   Data        1520  oled.o(.constdata)
    Hzk                                      0x0800931c   Data        4352  oled.o(.constdata)
    __mathlib_zero                           0x0800a570   Data           8  qnan.o(.constdata)
    __ctype_categories                       0x0800a578   Data          64  ctype_c.o(.constdata)
    Region$$Table$$Base                      0x0800a600   Number         0  anon$$obj.o(Region$$Table)
    Region$$Table$$Limit                     0x0800a620   Number         0  anon$$obj.o(Region$$Table)
    index_bh1750                             0x20000000   Data           1  main.o(.data)
    index_duoji                              0x20000001   Data           1  main.o(.data)
    work_mode                                0x20000002   Data           1  main.o(.data)
    manual_angle                             0x20000003   Data           1  main.o(.data)
    timeCount                                0x20000004   Data           2  main.o(.data)
    light_value                              0x20000008   Data           4  main.o(.data)
    angle                                    0x2000000c   Data           1  main.o(.data)
    current_menu                             0x2000000d   Data           1  main.o(.data)
    time_schedule                            0x2000000e   Data           6  main.o(.data)
    SystickTime                              0x2000001c   Data           4  stm32f10x_it.o(.data)
    clock_update_flag                        0x20000020   Data           1  stm32f10x_it.o(.data)
    SystemCoreClock                          0x20000024   Data           4  system_stm32f10x.o(.data)
    AHBPrescTable                            0x20000028   Data          16  system_stm32f10x.o(.data)
    index_key                                0x2000004c   Data           1  key.o(.data)
    key_num                                  0x2000004d   Data           1  key.o(.data)
    nMsCount                                 0x2000005a   Data           2  delay.o(.data)
    delay_Start                              0x2000005c   Data           1  delay.o(.data)
    esp8266_cnt                              0x2000005e   Data           2  esp8266.o(.data)
    esp8266_cntPre                           0x20000060   Data           2  esp8266.o(.data)
    cJSON_free                               0x2000006c   Data           4  cjson.o(.data)
    __microlib_freelist                      0x20000070   Data           4  mvars.o(.data)
    __microlib_freelist_initialised          0x20000074   Data           4  mvars.o(.data)
    light_info                               0x2000007c   Data          16  main.o(.bss)
    time_str                                 0x2000008c   Data          20  main.o(.bss)
    esp8266_buf                              0x200000a0   Data         128  esp8266.o(.bss)
    ntp_time                                 0x20000120   Data          32  esp8266.o(.bss)
    __heap_base                              0x20000140   Data           0  startup_stm32f10x_md.o(HEAP)
    __heap_limit                             0x20000340   Data           0  startup_stm32f10x_md.o(HEAP)
    __initial_sp                             0x20000b40   Data           0  startup_stm32f10x_md.o(STACK)



==============================================================================

Memory Map of the image

  Image Entry point : 0x080000ed

  Load Region LR_IROM1 (Base: 0x08000000, Size: 0x0000a69c, Max: 0x00010000, ABSOLUTE)

    Execution Region ER_IROM1 (Exec base: 0x08000000, Load base: 0x08000000, Size: 0x0000a620, Max: 0x00010000, ABSOLUTE)

    Exec Addr    Load Addr    Size         Type   Attr      Idx    E Section Name        Object

    0x08000000   0x08000000   0x000000ec   Data   RO          324    RESET               startup_stm32f10x_md.o
    0x080000ec   0x080000ec   0x00000000   Code   RO         4678  * .ARM.Collect$$$$00000000  mc_w.l(entry.o)
    0x080000ec   0x080000ec   0x00000004   Code   RO         5053    .ARM.Collect$$$$00000001  mc_w.l(entry2.o)
    0x080000f0   0x080000f0   0x00000004   Code   RO         5056    .ARM.Collect$$$$00000004  mc_w.l(entry5.o)
    0x080000f4   0x080000f4   0x00000000   Code   RO         5058    .ARM.Collect$$$$00000008  mc_w.l(entry7b.o)
    0x080000f4   0x080000f4   0x00000000   Code   RO         5060    .ARM.Collect$$$$0000000A  mc_w.l(entry8b.o)
    0x080000f4   0x080000f4   0x00000008   Code   RO         5061    .ARM.Collect$$$$0000000B  mc_w.l(entry9a.o)
    0x080000fc   0x080000fc   0x00000004   Code   RO         5068    .ARM.Collect$$$$0000000E  mc_w.l(entry12b.o)
    0x08000100   0x08000100   0x00000000   Code   RO         5063    .ARM.Collect$$$$0000000F  mc_w.l(entry10a.o)
    0x08000100   0x08000100   0x00000000   Code   RO         5065    .ARM.Collect$$$$00000011  mc_w.l(entry11a.o)
    0x08000100   0x08000100   0x00000004   Code   RO         5054    .ARM.Collect$$$$00002712  mc_w.l(entry2.o)
    0x08000104   0x08000104   0x00000024   Code   RO          325    .text               startup_stm32f10x_md.o
    0x08000128   0x08000128   0x0000000c   Code   RO         4681    .text               mc_w.l(tolower.o)
    0x08000134   0x08000134   0x00000024   Code   RO         4683    .text               mc_w.l(memcpya.o)
    0x08000158   0x08000158   0x00000024   Code   RO         4685    .text               mc_w.l(memseta.o)
    0x0800017c   0x0800017c   0x00000018   Code   RO         4687    .text               mc_w.l(strcat.o)
    0x08000194   0x08000194   0x00000024   Code   RO         4689    .text               mc_w.l(strstr.o)
    0x080001b8   0x080001b8   0x00000014   Code   RO         4691    .text               mc_w.l(strchr.o)
    0x080001cc   0x080001cc   0x0000000e   Code   RO         4693    .text               mc_w.l(strlen.o)
    0x080001da   0x080001da   0x00000028   Code   RO         4695    .text               mc_w.l(strncat.o)
    0x08000202   0x08000202   0x00000012   Code   RO         4697    .text               mc_w.l(strcpy.o)
    0x08000214   0x08000214   0x0000001e   Code   RO         4699    .text               mc_w.l(strncmp.o)
    0x08000232   0x08000232   0x00000002   PAD
    0x08000234   0x08000234   0x00000038   Code   RO         4992    .text               mc_w.l(__0sscanf.o)
    0x0800026c   0x0800026c   0x0000014c   Code   RO         4994    .text               mc_w.l(_scanf_int.o)
    0x080003b8   0x080003b8   0x000000e0   Code   RO         4996    .text               mc_w.l(_scanf_str.o)
    0x08000498   0x08000498   0x0000014e   Code   RO         5000    .text               mf_w.l(dadd.o)
    0x080005e6   0x080005e6   0x000000e4   Code   RO         5002    .text               mf_w.l(dmul.o)
    0x080006ca   0x080006ca   0x000000de   Code   RO         5004    .text               mf_w.l(ddiv.o)
    0x080007a8   0x080007a8   0x00000022   Code   RO         5008    .text               mf_w.l(dflti.o)
    0x080007ca   0x080007ca   0x0000001a   Code   RO         5010    .text               mf_w.l(dfltui.o)
    0x080007e4   0x080007e4   0x0000003e   Code   RO         5012    .text               mf_w.l(dfixi.o)
    0x08000822   0x08000822   0x00000026   Code   RO         5014    .text               mf_w.l(f2d.o)
    0x08000848   0x08000848   0x00000030   Code   RO         5016    .text               mf_w.l(cdcmple.o)
    0x08000878   0x08000878   0x00000030   Code   RO         5018    .text               mf_w.l(cdrcmple.o)
    0x080008a8   0x080008a8   0x00000038   Code   RO         5020    .text               mf_w.l(d2f.o)
    0x080008e0   0x080008e0   0x00000014   Code   RO         5022    .text               mf_w.l(cfcmple.o)
    0x080008f4   0x080008f4   0x00000014   Code   RO         5024    .text               mf_w.l(cfrcmple.o)
    0x08000908   0x08000908   0x0000002c   Code   RO         5072    .text               mc_w.l(uidiv.o)
    0x08000934   0x08000934   0x00000062   Code   RO         5074    .text               mc_w.l(uldiv.o)
    0x08000996   0x08000996   0x0000001e   Code   RO         5076    .text               mc_w.l(llshl.o)
    0x080009b4   0x080009b4   0x00000020   Code   RO         5078    .text               mc_w.l(llushr.o)
    0x080009d4   0x080009d4   0x00000024   Code   RO         5080    .text               mc_w.l(llsshr.o)
    0x080009f8   0x080009f8   0x0000001c   Code   RO         5091    .text               mc_w.l(_chval.o)
    0x08000a14   0x08000a14   0x00000028   Code   RO         5093    .text               mc_w.l(scanf_char.o)
    0x08000a3c   0x08000a3c   0x00000040   Code   RO         5095    .text               mc_w.l(_sgetc.o)
    0x08000a7c   0x08000a7c   0x00000000   Code   RO         5097    .text               mc_w.l(iusefp.o)
    0x08000a7c   0x08000a7c   0x0000006e   Code   RO         5098    .text               mf_w.l(fepilogue.o)
    0x08000aea   0x08000aea   0x000000ba   Code   RO         5100    .text               mf_w.l(depilogue.o)
    0x08000ba4   0x08000ba4   0x0000002e   Code   RO         5102    .text               mf_w.l(dscalb.o)
    0x08000bd2   0x08000bd2   0x00000030   Code   RO         5104    .text               mf_w.l(dfixul.o)
    0x08000c02   0x08000c02   0x00000002   PAD
    0x08000c04   0x08000c04   0x00000024   Code   RO         5106    .text               mc_w.l(init.o)
    0x08000c28   0x08000c28   0x0000000a   Code   RO         5109    .text               mc_w.l(isspace_c.o)
    0x08000c32   0x08000c32   0x00000002   PAD
    0x08000c34   0x08000c34   0x00000330   Code   RO         5111    .text               mc_w.l(_scanf.o)
    0x08000f64   0x08000f64   0x000000a2   Code   RO         5114    .text               mf_w.l(dsqrt.o)
    0x08001006   0x08001006   0x00000002   PAD
    0x08001008   0x08001008   0x00000028   Code   RO         5116    .text               mc_w.l(ctype_c.o)
    0x08001030   0x08001030   0x00000012   Code   RO            1    i.AngleToPWM        main.o
    0x08001042   0x08001042   0x00000002   PAD
    0x08001044   0x08001044   0x0000016c   Code   RO         3942    i.BASE64_Decode     base64.o
    0x080011b0   0x080011b0   0x00000144   Code   RO         3943    i.BASE64_Encode     base64.o
    0x080012f4   0x080012f4   0x00000004   Code   RO          160    i.BusFault_Handler  stm32f10x_it.o
    0x080012f8   0x080012f8   0x00000002   Code   RO          161    i.DebugMon_Handler  stm32f10x_it.o
    0x080012fa   0x080012fa   0x00000002   PAD
    0x080012fc   0x080012fc   0x00000178   Code   RO            2    i.DisplayMenu       main.o
    0x08001474   0x08001474   0x00000064   Code   RO            3    i.DisplayTimeSchedule  main.o
    0x080014d8   0x080014d8   0x0000001c   Code   RO         3815    i.ESP8266_Clear     esp8266.o
    0x080014f4   0x080014f4   0x00000050   Code   RO         3816    i.ESP8266_GetIPD    esp8266.o
    0x08001544   0x08001544   0x0000017c   Code   RO         3817    i.ESP8266_GetNTPTime  esp8266.o
    0x080016c0   0x080016c0   0x000003ac   Code   RO         3818    i.ESP8266_Init      esp8266.o
    0x08001a6c   0x08001a6c   0x00000054   Code   RO         3819    i.ESP8266_SendCmd   esp8266.o
    0x08001ac0   0x08001ac0   0x00000048   Code   RO         3820    i.ESP8266_SendData  esp8266.o
    0x08001b08   0x08001b08   0x00000034   Code   RO         3821    i.ESP8266_WaitRecive  esp8266.o
    0x08001b3c   0x08001b3c   0x00000002   Code   RO          162    i.EXTI0_IRQHandler  stm32f10x_it.o
    0x08001b3e   0x08001b3e   0x00000116   Code   RO         1508    i.GPIO_Init         stm32f10x_gpio.o
    0x08001c54   0x08001c54   0x00000090   Code   RO         1510    i.GPIO_PinRemapConfig  stm32f10x_gpio.o
    0x08001ce4   0x08001ce4   0x00000012   Code   RO         1512    i.GPIO_ReadInputDataBit  stm32f10x_gpio.o
    0x08001cf6   0x08001cf6   0x00000004   Code   RO         1516    i.GPIO_SetBits      stm32f10x_gpio.o
    0x08001cfa   0x08001cfa   0x00000004   Code   RO          163    i.HardFault_Handler  stm32f10x_it.o
    0x08001cfe   0x08001cfe   0x00000002   PAD
    0x08001d00   0x08001d00   0x0000018c   Code   RO            4    i.Hardware_Init     main.o
    0x08001e8c   0x08001e8c   0x0000002a   Code   RO         1619    i.I2C_CheckEvent    stm32f10x_i2c.o
    0x08001eb6   0x08001eb6   0x00000018   Code   RO         1622    i.I2C_Cmd           stm32f10x_i2c.o
    0x08001ece   0x08001ece   0x00000002   PAD
    0x08001ed0   0x08001ed0   0x0000008c   Code   RO         3413    i.I2C_Configuration  oled.o
    0x08001f5c   0x08001f5c   0x00000038   Code   RO         1625    i.I2C_DeInit        stm32f10x_i2c.o
    0x08001f94   0x08001f94   0x00000018   Code   RO         1629    i.I2C_GenerateSTART  stm32f10x_i2c.o
    0x08001fac   0x08001fac   0x00000018   Code   RO         1630    i.I2C_GenerateSTOP  stm32f10x_i2c.o
    0x08001fc4   0x08001fc4   0x0000003a   Code   RO         1631    i.I2C_GetFlagStatus  stm32f10x_i2c.o
    0x08001ffe   0x08001ffe   0x00000002   PAD
    0x08002000   0x08002000   0x000000ec   Code   RO         1636    i.I2C_Init          stm32f10x_i2c.o
    0x080020ec   0x080020ec   0x00000012   Code   RO         1643    i.I2C_Send7bitAddress  stm32f10x_i2c.o
    0x080020fe   0x080020fe   0x00000004   Code   RO         1644    i.I2C_SendData      stm32f10x_i2c.o
    0x08002102   0x08002102   0x00000002   PAD
    0x08002104   0x08002104   0x0000008c   Code   RO         3414    i.I2C_WriteByte     oled.o
    0x08002190   0x08002190   0x00000050   Code   RO         3691    i.IIC_Ack           myiic.o
    0x080021e0   0x080021e0   0x00000050   Code   RO         3692    i.IIC_NAck          myiic.o
    0x08002230   0x08002230   0x00000070   Code   RO         3693    i.IIC_Read_Byte     myiic.o
    0x080022a0   0x080022a0   0x00000074   Code   RO         3694    i.IIC_Send_Byte     myiic.o
    0x08002314   0x08002314   0x0000004c   Code   RO         3695    i.IIC_Start         myiic.o
    0x08002360   0x08002360   0x00000054   Code   RO         3696    i.IIC_Stop          myiic.o
    0x080023b4   0x080023b4   0x00000064   Code   RO         3697    i.IIC_Wait_Ack      myiic.o
    0x08002418   0x08002418   0x00000038   Code   RO         3657    i.Init_BH1750       bh1750.o
    0x08002450   0x08002450   0x00000070   Code   RO            5    i.IsInTimeSchedule  main.o
    0x080024c0   0x080024c0   0x00000050   Code   RO            6    i.LightToFixedAngle  main.o
    0x08002510   0x08002510   0x0000001c   Code   RO         4134    i.MQTT_DeleteBuffer  mqttkit.o
    0x0800252c   0x0800252c   0x0000002e   Code   RO         4135    i.MQTT_DumpLength   mqttkit.o
    0x0800255a   0x0800255a   0x00000058   Code   RO         4136    i.MQTT_NewBuffer    mqttkit.o
    0x080025b2   0x080025b2   0x00000002   PAD
    0x080025b4   0x080025b4   0x000002a0   Code   RO         4138    i.MQTT_PacketConnect  mqttkit.o
    0x08002854   0x08002854   0x000001b8   Code   RO         4141    i.MQTT_PacketPublish  mqttkit.o
    0x08002a0c   0x08002a0c   0x00000064   Code   RO         4147    i.MQTT_PacketSaveData  mqttkit.o
    0x08002a70   0x08002a70   0x000000fe   Code   RO         4148    i.MQTT_PacketSubscribe  mqttkit.o
    0x08002b6e   0x08002b6e   0x00000046   Code   RO         4150    i.MQTT_ReadLength   mqttkit.o
    0x08002bb4   0x08002bb4   0x0000001e   Code   RO         4152    i.MQTT_UnPacketConnectAck  mqttkit.o
    0x08002bd2   0x08002bd2   0x00000002   PAD
    0x08002bd4   0x08002bd4   0x000001c0   Code   RO         4153    i.MQTT_UnPacketPublish  mqttkit.o
    0x08002d94   0x08002d94   0x0000001e   Code   RO         4154    i.MQTT_UnPacketPublishAck  mqttkit.o
    0x08002db2   0x08002db2   0x00000002   PAD
    0x08002db4   0x08002db4   0x00000074   Code   RO         4158    i.MQTT_UnPacketRecv  mqttkit.o
    0x08002e28   0x08002e28   0x00000034   Code   RO         4159    i.MQTT_UnPacketSubscribe  mqttkit.o
    0x08002e5c   0x08002e5c   0x00000004   Code   RO          164    i.MemManage_Handler  stm32f10x_it.o
    0x08002e60   0x08002e60   0x00000002   Code   RO          165    i.NMI_Handler       stm32f10x_it.o
    0x08002e62   0x08002e62   0x00000002   PAD
    0x08002e64   0x08002e64   0x00000070   Code   RO          329    i.NVIC_Init         misc.o
    0x08002ed4   0x08002ed4   0x00000014   Code   RO          330    i.NVIC_PriorityGroupConfig  misc.o
    0x08002ee8   0x08002ee8   0x0000000a   Code   RO         3415    i.OLED_CLS          oled.o
    0x08002ef2   0x08002ef2   0x0000003a   Code   RO         3416    i.OLED_Fill         oled.o
    0x08002f2c   0x08002f2c   0x000000b6   Code   RO         3417    i.OLED_Init         oled.o
    0x08002fe2   0x08002fe2   0x00000028   Code   RO         3420    i.OLED_SetPos       oled.o
    0x0800300a   0x0800300a   0x00000002   PAD
    0x0800300c   0x0800300c   0x000000ec   Code   RO         3423    i.OLED_ShowStr      oled.o
    0x080030f8   0x080030f8   0x00000118   Code   RO         4027    i.OTA_UrlEncode     onenet.o
    0x08003210   0x08003210   0x0000019c   Code   RO         4028    i.OneNET_Authorization  onenet.o
    0x080033ac   0x080033ac   0x0000007c   Code   RO         4029    i.OneNET_Publish    onenet.o
    0x08003428   0x08003428   0x000000a0   Code   RO         4031    i.OneNET_Subscribe  onenet.o
    0x080034c8   0x080034c8   0x0000027c   Code   RO         4032    i.OneNet_DevLink    onenet.o
    0x08003744   0x08003744   0x000000f4   Code   RO         4033    i.OneNet_FillBuf    onenet.o
    0x08003838   0x08003838   0x000001ac   Code   RO         4034    i.OneNet_RevPro     onenet.o
    0x080039e4   0x080039e4   0x00000100   Code   RO         4035    i.OneNet_SendData   onenet.o
    0x08003ae4   0x08003ae4   0x00000164   Code   RO         3822    i.ParseNTPTime      esp8266.o
    0x08003c48   0x08003c48   0x00000390   Code   RO            7    i.ProcessMenuOperation  main.o
    0x08003fd8   0x08003fd8   0x00000020   Code   RO         1930    i.RCC_APB1PeriphClockCmd  stm32f10x_rcc.o
    0x08003ff8   0x08003ff8   0x00000020   Code   RO         1931    i.RCC_APB1PeriphResetCmd  stm32f10x_rcc.o
    0x08004018   0x08004018   0x00000020   Code   RO         1932    i.RCC_APB2PeriphClockCmd  stm32f10x_rcc.o
    0x08004038   0x08004038   0x000000d4   Code   RO         1940    i.RCC_GetClocksFreq  stm32f10x_rcc.o
    0x0800410c   0x0800410c   0x00000002   Code   RO          166    i.RTC_IRQHandler    stm32f10x_it.o
    0x0800410e   0x0800410e   0x00000002   PAD
    0x08004110   0x08004110   0x00000150   Code   RO            8    i.ReadBH1750Light   main.o
    0x08004260   0x08004260   0x00000002   Code   RO          167    i.SVC_Handler       stm32f10x_it.o
    0x08004262   0x08004262   0x00000002   PAD
    0x08004264   0x08004264   0x000000e4   Code   RO         4036    i.Send_Property_Response  onenet.o
    0x08004348   0x08004348   0x00000008   Code   RO          248    i.SetSysClock       system_stm32f10x.o
    0x08004350   0x08004350   0x000000e0   Code   RO          249    i.SetSysClockTo72   system_stm32f10x.o
    0x08004430   0x08004430   0x0000001a   Code   RO         3658    i.Single_Write_BH1750  bh1750.o
    0x0800444a   0x0800444a   0x00000002   PAD
    0x0800444c   0x0800444c   0x00000074   Code   RO          168    i.SysTick_Handler   stm32f10x_it.o
    0x080044c0   0x080044c0   0x00000060   Code   RO          251    i.SystemInit        system_stm32f10x.o
    0x08004520   0x08004520   0x00000018   Code   RO         2570    i.TIM_Cmd           stm32f10x_tim.o
    0x08004538   0x08004538   0x00000098   Code   RO         2599    i.TIM_OC1Init       stm32f10x_tim.o
    0x080045d0   0x080045d0   0x000000a4   Code   RO         2604    i.TIM_OC2Init       stm32f10x_tim.o
    0x08004674   0x08004674   0x00000004   Code   RO         2631    i.TIM_SetCompare1   stm32f10x_tim.o
    0x08004678   0x08004678   0x00000004   Code   RO         2632    i.TIM_SetCompare2   stm32f10x_tim.o
    0x0800467c   0x0800467c   0x000000a4   Code   RO         2641    i.TIM_TimeBaseInit  stm32f10x_tim.o
    0x08004720   0x08004720   0x0000001c   Code   RO         3363    i.USART1_IRQHandler  usart.o
    0x0800473c   0x0800473c   0x0000004c   Code   RO         3823    i.USART2_IRQHandler  esp8266.o
    0x08004788   0x08004788   0x00000012   Code   RO         3102    i.USART_ClearFlag   stm32f10x_usart.o
    0x0800479a   0x0800479a   0x00000018   Code   RO         3106    i.USART_Cmd         stm32f10x_usart.o
    0x080047b2   0x080047b2   0x0000001a   Code   RO         3109    i.USART_GetFlagStatus  stm32f10x_usart.o
    0x080047cc   0x080047cc   0x00000054   Code   RO         3110    i.USART_GetITStatus  stm32f10x_usart.o
    0x08004820   0x08004820   0x0000004a   Code   RO         3112    i.USART_ITConfig    stm32f10x_usart.o
    0x0800486a   0x0800486a   0x00000002   PAD
    0x0800486c   0x0800486c   0x000000d8   Code   RO         3113    i.USART_Init        stm32f10x_usart.o
    0x08004944   0x08004944   0x00000008   Code   RO         3123    i.USART_SendData    stm32f10x_usart.o
    0x0800494c   0x0800494c   0x0000015c   Code   RO         3824    i.UpdateClock       esp8266.o
    0x08004aa8   0x08004aa8   0x00000004   Code   RO          169    i.UsageFault_Handler  stm32f10x_it.o
    0x08004aac   0x08004aac   0x000000b0   Code   RO         3364    i.Usart1_Init       usart.o
    0x08004b5c   0x08004b5c   0x000000ac   Code   RO         3365    i.Usart2_Init       usart.o
    0x08004c08   0x08004c08   0x00000048   Code   RO         3366    i.UsartPrintf       usart.o
    0x08004c50   0x08004c50   0x00000032   Code   RO         3367    i.Usart_SendString  usart.o
    0x08004c82   0x08004c82   0x0000000e   Code   RO         3424    i.WriteCmd          oled.o
    0x08004c90   0x08004c90   0x0000000e   Code   RO         3425    i.WriteData         oled.o
    0x08004c9e   0x08004c9e   0x00000002   PAD
    0x08004ca0   0x08004ca0   0x00000034   Code   RO         4937    i.__0snprintf       mc_w.l(printfa.o)
    0x08004cd4   0x08004cd4   0x00000028   Code   RO         4938    i.__0sprintf        mc_w.l(printfa.o)
    0x08004cfc   0x08004cfc   0x00000034   Code   RO         4941    i.__0vsnprintf      mc_w.l(printfa.o)
    0x08004d30   0x08004d30   0x00000028   Code   RO         5040    i.__ARM_fpclassify  m_ws.l(fpclassify.o)
    0x08004d58   0x08004d58   0x000000aa   Code   RO         5042    i.__kernel_poly     m_ws.l(poly.o)
    0x08004e02   0x08004e02   0x00000002   PAD
    0x08004e04   0x08004e04   0x00000010   Code   RO         5026    i.__mathlib_dbl_divzero  m_ws.l(dunder.o)
    0x08004e14   0x08004e14   0x00000004   Code   RO         5028    i.__mathlib_dbl_infnan2  m_ws.l(dunder.o)
    0x08004e18   0x08004e18   0x0000000c   Code   RO         5029    i.__mathlib_dbl_invalid  m_ws.l(dunder.o)
    0x08004e24   0x08004e24   0x0000000e   Code   RO         5030    i.__mathlib_dbl_overflow  m_ws.l(dunder.o)
    0x08004e32   0x08004e32   0x00000002   PAD
    0x08004e34   0x08004e34   0x00000010   Code   RO         5032    i.__mathlib_dbl_underflow  m_ws.l(dunder.o)
    0x08004e44   0x08004e44   0x0000000e   Code   RO         5121    i.__scatterload_copy  mc_w.l(handlers.o)
    0x08004e52   0x08004e52   0x00000002   Code   RO         5122    i.__scatterload_null  mc_w.l(handlers.o)
    0x08004e54   0x08004e54   0x0000000e   Code   RO         5123    i.__scatterload_zeroinit  mc_w.l(handlers.o)
    0x08004e62   0x08004e62   0x00000002   PAD
    0x08004e64   0x08004e64   0x0000000c   Code   RO         5086    i.__set_errno       mc_w.l(errno.o)
    0x08004e70   0x08004e70   0x00000184   Code   RO         4943    i._fp_digits        mc_w.l(printfa.o)
    0x08004ff4   0x08004ff4   0x000006b4   Code   RO         4944    i._printf_core      mc_w.l(printfa.o)
    0x080056a8   0x080056a8   0x00000024   Code   RO         4945    i._printf_post_padding  mc_w.l(printfa.o)
    0x080056cc   0x080056cc   0x0000002e   Code   RO         4946    i._printf_pre_padding  mc_w.l(printfa.o)
    0x080056fa   0x080056fa   0x00000016   Code   RO         4947    i._snputc           mc_w.l(printfa.o)
    0x08005710   0x08005710   0x0000000a   Code   RO         4948    i._sputc            mc_w.l(printfa.o)
    0x0800571a   0x0800571a   0x00000002   PAD
    0x0800571c   0x0800571c   0x00000034   Code   RO         3545    i.beep_Init         key.o
    0x08005750   0x08005750   0x0000002e   Code   RO         3659    i.bh_data_read      bh1750.o
    0x0800577e   0x0800577e   0x00000028   Code   RO         3660    i.bh_data_send      bh1750.o
    0x080057a6   0x080057a6   0x0000002a   Code   RO         4310    i.cJSON_AddItemToArray  cjson.o
    0x080057d0   0x080057d0   0x00000030   Code   RO         4311    i.cJSON_AddItemToObject  cjson.o
    0x08005800   0x08005800   0x00000024   Code   RO         4320    i.cJSON_CreateNumber  cjson.o
    0x08005824   0x08005824   0x00000012   Code   RO         4321    i.cJSON_CreateObject  cjson.o
    0x08005836   0x08005836   0x0000001c   Code   RO         4322    i.cJSON_CreateString  cjson.o
    0x08005852   0x08005852   0x00000002   PAD
    0x08005854   0x08005854   0x00000058   Code   RO         4325    i.cJSON_Delete      cjson.o
    0x080058ac   0x080058ac   0x0000001e   Code   RO         4334    i.cJSON_GetObjectItem  cjson.o
    0x080058ca   0x080058ca   0x00000002   PAD
    0x080058cc   0x080058cc   0x00000020   Code   RO         4338    i.cJSON_New_Item    cjson.o
    0x080058ec   0x080058ec   0x00000010   Code   RO         4339    i.cJSON_Parse       cjson.o
    0x080058fc   0x080058fc   0x00000064   Code   RO         4340    i.cJSON_ParseWithOpts  cjson.o
    0x08005960   0x08005960   0x00000012   Code   RO         4343    i.cJSON_PrintUnformatted  cjson.o
    0x08005972   0x08005972   0x0000004c   Code   RO         4346    i.cJSON_strcasecmp  cjson.o
    0x080059be   0x080059be   0x00000002   PAD
    0x080059c0   0x080059c0   0x0000002c   Code   RO         4347    i.cJSON_strdup      cjson.o
    0x080059ec   0x080059ec   0x00000060   Code   RO         3581    i.delay_Init        delay.o
    0x08005a4c   0x08005a4c   0x00000040   Code   RO         3582    i.delay_us          delay.o
    0x08005a8c   0x08005a8c   0x00000014   Code   RO         3583    i.delayms           delay.o
    0x08005aa0   0x08005aa0   0x00000070   Code   RO         4349    i.ensure            cjson.o
    0x08005b10   0x08005b10   0x000000dc   Code   RO         4665    i.floor             m_ws.l(floor.o)
    0x08005bec   0x08005bec   0x00000050   Code   RO         4964    i.free              mc_w.l(malloc.o)
    0x08005c3c   0x08005c3c   0x0000004c   Code   RO         3972    i.ft                hmac_sha1.o
    0x08005c88   0x08005c88   0x0000012e   Code   RO         3973    i.hmac_sha1         hmac_sha1.o
    0x08005db6   0x08005db6   0x00000002   PAD
    0x08005db8   0x08005db8   0x00000034   Code   RO         3974    i.k                 hmac_sha1.o
    0x08005dec   0x08005dec   0x000003b8   Code   RO         3546    i.key_Functoin      key.o
    0x080061a4   0x080061a4   0x0000006c   Code   RO         3547    i.key_Init          key.o
    0x08006210   0x08006210   0x000008a0   Code   RO            9    i.main              main.o
    0x08006ab0   0x08006ab0   0x0000006c   Code   RO         4965    i.malloc            mc_w.l(malloc.o)
    0x08006b1c   0x08006b1c   0x000000ac   Code   RO         4350    i.parse_array       cjson.o
    0x08006bc8   0x08006bc8   0x00000114   Code   RO         4351    i.parse_hex4        cjson.o
    0x08006cdc   0x08006cdc   0x000001bc   Code   RO         4352    i.parse_number      cjson.o
    0x08006e98   0x08006e98   0x00000114   Code   RO         4353    i.parse_object      cjson.o
    0x08006fac   0x08006fac   0x000001cc   Code   RO         4354    i.parse_string      cjson.o
    0x08007178   0x08007178   0x000000bc   Code   RO         4355    i.parse_value       cjson.o
    0x08007234   0x08007234   0x000009d8   Code   RO         4669    i.pow               m_ws.l(pow.o)
    0x08007c0c   0x08007c0c   0x0000001c   Code   RO         4356    i.pow2gt            cjson.o
    0x08007c28   0x08007c28   0x00000250   Code   RO         4357    i.print_array       cjson.o
    0x08007e78   0x08007e78   0x00000198   Code   RO         4358    i.print_number      cjson.o
    0x08008010   0x08008010   0x00000418   Code   RO         4359    i.print_object      cjson.o
    0x08008428   0x08008428   0x00000010   Code   RO         4360    i.print_string      cjson.o
    0x08008438   0x08008438   0x000001d4   Code   RO         4361    i.print_string_ptr  cjson.o
    0x0800860c   0x0800860c   0x00000130   Code   RO         4362    i.print_value       cjson.o
    0x0800873c   0x0800873c   0x0000002e   Code   RO         3975    i.rotl              hmac_sha1.o
    0x0800876a   0x0800876a   0x00000002   PAD
    0x0800876c   0x0800876c   0x00000284   Code   RO         3977    i.sha1              hmac_sha1.o
    0x080089f0   0x080089f0   0x00000012   Code   RO         4363    i.skip              cjson.o
    0x08008a02   0x08008a02   0x0000004c   Code   RO         5046    i.sqrt              m_ws.l(sqrt.o)
    0x08008a4e   0x08008a4e   0x00000006   Code   RO         4364    i.suffix_object     cjson.o
    0x08008a54   0x08008a54   0x00000090   Code   RO         3768    i.tiemr2_Ch1_Pwm_Init  timer.o
    0x08008ae4   0x08008ae4   0x00000020   Code   RO         4365    i.update            cjson.o
    0x08008b04   0x08008b04   0x00001918   Data   RO         3426    .constdata          oled.o
    0x0800a41c   0x0800a41c   0x000000c0   Data   RO         3944    .constdata          base64.o
    0x0800a4dc   0x0800a4dc   0x00000007   Data   RO         4366    .constdata          cjson.o
    0x0800a4e3   0x0800a4e3   0x00000005   PAD
    0x0800a4e8   0x0800a4e8   0x00000088   Data   RO         4670    .constdata          m_ws.l(pow.o)
    0x0800a570   0x0800a570   0x00000008   Data   RO         5044    .constdata          m_ws.l(qnan.o)
    0x0800a578   0x0800a578   0x00000040   Data   RO         5117    .constdata          mc_w.l(ctype_c.o)
    0x0800a5b8   0x0800a5b8   0x00000047   Data   RO         4038    .conststring        onenet.o
    0x0800a5ff   0x0800a5ff   0x00000001   PAD
    0x0800a600   0x0800a600   0x00000020   Data   RO         5119    Region$$Table       anon$$obj.o


    Execution Region RW_IRAM1 (Exec base: 0x20000000, Load base: 0x0800a620, Size: 0x00000b40, Max: 0x00005000, ABSOLUTE)

    Exec Addr    Load Addr    Size         Type   Attr      Idx    E Section Name        Object

    0x20000000   0x0800a620   0x00000019   Data   RW           11    .data               main.o
    0x20000019   0x0800a639   0x00000003   PAD
    0x2000001c   0x0800a63c   0x00000008   Data   RW          170    .data               stm32f10x_it.o
    0x20000024   0x0800a644   0x00000014   Data   RW          252    .data               system_stm32f10x.o
    0x20000038   0x0800a658   0x00000014   Data   RW         1960    .data               stm32f10x_rcc.o
    0x2000004c   0x0800a66c   0x0000000d   Data   RW         3549    .data               key.o
    0x20000059   0x0800a679   0x00000001   PAD
    0x2000005a   0x0800a67a   0x00000003   Data   RW         3584    .data               delay.o
    0x2000005d   0x0800a67d   0x00000001   PAD
    0x2000005e   0x0800a67e   0x00000004   Data   RW         3826    .data               esp8266.o
    0x20000062   0x0800a682   0x00000002   Data   RW         4039    .data               onenet.o
    0x20000064   0x0800a684   0x0000000c   Data   RW         4367    .data               cjson.o
    0x20000070   0x0800a690   0x00000004   Data   RW         5082    .data               mc_w.l(mvars.o)
    0x20000074   0x0800a694   0x00000004   Data   RW         5083    .data               mc_w.l(mvars.o)
    0x20000078   0x0800a698   0x00000004   Data   RW         5087    .data               mc_w.l(errno.o)
    0x2000007c        -       0x00000024   Zero   RW           10    .bss                main.o
    0x200000a0        -       0x000000a0   Zero   RW         3825    .bss                esp8266.o
    0x20000140        -       0x00000200   Zero   RW          323    HEAP                startup_stm32f10x_md.o
    0x20000340        -       0x00000800   Zero   RW          322    STACK               startup_stm32f10x_md.o


==============================================================================

Image component sizes


      Code (inc. data)   RO Data    RW Data    ZI Data      Debug   Object Name

       688          8        192          0          0       3728   base64.o
       168          4          0          0          0       2242   bh1750.o
      5424        256          7         12          0      26429   cjson.o
         0          0          0          0          0         32   core_cm3.o
       180         16          0          3          0      17260   delay.o
      2416        978          0          4        160       8238   esp8266.o
      1120         30          0          0          0       4527   hmac_sha1.o
      1112        458          0         13          0       3121   key.o
      4538       1426          0         25         36     227951   main.o
       132         22          0          0          0       1559   misc.o
      2374         60          0          0          0      14312   mqttkit.o
       648         94          0          0          0       3947   myiic.o
       834         34       6424          0          0       6252   oled.o
      2768       1138         71          2          0      12022   onenet.o
        36          8        236          0       2560        808   startup_stm32f10x_md.o
       444          6          0          0          0       3997   stm32f10x_gpio.o
       486         20          0          0          0       7243   stm32f10x_i2c.o
       142         20          0          8          0       5203   stm32f10x_it.o
       308         38          0         20          0       5067   stm32f10x_rcc.o
       512         72          0          0          0       4317   stm32f10x_tim.o
       450          6          0          0          0       6247   stm32f10x_usart.o
       328         28          0         20          0     258853   system_stm32f10x.o
       144          6          0          0          0        838   timer.o
       498         24          0          0          0       4521   usart.o

    ----------------------------------------------------------------------
     25792       4752       6968        112       2756     628714   Object Totals
         0          0         32          0          0          0   (incl. Generated)
        42          0          6          5          0          0   (incl. Padding)

    ----------------------------------------------------------------------

      Code (inc. data)   RO Data    RW Data    ZI Data      Debug   Library Member Name

        62         10          0          0          0        340   dunder.o
       220         16          0          0          0         84   floor.o
        40          0          0          0          0         68   fpclassify.o
       170          0          0          0          0         96   poly.o
      2520        190        136          0          0        324   pow.o
         0          0          8          0          0          0   qnan.o
        76          0          0          0          0         84   sqrt.o
        56          8          0          0          0         84   __0sscanf.o
        28          0          0          0          0         68   _chval.o
       816          6          0          0          0        112   _scanf.o
       332          0          0          0          0         96   _scanf_int.o
       224          0          0          0          0         96   _scanf_str.o
        64          0          0          0          0         84   _sgetc.o
        40          6         64          0          0         68   ctype_c.o
         0          0          0          0          0          0   entry.o
         0          0          0          0          0          0   entry10a.o
         0          0          0          0          0          0   entry11a.o
         4          0          0          0          0          0   entry12b.o
         8          4          0          0          0          0   entry2.o
         4          0          0          0          0          0   entry5.o
         0          0          0          0          0          0   entry7b.o
         0          0          0          0          0          0   entry8b.o
         8          4          0          0          0          0   entry9a.o
        12          6          0          4          0         68   errno.o
        30          0          0          0          0          0   handlers.o
        36          8          0          0          0         68   init.o
        10          0          0          0          0         68   isspace_c.o
         0          0          0          0          0          0   iusefp.o
        30          0          0          0          0         68   llshl.o
        36          0          0          0          0         68   llsshr.o
        32          0          0          0          0         68   llushr.o
       188         20          0          0          0        160   malloc.o
        36          0          0          0          0         68   memcpya.o
        36          0          0          0          0        108   memseta.o
         0          0          0          8          0          0   mvars.o
      2362         96          0          0          0        768   printfa.o
        40          8          0          0          0         84   scanf_char.o
        24          0          0          0          0         68   strcat.o
        20          0          0          0          0         68   strchr.o
        18          0          0          0          0         68   strcpy.o
        14          0          0          0          0         68   strlen.o
        40          0          0          0          0         76   strncat.o
        30          0          0          0          0         80   strncmp.o
        36          0          0          0          0         80   strstr.o
        12          0          0          0          0         68   tolower.o
        44          0          0          0          0         80   uidiv.o
        98          0          0          0          0         92   uldiv.o
        48          0          0          0          0         68   cdcmple.o
        48          0          0          0          0         68   cdrcmple.o
        20          0          0          0          0         68   cfcmple.o
        20          0          0          0          0         68   cfrcmple.o
        56          0          0          0          0         88   d2f.o
       334          0          0          0          0        148   dadd.o
       222          0          0          0          0        100   ddiv.o
       186          0          0          0          0        176   depilogue.o
        62          0          0          0          0         80   dfixi.o
        48          0          0          0          0         68   dfixul.o
        34          0          0          0          0         76   dflti.o
        26          0          0          0          0         76   dfltui.o
       228          0          0          0          0         96   dmul.o
        46          0          0          0          0         80   dscalb.o
       162          0          0          0          0        100   dsqrt.o
        38          0          0          0          0         68   f2d.o
       110          0          0          0          0        168   fepilogue.o

    ----------------------------------------------------------------------
      9560        382        208         12          0       5544   Library Totals
        16          0          0          0          0          0   (incl. Padding)

    ----------------------------------------------------------------------

      Code (inc. data)   RO Data    RW Data    ZI Data      Debug   Library Name

      3088        216        144          0          0        996   m_ws.l
      4768        166         64         12          0       2952   mc_w.l
      1688          0          0          0          0       1596   mf_w.l

    ----------------------------------------------------------------------
      9560        382        208         12          0       5544   Library Totals

    ----------------------------------------------------------------------

==============================================================================


      Code (inc. data)   RO Data    RW Data    ZI Data      Debug   

     35352       5134       7176        124       2756     623334   Grand Totals
     35352       5134       7176        124       2756     623334   ELF Image Totals
     35352       5134       7176        124          0          0   ROM Totals

==============================================================================

    Total RO  Size (Code + RO Data)                42528 (  41.53kB)
    Total RW  Size (RW Data + ZI Data)              2880 (   2.81kB)
    Total ROM Size (Code + RO Data + RW Data)      42652 (  41.65kB)

==============================================================================

