Component: ARM Compiler 5.06 update 7 (build 960) Tool: armlink [4d3601]

==============================================================================

Section Cross References

    main.o(i.Hardware_Init) refers to misc.o(i.NVIC_PriorityGroupConfig) for NVIC_PriorityGroupConfig
    main.o(i.Hardware_Init) refers to delay.o(i.delay_Init) for delay_Init
    main.o(i.Hardware_Init) refers to usart.o(i.Usart1_Init) for Usart1_Init
    main.o(i.Hardware_Init) refers to usart.o(i.Usart2_Init) for Usart2_Init
    main.o(i.Hardware_Init) refers to oled.o(i.OLED_Init) for OLED_Init
    main.o(i.Hardware_Init) refers to oled.o(i.OLED_CLS) for OLED_CLS
    main.o(i.Hardware_Init) refers to bh1750.o(i.Init_BH1750) for Init_BH1750
    main.o(i.Hardware_Init) refers to bh1750.o(i.bh_data_send) for bh_data_send
    main.o(i.Hardware_Init) refers to key.o(i.key_Init) for key_Init
    main.o(i.Hardware_Init) refers to timer.o(i.tiemr2_Ch1_Pwm_Init) for tiemr2_Ch1_Pwm_Init
    main.o(i.Hardware_Init) refers to delay.o(i.delayms) for delayms
    main.o(i.Hardware_Init) refers to oled.o(i.OLED_ShowStr) for OLED_ShowStr
    main.o(i.Hardware_Init) refers to usart.o(i.UsartPrintf) for UsartPrintf
    main.o(i.LightToFixedAngle) refers to cfcmple.o(.text) for __aeabi_cfcmple
    main.o(i.main) refers to main.o(i.Hardware_Init) for Hardware_Init
    main.o(i.main) refers to esp8266.o(i.ESP8266_Init) for ESP8266_Init
    main.o(i.main) refers to oled.o(i.OLED_ShowStr) for OLED_ShowStr
    main.o(i.main) refers to esp8266.o(i.ESP8266_GetNTPTime) for ESP8266_GetNTPTime
    main.o(i.main) refers to usart.o(i.UsartPrintf) for UsartPrintf
    main.o(i.main) refers to delay.o(i.delayms) for delayms
    main.o(i.main) refers to onenet.o(i.OneNet_DevLink) for OneNet_DevLink
    main.o(i.main) refers to onenet.o(i.OneNET_Subscribe) for OneNET_Subscribe
    main.o(i.main) refers to printfa.o(i.__0sprintf) for __2sprintf
    main.o(i.main) refers to oled.o(i.OLED_CLS) for OLED_CLS
    main.o(i.main) refers to esp8266.o(i.UpdateClock) for UpdateClock
    main.o(i.main) refers to main.o(i.AngleToPWM) for AngleToPWM
    main.o(i.main) refers to stm32f10x_tim.o(i.TIM_SetCompare1) for TIM_SetCompare1
    main.o(i.main) refers to stm32f10x_tim.o(i.TIM_SetCompare2) for TIM_SetCompare2
    main.o(i.main) refers to key.o(i.key_Functoin) for key_Functoin
    main.o(i.main) refers to esp8266.o(.bss) for ntp_time
    main.o(i.main) refers to main.o(.bss) for time_str
    main.o(i.main) refers to stm32f10x_it.o(.data) for clock_update_flag
    main.o(i.main) refers to main.o(.data) for work_mode
    main.o(i.main) refers to key.o(.data) for key_num
    main.o(i.main) refers to bh1750.o(i.bh_data_send) for bh_data_send
    main.o(i.main) refers to bh1750.o(i.bh_data_read) for bh_data_read
    main.o(i.main) refers to dfltui.o(.text) for __aeabi_ui2d
    main.o(i.main) refers to ddiv.o(.text) for __aeabi_ddiv
    main.o(i.main) refers to d2f.o(.text) for __aeabi_d2f
    main.o(i.main) refers to main.o(i.LightToFixedAngle) for LightToFixedAngle
    main.o(i.main) refers to f2d.o(.text) for __aeabi_f2d
    main.o(i.main) refers to onenet.o(i.OneNet_SendData) for OneNet_SendData
    main.o(i.main) refers to esp8266.o(i.ESP8266_Clear) for ESP8266_Clear
    main.o(i.main) refers to esp8266.o(i.ESP8266_GetIPD) for ESP8266_GetIPD
    main.o(i.main) refers to onenet.o(i.OneNet_RevPro) for OneNet_RevPro
    stm32f10x_it.o(i.SysTick_Handler) refers to stm32f10x_it.o(.data) for nms
    stm32f10x_it.o(i.SysTick_Handler) refers to delay.o(.data) for nMsCount
    stm32f10x_it.o(i.SysTick_Handler) refers to key.o(.data) for index_key
    stm32f10x_it.o(i.SysTick_Handler) refers to main.o(.data) for index_bh1750
    system_stm32f10x.o(i.SetSysClock) refers to system_stm32f10x.o(i.SetSysClockTo72) for SetSysClockTo72
    system_stm32f10x.o(i.SystemCoreClockUpdate) refers to system_stm32f10x.o(.data) for SystemCoreClock
    system_stm32f10x.o(i.SystemInit) refers to system_stm32f10x.o(i.SetSysClock) for SetSysClock
    startup_stm32f10x_md.o(RESET) refers to startup_stm32f10x_md.o(STACK) for __initial_sp
    startup_stm32f10x_md.o(RESET) refers to startup_stm32f10x_md.o(.text) for Reset_Handler
    startup_stm32f10x_md.o(RESET) refers to stm32f10x_it.o(i.NMI_Handler) for NMI_Handler
    startup_stm32f10x_md.o(RESET) refers to stm32f10x_it.o(i.HardFault_Handler) for HardFault_Handler
    startup_stm32f10x_md.o(RESET) refers to stm32f10x_it.o(i.MemManage_Handler) for MemManage_Handler
    startup_stm32f10x_md.o(RESET) refers to stm32f10x_it.o(i.BusFault_Handler) for BusFault_Handler
    startup_stm32f10x_md.o(RESET) refers to stm32f10x_it.o(i.UsageFault_Handler) for UsageFault_Handler
    startup_stm32f10x_md.o(RESET) refers to stm32f10x_it.o(i.SVC_Handler) for SVC_Handler
    startup_stm32f10x_md.o(RESET) refers to stm32f10x_it.o(i.DebugMon_Handler) for DebugMon_Handler
    startup_stm32f10x_md.o(RESET) refers to stm32f10x_it.o(i.SysTick_Handler) for SysTick_Handler
[...]
    i.MQTT_PacketSaveData                    0x08002680   Section        0  mqttkit.o(i.MQTT_PacketSaveData)
    i.MQTT_PacketSubscribe                   0x080026e4   Section        0  mqttkit.o(i.MQTT_PacketSubscribe)
    i.MQTT_ReadLength                        0x080027e2   Section        0  mqttkit.o(i.MQTT_ReadLength)
    i.MQTT_UnPacketConnectAck                0x08002828   Section        0  mqttkit.o(i.MQTT_UnPacketConnectAck)
    i.MQTT_UnPacketPublish                   0x08002848   Section        0  mqttkit.o(i.MQTT_UnPacketPublish)
    i.MQTT_UnPacketPublishAck                0x08002a08   Section        0  mqttkit.o(i.MQTT_UnPacketPublishAck)
    i.MQTT_UnPacketRecv                      0x08002a28   Section        0  mqttkit.o(i.MQTT_UnPacketRecv)
    i.MQTT_UnPacketSubscribe                 0x08002a9c   Section        0  mqttkit.o(i.MQTT_UnPacketSubscribe)
    i.MemManage_Handler                      0x08002ad0   Section        0  stm32f10x_it.o(i.MemManage_Handler)
    i.NMI_Handler                            0x08002ad4   Section        0  stm32f10x_it.o(i.NMI_Handler)
    i.NVIC_Init                              0x08002ad8   Section        0  misc.o(i.NVIC_Init)
    i.NVIC_PriorityGroupConfig               0x08002b48   Section        0  misc.o(i.NVIC_PriorityGroupConfig)
    i.OLED_CLS                               0x08002b5c   Section        0  oled.o(i.OLED_CLS)
    i.OLED_Fill                              0x08002b66   Section        0  oled.o(i.OLED_Fill)
    i.OLED_Init                              0x08002ba0   Section        0  oled.o(i.OLED_Init)
    i.OLED_SetPos                            0x08002c56   Section        0  oled.o(i.OLED_SetPos)
    i.OLED_ShowStr                           0x08002c80   Section        0  oled.o(i.OLED_ShowStr)
    i.OTA_UrlEncode                          0x08002d6c   Section        0  onenet.o(i.OTA_UrlEncode)
    OTA_UrlEncode                            0x08002d6d   Thumb Code   246  onenet.o(i.OTA_UrlEncode)
    i.OneNET_Authorization                   0x08002e84   Section        0  onenet.o(i.OneNET_Authorization)
    OneNET_Authorization                     0x08002e85   Thumb Code   284  onenet.o(i.OneNET_Authorization)
    i.OneNET_Publish                         0x08003020   Section        0  onenet.o(i.OneNET_Publish)
    i.OneNET_Subscribe                       0x0800309c   Section        0  onenet.o(i.OneNET_Subscribe)
    i.OneNet_DevLink                         0x0800313c   Section        0  onenet.o(i.OneNet_DevLink)
    i.OneNet_FillBuf                         0x080033b8   Section        0  onenet.o(i.OneNet_FillBuf)
    i.OneNet_RevPro                          0x08003590   Section        0  onenet.o(i.OneNet_RevPro)
    i.OneNet_SendData                        0x080039cc   Section        0  onenet.o(i.OneNet_SendData)
    i.ParseNTPTime                           0x08003acc   Section        0  esp8266.o(i.ParseNTPTime)
    i.RCC_APB1PeriphClockCmd                 0x08003c30   Section        0  stm32f10x_rcc.o(i.RCC_APB1PeriphClockCmd)
    i.RCC_APB1PeriphResetCmd                 0x08003c50   Section        0  stm32f10x_rcc.o(i.RCC_APB1PeriphResetCmd)
    i.RCC_APB2PeriphClockCmd                 0x08003c70   Section        0  stm32f10x_rcc.o(i.RCC_APB2PeriphClockCmd)
    i.RCC_GetClocksFreq                      0x08003c90   Section        0  stm32f10x_rcc.o(i.RCC_GetClocksFreq)
    i.RTC_IRQHandler                         0x08003d64   Section        0  stm32f10x_it.o(i.RTC_IRQHandler)
    i.SVC_Handler                            0x08003d66   Section        0  stm32f10x_it.o(i.SVC_Handler)
    i.Send_Property_Response                 0x08003d68   Section        0  onenet.o(i.Send_Property_Response)
    i.SetSysClock                            0x08003e6c   Section        0  system_stm32f10x.o(i.SetSysClock)
    SetSysClock                              0x08003e6d   Thumb Code     8  system_stm32f10x.o(i.SetSysClock)
    i.SetSysClockTo72                        0x08003e74   Section        0  system_stm32f10x.o(i.SetSysClockTo72)
    SetSysClockTo72                          0x08003e75   Thumb Code   214  system_stm32f10x.o(i.SetSysClockTo72)
    i.Single_Write_BH1750                    0x08003f54   Section        0  bh1750.o(i.Single_Write_BH1750)
    i.SysTick_Handler                        0x08003f70   Section        0  stm32f10x_it.o(i.SysTick_Handler)
    i.SystemInit                             0x08003fe4   Section        0  system_stm32f10x.o(i.SystemInit)
    i.TIM_Cmd                                0x08004044   Section        0  stm32f10x_tim.o(i.TIM_Cmd)
    i.TIM_OC1Init                            0x0800405c   Section        0  stm32f10x_tim.o(i.TIM_OC1Init)
    i.TIM_OC2Init                            0x080040f4   Section        0  stm32f10x_tim.o(i.TIM_OC2Init)
    i.TIM_SetCompare1                        0x08004198   Section        0  stm32f10x_tim.o(i.TIM_SetCompare1)
    i.TIM_SetCompare2                        0x0800419c   Section        0  stm32f10x_tim.o(i.TIM_SetCompare2)
    i.TIM_TimeBaseInit                       0x080041a0   Section        0  stm32f10x_tim.o(i.TIM_TimeBaseInit)
    i.USART1_IRQHandler                      0x08004244   Section        0  usart.o(i.USART1_IRQHandler)
    i.USART2_IRQHandler                      0x08004260   Section        0  esp8266.o(i.USART2_IRQHandler)
    i.USART_ClearFlag                        0x080042ac   Section        0  stm32f10x_usart.o(i.USART_ClearFlag)
    i.USART_Cmd                              0x080042be   Section        0  stm32f10x_usart.o(i.USART_Cmd)
    i.USART_GetFlagStatus                    0x080042d6   Section        0  stm32f10x_usart.o(i.USART_GetFlagStatus)
    i.USART_GetITStatus                      0x080042f0   Section        0  stm32f10x_usart.o(i.USART_GetITStatus)
    i.USART_ITConfig                         0x08004344   Section        0  stm32f10x_usart.o(i.USART_ITConfig)
    i.USART_Init                             0x08004390   Section        0  stm32f10x_usart.o(i.USART_Init)
    i.USART_SendData                         0x08004468   Section        0  stm32f10x_usart.o(i.USART_SendData)
    i.UpdateClock                            0x08004470   Section        0  esp8266.o(i.UpdateClock)
    i.UsageFault_Handler                     0x080045cc   Section        0  stm32f10x_it.o(i.UsageFault_Handler)
    i.Usart1_Init                            0x080045d0   Section        0  usart.o(i.Usart1_Init)
    i.Usart2_Init                            0x08004680   Section        0  usart.o(i.Usart2_Init)
    i.UsartPrintf                            0x0800472c   Section        0  usart.o(i.UsartPrintf)
    i.Usart_SendString                       0x08004774   Section        0  usart.o(i.Usart_SendString)
    i.WriteCmd                               0x080047a6   Section        0  oled.o(i.WriteCmd)
    i.WriteData                              0x080047b4   Section        0  oled.o(i.WriteData)
    i.__0snprintf                            0x080047c4   Section        0  printfa.o(i.__0snprintf)
    i.__0sprintf                             0x080047f8   Section        0  printfa.o(i.__0sprintf)
    i.__0vsnprintf                           0x08004820   Section        0  printfa.o(i.__0vsnprintf)
    i.__ARM_fpclassify                       0x08004854   Section        0  fpclassify.o(i.__ARM_fpclassify)
    i.__kernel_poly                          0x0800487c   Section        0  poly.o(i.__kernel_poly)
    i.__mathlib_dbl_divzero                  0x08004928   Section        0  dunder.o(i.__mathlib_dbl_divzero)
    i.__mathlib_dbl_infnan2                  0x08004938   Section        0  dunder.o(i.__mathlib_dbl_infnan2)
    i.__mathlib_dbl_invalid                  0x0800493c   Section        0  dunder.o(i.__mathlib_dbl_invalid)
    i.__mathlib_dbl_overflow                 0x08004948   Section        0  dunder.o(i.__mathlib_dbl_overflow)
    i.__mathlib_dbl_underflow                0x08004958   Section        0  dunder.o(i.__mathlib_dbl_underflow)
    i.__scatterload_copy                     0x08004968   Section       14  handlers.o(i.__scatterload_copy)
    i.__scatterload_null                     0x08004976   Section        2  handlers.o(i.__scatterload_null)
    i.__scatterload_zeroinit                 0x08004978   Section       14  handlers.o(i.__scatterload_zeroinit)
    i.__set_errno                            0x08004988   Section        0  errno.o(i.__set_errno)
    i._fp_digits                             0x08004994   Section        0  printfa.o(i._fp_digits)
    _fp_digits                               0x08004995   Thumb Code   366  printfa.o(i._fp_digits)
    i._printf_core                           0x08004b18   Section        0  printfa.o(i._printf_core)
    _printf_core                             0x08004b19   Thumb Code  1704  printfa.o(i._printf_core)
    i._printf_post_padding                   0x080051cc   Section        0  printfa.o(i._printf_post_padding)
    _printf_post_padding                     0x080051cd   Thumb Code    36  printfa.o(i._printf_post_padding)
    i._printf_pre_padding                    0x080051f0   Section        0  printfa.o(i._printf_pre_padding)
    _printf_pre_padding                      0x080051f1   Thumb Code    46  printfa.o(i._printf_pre_padding)
    i._snputc                                0x0800521e   Section        0  printfa.o(i._snputc)
    _snputc                                  0x0800521f   Thumb Code    22  printfa.o(i._snputc)
    i._sputc                                 0x08005234   Section        0  printfa.o(i._sputc)
    _sputc                                   0x08005235   Thumb Code    10  printfa.o(i._sputc)
    i.beep_Init                              0x08005240   Section        0  key.o(i.beep_Init)
    i.bh_data_read                           0x08005274   Section        0  bh1750.o(i.bh_data_read)
    i.bh_data_send                           0x080052a2   Section        0  bh1750.o(i.bh_data_send)
    i.cJSON_AddItemToArray                   0x080052ca   Section        0  cjson.o(i.cJSON_AddItemToArray)
    i.cJSON_AddItemToObject                  0x080052f4   Section        0  cjson.o(i.cJSON_AddItemToObject)
    i.cJSON_CreateNumber                     0x08005324   Section        0  cjson.o(i.cJSON_CreateNumber)
    i.cJSON_CreateObject                     0x08005348   Section        0  cjson.o(i.cJSON_CreateObject)
    i.cJSON_CreateString                     0x0800535a   Section        0  cjson.o(i.cJSON_CreateString)
    i.cJSON_Delete                           0x08005378   Section        0  cjson.o(i.cJSON_Delete)
    i.cJSON_GetObjectItem                    0x080053d0   Section        0  cjson.o(i.cJSON_GetObjectItem)
    i.cJSON_New_Item                         0x080053f0   Section        0  cjson.o(i.cJSON_New_Item)
    cJSON_New_Item                           0x080053f1   Thumb Code    26  cjson.o(i.cJSON_New_Item)
    i.cJSON_Parse                            0x08005410   Section        0  cjson.o(i.cJSON_Parse)
    i.cJSON_ParseWithOpts                    0x08005420   Section        0  cjson.o(i.cJSON_ParseWithOpts)
    i.cJSON_PrintUnformatted                 0x08005484   Section        0  cjson.o(i.cJSON_PrintUnformatted)
    i.cJSON_strcasecmp                       0x08005496   Section        0  cjson.o(i.cJSON_strcasecmp)
    cJSON_strcasecmp                         0x08005497   Thumb Code    76  cjson.o(i.cJSON_strcasecmp)
    i.cJSON_strdup                           0x080054e4   Section        0  cjson.o(i.cJSON_strdup)
    cJSON_strdup                             0x080054e5   Thumb Code    40  cjson.o(i.cJSON_strdup)
    i.delay_Init                             0x08005510   Section        0  delay.o(i.delay_Init)
    i.delay_us                               0x08005570   Section        0  delay.o(i.delay_us)
    i.delayms                                0x080055b0   Section        0  delay.o(i.delayms)
    i.ensure                                 0x080055c4   Section        0  cjson.o(i.ensure)
    ensure                                   0x080055c5   Thumb Code   104  cjson.o(i.ensure)
    i.floor                                  0x08005634   Section        0  floor.o(i.floor)
    i.free                                   0x08005710   Section        0  malloc.o(i.free)
    i.ft                                     0x08005760   Section        0  hmac_sha1.o(i.ft)
    i.hmac_sha1                              0x080057ac   Section        0  hmac_sha1.o(i.hmac_sha1)
    i.k                                      0x080058dc   Section        0  hmac_sha1.o(i.k)
    i.key_Functoin                           0x08005910   Section        0  key.o(i.key_Functoin)
    i.key_Init                               0x08005960   Section        0  key.o(i.key_Init)
    i.key_Scan                               0x080059cc   Section        0  key.o(i.key_Scan)
    i.main                                   0x08005b4c   Section        0  main.o(i.main)
    i.malloc                                 0x08006418   Section        0  malloc.o(i.malloc)
    i.parse_array                            0x08006484   Section        0  cjson.o(i.parse_array)
    parse_array                              0x08006485   Thumb Code   166  cjson.o(i.parse_array)
    i.parse_hex4                             0x08006530   Section        0  cjson.o(i.parse_hex4)
    parse_hex4                               0x08006531   Thumb Code   276  cjson.o(i.parse_hex4)
    i.parse_number                           0x08006644   Section        0  cjson.o(i.parse_number)
    parse_number                             0x08006645   Thumb Code   432  cjson.o(i.parse_number)
    i.parse_object                           0x08006800   Section        0  cjson.o(i.parse_object)
    parse_object                             0x08006801   Thumb Code   270  cjson.o(i.parse_object)
    i.parse_string                           0x08006914   Section        0  cjson.o(i.parse_string)
    parse_string                             0x08006915   Thumb Code   448  cjson.o(i.parse_string)
    i.parse_value                            0x08006ae0   Section        0  cjson.o(i.parse_value)
    parse_value                              0x08006ae1   Thumb Code   158  cjson.o(i.parse_value)
    i.pow                                    0x08006b9c   Section        0  pow.o(i.pow)
    i.pow2gt                                 0x08007574   Section        0  cjson.o(i.pow2gt)
    pow2gt                                   0x08007575   Thumb Code    28  cjson.o(i.pow2gt)
    i.print_array                            0x08007590   Section        0  cjson.o(i.print_array)
    print_array                              0x08007591   Thumb Code   578  cjson.o(i.print_array)
    i.print_number                           0x080077e0   Section        0  cjson.o(i.print_number)
    print_number                             0x080077e1   Thumb Code   342  cjson.o(i.print_number)
    i.print_object                           0x08007978   Section        0  cjson.o(i.print_object)
    print_object                             0x08007979   Thumb Code  1038  cjson.o(i.print_object)
    i.print_string                           0x08007d90   Section        0  cjson.o(i.print_string)
    print_string                             0x08007d91   Thumb Code    16  cjson.o(i.print_string)
    i.print_string_ptr                       0x08007da0   Section        0  cjson.o(i.print_string_ptr)
    print_string_ptr                         0x08007da1   Thumb Code   442  cjson.o(i.print_string_ptr)
    i.print_value                            0x08007f74   Section        0  cjson.o(i.print_value)
    print_value                              0x08007f75   Thumb Code   278  cjson.o(i.print_value)
    i.rotl                                   0x080080a4   Section        0  hmac_sha1.o(i.rotl)
    i.sha1                                   0x080080d4   Section        0  hmac_sha1.o(i.sha1)
    i.skip                                   0x08008358   Section        0  cjson.o(i.skip)
    skip                                     0x08008359   Thumb Code    18  cjson.o(i.skip)
    i.sqrt                                   0x0800836a   Section        0  sqrt.o(i.sqrt)
    i.suffix_object                          0x080083b6   Section        0  cjson.o(i.suffix_object)
    suffix_object                            0x080083b7   Thumb Code     6  cjson.o(i.suffix_object)
    i.tiemr2_Ch1_Pwm_Init                    0x080083bc   Section        0  timer.o(i.tiemr2_Ch1_Pwm_Init)
    i.update                                 0x0800844c   Section        0  cjson.o(i.update)
    update                                   0x0800844d   Thumb Code    32  cjson.o(i.update)
    .constdata                               0x0800846c   Section     6424  oled.o(.constdata)
    .constdata                               0x08009d84   Section      192  base64.o(.constdata)
    base64_enc_map                           0x08009d84   Data          64  base64.o(.constdata)
    base64_dec_map                           0x08009dc4   Data         128  base64.o(.constdata)
    .constdata                               0x08009e44   Section        7  cjson.o(.constdata)
    firstByteMark                            0x08009e44   Data           7  cjson.o(.constdata)
    .constdata                               0x08009e50   Section      136  pow.o(.constdata)
    bp                                       0x08009e50   Data          16  pow.o(.constdata)
    dp_h                                     0x08009e60   Data          16  pow.o(.constdata)
    dp_l                                     0x08009e70   Data          16  pow.o(.constdata)
    L                                        0x08009e80   Data          48  pow.o(.constdata)
    P                                        0x08009eb0   Data          40  pow.o(.constdata)
    .constdata                               0x08009ed8   Section        8  qnan.o(.constdata)
    .constdata                               0x08009ee0   Section       64  ctype_c.o(.constdata)
    .conststring                             0x08009f20   Section       70  esp8266.o(.conststring)
    .conststring                             0x08009f68   Section       71  onenet.o(.conststring)
    .data                                    0x20000000   Section       21  main.o(.data)
    .data                                    0x20000018   Section        8  stm32f10x_it.o(.data)
    nms                                      0x2000001e   Data           2  stm32f10x_it.o(.data)
    .data                                    0x20000020   Section       20  system_stm32f10x.o(.data)
    .data                                    0x20000034   Section       20  stm32f10x_rcc.o(.data)
    APBAHBPrescTable                         0x20000034   Data          16  stm32f10x_rcc.o(.data)
    ADCPrescTable                            0x20000044   Data           4  stm32f10x_rcc.o(.data)
    .data                                    0x20000048   Section        4  key.o(.data)
    key_status                               0x2000004a   Data           1  key.o(.data)
    tmp                                      0x2000004b   Data           1  key.o(.data)
    .data                                    0x2000004c   Section        3  delay.o(.data)
    .data                                    0x20000050   Section        4  esp8266.o(.data)
    .data                                    0x20000054   Section        2  onenet.o(.data)
    pkt_id                                   0x20000054   Data           2  onenet.o(.data)
    .data                                    0x20000058   Section       12  cjson.o(.data)
    ep                                       0x20000058   Data           4  cjson.o(.data)
    cJSON_malloc                             0x2000005c   Data           4  cjson.o(.data)
    .data                                    0x20000064   Section        4  mvars.o(.data)
    .data                                    0x20000068   Section        4  mvars.o(.data)
    .data                                    0x2000006c   Section        4  errno.o(.data)
    _errno                                   0x2000006c   Data           4  errno.o(.data)
    .bss                                     0x20000070   Section       36  main.o(.bss)
    .bss                                     0x20000094   Section      160  esp8266.o(.bss)
    HEAP                                     0x20000138   Section      512  startup_stm32f10x_md.o(HEAP)
    STACK                                    0x20000338   Section     2048  startup_stm32f10x_md.o(STACK)

    Global Symbols

    Symbol Name                              Value     Ov Type        Size  Object(Section)

    BuildAttributes$$THM_ISAv4$P$D$K$B$S$PE$A:L22UL41UL21$X:L11$S22US41US21$IEEE1$IW$USESV6$~STKCKD$USESV7$~SHL$OTIME$ROPI$IEEEX$EBA8$MICROLIB$REQ8$PRES8$EABIv2 0x00000000   Number         0  anon$$obj.o ABSOLUTE
    __ARM_use_no_argv                        0x00000000   Number         0  main.o ABSOLUTE
    _printf_a                                0x00000000   Number         0  stubs.o ABSOLUTE
    _printf_c                                0x00000000   Number         0  stubs.o ABSOLUTE
    _printf_charcount                        0x00000000   Number         0  stubs.o ABSOLUTE
    _printf_d                                0x00000000   Number         0  stubs.o ABSOLUTE
    _printf_e                                0x00000000   Number         0  stubs.o ABSOLUTE
    _printf_f                                0x00000000   Number         0  stubs.o ABSOLUTE
    _printf_flags                            0x00000000   Number         0  stubs.o ABSOLUTE
    _printf_fp_dec                           0x00000000   Number         0  stubs.o ABSOLUTE
    _printf_fp_hex                           0x00000000   Number         0  stubs.o ABSOLUTE
    _printf_g                                0x00000000   Number         0  stubs.o ABSOLUTE
    _printf_i                                0x00000000   Number         0  stubs.o ABSOLUTE
    _printf_int_dec                          0x00000000   Number         0  stubs.o ABSOLUTE
    _printf_l                                0x00000000   Number         0  stubs.o ABSOLUTE
    _printf_lc                               0x00000000   Number         0  stubs.o ABSOLUTE
    _printf_ll                               0x00000000   Number         0  stubs.o ABSOLUTE
    _printf_lld                              0x00000000   Number         0  stubs.o ABSOLUTE
    _printf_lli                              0x00000000   Number         0  stubs.o ABSOLUTE
    _printf_llo                              0x00000000   Number         0  stubs.o ABSOLUTE
    _printf_llu                              0x00000000   Number         0  stubs.o ABSOLUTE
    _printf_llx                              0x00000000   Number         0  stubs.o ABSOLUTE
    _printf_longlong_dec                     0x00000000   Number         0  stubs.o ABSOLUTE
    _printf_longlong_hex                     0x00000000   Number         0  stubs.o ABSOLUTE
    _printf_longlong_oct                     0x00000000   Number         0  stubs.o ABSOLUTE
    _printf_ls                               0x00000000   Number         0  stubs.o ABSOLUTE
    _printf_mbtowc                           0x00000000   Number         0  stubs.o ABSOLUTE
    _printf_n                                0x00000000   Number         0  stubs.o ABSOLUTE
    _printf_o                                0x00000000   Number         0  stubs.o ABSOLUTE
    _printf_p                                0x00000000   Number         0  stubs.o ABSOLUTE
    _printf_percent                          0x00000000   Number         0  stubs.o ABSOLUTE
    _printf_pre_padding                      0x00000000   Number         0  stubs.o ABSOLUTE
    _printf_return_value                     0x00000000   Number         0  stubs.o ABSOLUTE
    _printf_s                                0x00000000   Number         0  stubs.o ABSOLUTE
    _printf_sizespec                         0x00000000   Number         0  stubs.o ABSOLUTE
    _printf_str                              0x00000000   Number         0  stubs.o ABSOLUTE
    _printf_truncate_signed                  0x00000000   Number         0  stubs.o ABSOLUTE
    _printf_truncate_unsigned                0x00000000   Number         0  stubs.o ABSOLUTE
    _printf_u                                0x00000000   Number         0  stubs.o ABSOLUTE
    _printf_wc                               0x00000000   Number         0  stubs.o ABSOLUTE
    _printf_wctomb                           0x00000000   Number         0  stubs.o ABSOLUTE
    _printf_widthprec                        0x00000000   Number         0  stubs.o ABSOLUTE
    _printf_x                                0x00000000   Number         0  stubs.o ABSOLUTE
    __arm_fini_                               - Undefined Weak Reference
    __cpp_initialize__aeabi_                  - Undefined Weak Reference
    __cxa_finalize                            - Undefined Weak Reference
    __decompress                              - Undefined Weak Reference
    _clock_init                               - Undefined Weak Reference
    _microlib_exit                            - Undefined Weak Reference
    _scanf_longlong                           - Undefined Weak Reference
    _scanf_real                               - Undefined Weak Reference
    __Vectors_Size                           0x000000ec   Number         0  startup_stm32f10x_md.o ABSOLUTE
    __Vectors                                0x08000000   Data           4  startup_stm32f10x_md.o(RESET)
    __Vectors_End                            0x080000ec   Data           0  startup_stm32f10x_md.o(RESET)
    __main                                   0x080000ed   Thumb Code     0  entry.o(.ARM.Collect$$$$00000000)
    _main_stk                                0x080000ed   Thumb Code     0  entry2.o(.ARM.Collect$$$$00000001)
    _main_scatterload                        0x080000f1   Thumb Code     0  entry5.o(.ARM.Collect$$$$00000004)
    __main_after_scatterload                 0x080000f5   Thumb Code     0  entry5.o(.ARM.Collect$$$$00000004)
    _main_clock                              0x080000f5   Thumb Code     0  entry7b.o(.ARM.Collect$$$$00000008)
    _main_cpp_init                           0x080000f5   Thumb Code     0  entry8b.o(.ARM.Collect$$$$0000000A)
    _main_init                               0x080000f5   Thumb Code     0  entry9a.o(.ARM.Collect$$$$0000000B)
    __rt_lib_shutdown_fini                   0x080000fd   Thumb Code     0  entry12b.o(.ARM.Collect$$$$0000000E)
    __rt_final_cpp                           0x08000101   Thumb Code     0  entry10a.o(.ARM.Collect$$$$0000000F)
    __rt_final_exit                          0x08000101   Thumb Code     0  entry11a.o(.ARM.Collect$$$$00000011)
    Reset_Handler                            0x08000105   Thumb Code     8  startup_stm32f10x_md.o(.text)
    PendSV_Handler                           0x0800011b   Thumb Code     2  startup_stm32f10x_md.o(.text)
    ADC1_2_IRQHandler                        0x0800011f   Thumb Code     0  startup_stm32f10x_md.o(.text)
    CAN1_RX1_IRQHandler                      0x0800011f   Thumb Code     0  startup_stm32f10x_md.o(.text)
    CAN1_SCE_IRQHandler                      0x0800011f   Thumb Code     0  startup_stm32f10x_md.o(.text)
    DMA1_Channel1_IRQHandler                 0x0800011f   Thumb Code     0  startup_stm32f10x_md.o(.text)
    DMA1_Channel2_IRQHandler                 0x0800011f   Thumb Code     0  startup_stm32f10x_md.o(.text)
    DMA1_Channel3_IRQHandler                 0x0800011f   Thumb Code     0  startup_stm32f10x_md.o(.text)
    DMA1_Channel4_IRQHandler                 0x0800011f   Thumb Code     0  startup_stm32f10x_md.o(.text)
    DMA1_Channel5_IRQHandler                 0x0800011f   Thumb Code     0  startup_stm32f10x_md.o(.text)
    DMA1_Channel6_IRQHandler                 0x0800011f   Thumb Code     0  startup_stm32f10x_md.o(.text)
    DMA1_Channel7_IRQHandler                 0x0800011f   Thumb Code     0  startup_stm32f10x_md.o(.text)
    EXTI15_10_IRQHandler                     0x0800011f   Thumb Code     0  startup_stm32f10x_md.o(.text)
    EXTI1_IRQHandler                         0x0800011f   Thumb Code     0  startup_stm32f10x_md.o(.text)
    EXTI2_IRQHandler                         0x0800011f   Thumb Code     0  startup_stm32f10x_md.o(.text)
    EXTI3_IRQHandler                         0x0800011f   Thumb Code     0  startup_stm32f10x_md.o(.text)
    EXTI4_IRQHandler                         0x0800011f   Thumb Code     0  startup_stm32f10x_md.o(.text)
    EXTI9_5_IRQHandler                       0x0800011f   Thumb Code     0  startup_stm32f10x_md.o(.text)
    FLASH_IRQHandler                         0x0800011f   Thumb Code     0  startup_stm32f10x_md.o(.text)
    I2C1_ER_IRQHandler                       0x0800011f   Thumb Code     0  startup_stm32f10x_md.o(.text)
    I2C1_EV_IRQHandler                       0x0800011f   Thumb Code     0  startup_stm32f10x_md.o(.text)
    I2C2_ER_IRQHandler                       0x0800011f   Thumb Code     0  startup_stm32f10x_md.o(.text)
    I2C2_EV_IRQHandler                       0x0800011f   Thumb Code     0  startup_stm32f10x_md.o(.text)
    PVD_IRQHandler                           0x0800011f   Thumb Code     0  startup_stm32f10x_md.o(.text)
    RCC_IRQHandler                           0x0800011f   Thumb Code     0  startup_stm32f10x_md.o(.text)
    RTCAlarm_IRQHandler                      0x0800011f   Thumb Code     0  startup_stm32f10x_md.o(.text)
    SPI1_IRQHandler                          0x0800011f   Thumb Code     0  startup_stm32f10x_md.o(.text)
    SPI2_IRQHandler                          0x0800011f   Thumb Code     0  startup_stm32f10x_md.o(.text)
    TAMPER_IRQHandler                        0x0800011f   Thumb Code     0  startup_stm32f10x_md.o(.text)
    TIM1_BRK_IRQHandler                      0x0800011f   Thumb Code     0  startup_stm32f10x_md.o(.text)
    TIM1_CC_IRQHandler                       0x0800011f   Thumb Code     0  startup_stm32f10x_md.o(.text)
    TIM1_TRG_COM_IRQHandler                  0x0800011f   Thumb Code     0  startup_stm32f10x_md.o(.text)
    TIM1_UP_IRQHandler                       0x0800011f   Thumb Code     0  startup_stm32f10x_md.o(.text)
    TIM2_IRQHandler                          0x0800011f   Thumb Code     0  startup_stm32f10x_md.o(.text)
    TIM3_IRQHandler                          0x0800011f   Thumb Code     0  startup_stm32f10x_md.o(.text)
    TIM4_IRQHandler                          0x0800011f   Thumb Code     0  startup_stm32f10x_md.o(.text)
    USART3_IRQHandler                        0x0800011f   Thumb Code     0  startup_stm32f10x_md.o(.text)
    USBWakeUp_IRQHandler                     0x0800011f   Thumb Code     0  startup_stm32f10x_md.o(.text)
    USB_HP_CAN1_TX_IRQHandler                0x0800011f   Thumb Code     0  startup_stm32f10x_md.o(.text)
    USB_LP_CAN1_RX0_IRQHandler               0x0800011f   Thumb Code     0  startup_stm32f10x_md.o(.text)
    WWDG_IRQHandler                          0x0800011f   Thumb Code     0  startup_stm32f10x_md.o(.text)
    tolower                                  0x08000129   Thumb Code    12  tolower.o(.text)
    __aeabi_memcpy                           0x08000135   Thumb Code    36  memcpya.o(.text)
    __aeabi_memcpy4                          0x08000135   Thumb Code     0  memcpya.o(.text)
    __aeabi_memcpy8                          0x08000135   Thumb Code     0  memcpya.o(.text)
    __aeabi_memset                           0x08000159   Thumb Code    14  memseta.o(.text)
    __aeabi_memset4                          0x08000159   Thumb Code     0  memseta.o(.text)
    __aeabi_memset8                          0x08000159   Thumb Code     0  memseta.o(.text)
    __aeabi_memclr                           0x08000167   Thumb Code     4  memseta.o(.text)
    __aeabi_memclr4                          0x08000167   Thumb Code     0  memseta.o(.text)
    __aeabi_memclr8                          0x08000167   Thumb Code     0  memseta.o(.text)
    _memset$wrapper                          0x0800016b   Thumb Code    18  memseta.o(.text)
    strcat                                   0x0800017d   Thumb Code    24  strcat.o(.text)
    strstr                                   0x08000195   Thumb Code    36  strstr.o(.text)
    strchr                                   0x080001b9   Thumb Code    20  strchr.o(.text)
    strlen                                   0x080001cd   Thumb Code    14  strlen.o(.text)
    strncat                                  0x080001db   Thumb Code    40  strncat.o(.text)
    strcpy                                   0x08000203   Thumb Code    18  strcpy.o(.text)
    strncmp                                  0x08000215   Thumb Code    30  strncmp.o(.text)
    __0sscanf                                0x08000235   Thumb Code    48  __0sscanf.o(.text)
    _scanf_int                               0x0800026d   Thumb Code   332  _scanf_int.o(.text)
    _scanf_string                            0x080003b9   Thumb Code   224  _scanf_str.o(.text)
    __aeabi_dadd                             0x08000499   Thumb Code   322  dadd.o(.text)
    __aeabi_dsub                             0x080005db   Thumb Code     6  dadd.o(.text)
    __aeabi_drsub                            0x080005e1   Thumb Code     6  dadd.o(.text)
    __aeabi_dmul                             0x080005e7   Thumb Code   228  dmul.o(.text)
    __aeabi_ddiv                             0x080006cb   Thumb Code   222  ddiv.o(.text)
    __aeabi_i2d                              0x080007a9   Thumb Code    34  dflti.o(.text)
    __aeabi_ui2d                             0x080007cb   Thumb Code    26  dfltui.o(.text)
    __aeabi_d2iz                             0x080007e5   Thumb Code    62  dfixi.o(.text)
    __aeabi_f2d                              0x08000823   Thumb Code    38  f2d.o(.text)
    __aeabi_cdcmpeq                          0x08000849   Thumb Code     0  cdcmple.o(.text)
    __aeabi_cdcmple                          0x08000849   Thumb Code    48  cdcmple.o(.text)
    __aeabi_cdrcmple                         0x08000879   Thumb Code    48  cdrcmple.o(.text)
    __aeabi_d2f                              0x080008a9   Thumb Code    56  d2f.o(.text)
    __aeabi_cfcmpeq                          0x080008e1   Thumb Code     0  cfcmple.o(.text)
    __aeabi_cfcmple                          0x080008e1   Thumb Code    20  cfcmple.o(.text)
    __aeabi_uidiv                            0x080008f5   Thumb Code     0  uidiv.o(.text)
    __aeabi_uidivmod                         0x080008f5   Thumb Code    44  uidiv.o(.text)
    __aeabi_uldivmod                         0x08000921   Thumb Code    98  uldiv.o(.text)
    __aeabi_llsl                             0x08000983   Thumb Code    30  llshl.o(.text)
    _ll_shift_l                              0x08000983   Thumb Code     0  llshl.o(.text)
    __aeabi_llsr                             0x080009a1   Thumb Code    32  llushr.o(.text)
    _ll_ushift_r                             0x080009a1   Thumb Code     0  llushr.o(.text)
    __aeabi_lasr                             0x080009c1   Thumb Code    36  llsshr.o(.text)
    _ll_sshift_r                             0x080009c1   Thumb Code     0  llsshr.o(.text)
    _chval                                   0x080009e5   Thumb Code    28  _chval.o(.text)
    __vfscanf_char                           0x08000a0d   Thumb Code    20  scanf_char.o(.text)
    _sgetc                                   0x08000a29   Thumb Code    30  _sgetc.o(.text)
    _sbackspace                              0x08000a47   Thumb Code    34  _sgetc.o(.text)
    __I$use$fp                               0x08000a69   Thumb Code     0  iusefp.o(.text)
    _float_round                             0x08000a69   Thumb Code    18  fepilogue.o(.text)
    _float_epilogue                          0x08000a7b   Thumb Code    92  fepilogue.o(.text)
    _double_round                            0x08000ad7   Thumb Code    30  depilogue.o(.text)
    _double_epilogue                         0x08000af5   Thumb Code   156  depilogue.o(.text)
    __ARM_scalbn                             0x08000b91   Thumb Code    46  dscalb.o(.text)
    scalbn                                   0x08000b91   Thumb Code     0  dscalb.o(.text)
    __aeabi_d2ulz                            0x08000bbf   Thumb Code    48  dfixul.o(.text)
    __scatterload                            0x08000bf1   Thumb Code    28  init.o(.text)
    __scatterload_rt2                        0x08000bf1   Thumb Code     0  init.o(.text)
    isspace                                  0x08000c15   Thumb Code    10  isspace_c.o(.text)
    __vfscanf                                0x08000c21   Thumb Code   810  _scanf.o(.text)
    _dsqrt                                   0x08000f51   Thumb Code   162  dsqrt.o(.text)
    __ctype_lookup                           0x08000ff5   Thumb Code    34  ctype_c.o(.text)
    AngleToPWM                               0x0800101d   Thumb Code    18  main.o(i.AngleToPWM)
    BASE64_Decode                            0x08001031   Thumb Code   360  base64.o(i.BASE64_Decode)
    BASE64_Encode                            0x0800119d   Thumb Code   320  base64.o(i.BASE64_Encode)
    BusFault_Handler                         0x080012e1   Thumb Code     4  stm32f10x_it.o(i.BusFault_Handler)
    DebugMon_Handler                         0x080012e5   Thumb Code     2  stm32f10x_it.o(i.DebugMon_Handler)
    ESP8266_Clear                            0x080012e9   Thumb Code    18  esp8266.o(i.ESP8266_Clear)
    ESP8266_GetIPD                           0x08001305   Thumb Code    68  esp8266.o(i.ESP8266_GetIPD)
    ESP8266_GetNTPTime                       0x08001355   Thumb Code   178  esp8266.o(i.ESP8266_GetNTPTime)
    ESP8266_Init                             0x080014a9   Thumb Code   404  esp8266.o(i.ESP8266_Init)
    ESP8266_SendCmd                          0x08001855   Thumb Code    76  esp8266.o(i.ESP8266_SendCmd)
    ESP8266_SendData                         0x080018a9   Thumb Code    46  esp8266.o(i.ESP8266_SendData)
    ESP8266_WaitRecive                       0x080018f1   Thumb Code    42  esp8266.o(i.ESP8266_WaitRecive)
    EXTI0_IRQHandler                         0x08001925   Thumb Code     2  stm32f10x_it.o(i.EXTI0_IRQHandler)
    GPIO_Init                                0x08001927   Thumb Code   278  stm32f10x_gpio.o(i.GPIO_Init)
    GPIO_PinRemapConfig                      0x08001a3d   Thumb Code   138  stm32f10x_gpio.o(i.GPIO_PinRemapConfig)
    GPIO_ReadInputDataBit                    0x08001acd   Thumb Code    18  stm32f10x_gpio.o(i.GPIO_ReadInputDataBit)
    GPIO_ResetBits                           0x08001adf   Thumb Code     4  stm32f10x_gpio.o(i.GPIO_ResetBits)
    GPIO_SetBits                             0x08001ae3   Thumb Code     4  stm32f10x_gpio.o(i.GPIO_SetBits)
    HardFault_Handler                        0x08001ae7   Thumb Code     4  stm32f10x_it.o(i.HardFault_Handler)
    Hardware_Init                            0x08001aed   Thumb Code    96  main.o(i.Hardware_Init)
    I2C_CheckEvent                           0x08001b71   Thumb Code    42  stm32f10x_i2c.o(i.I2C_CheckEvent)
    I2C_Cmd                                  0x08001b9b   Thumb Code    24  stm32f10x_i2c.o(i.I2C_Cmd)
    I2C_Configuration                        0x08001bb5   Thumb Code   128  oled.o(i.I2C_Configuration)
    I2C_DeInit                               0x08001c41   Thumb Code    50  stm32f10x_i2c.o(i.I2C_DeInit)
    I2C_GenerateSTART                        0x08001c79   Thumb Code    24  stm32f10x_i2c.o(i.I2C_GenerateSTART)
    I2C_GenerateSTOP                         0x08001c91   Thumb Code    24  stm32f10x_i2c.o(i.I2C_GenerateSTOP)
    I2C_GetFlagStatus                        0x08001ca9   Thumb Code    58  stm32f10x_i2c.o(i.I2C_GetFlagStatus)
    I2C_Init                                 0x08001ce5   Thumb Code   222  stm32f10x_i2c.o(i.I2C_Init)
    I2C_Send7bitAddress                      0x08001dd1   Thumb Code    18  stm32f10x_i2c.o(i.I2C_Send7bitAddress)
    I2C_SendData                             0x08001de3   Thumb Code     4  stm32f10x_i2c.o(i.I2C_SendData)
    I2C_WriteByte                            0x08001de9   Thumb Code   126  oled.o(i.I2C_WriteByte)
    IIC_Ack                                  0x08001e75   Thumb Code    66  myiic.o(i.IIC_Ack)
    IIC_NAck                                 0x08001ec5   Thumb Code    66  myiic.o(i.IIC_NAck)
    IIC_Read_Byte                            0x08001f15   Thumb Code    98  myiic.o(i.IIC_Read_Byte)
    IIC_Send_Byte                            0x08001f85   Thumb Code   104  myiic.o(i.IIC_Send_Byte)
    IIC_Start                                0x08001ff9   Thumb Code    64  myiic.o(i.IIC_Start)
    IIC_Stop                                 0x08002045   Thumb Code    70  myiic.o(i.IIC_Stop)
    IIC_Wait_Ack                             0x08002099   Thumb Code    86  myiic.o(i.IIC_Wait_Ack)
    Init_BH1750                              0x080020fd   Thumb Code    52  bh1750.o(i.Init_BH1750)
    LightToFixedAngle                        0x08002135   Thumb Code    64  main.o(i.LightToFixedAngle)
    MQTT_DeleteBuffer                        0x08002185   Thumb Code    28  mqttkit.o(i.MQTT_DeleteBuffer)
    MQTT_DumpLength                          0x080021a1   Thumb Code    46  mqttkit.o(i.MQTT_DumpLength)
    MQTT_NewBuffer                           0x080021cf   Thumb Code    88  mqttkit.o(i.MQTT_NewBuffer)
    MQTT_PacketConnect                       0x08002229   Thumb Code   666  mqttkit.o(i.MQTT_PacketConnect)
    MQTT_PacketPublish                       0x080024c9   Thumb Code   440  mqttkit.o(i.MQTT_PacketPublish)
    MQTT_PacketSaveData                      0x08002681   Thumb Code    66  mqttkit.o(i.MQTT_PacketSaveData)
    MQTT_PacketSubscribe                     0x080026e5   Thumb Code   254  mqttkit.o(i.MQTT_PacketSubscribe)
    MQTT_ReadLength                          0x080027e3   Thumb Code    70  mqttkit.o(i.MQTT_ReadLength)
    MQTT_UnPacketConnectAck                  0x08002829   Thumb Code    30  mqttkit.o(i.MQTT_UnPacketConnectAck)
    MQTT_UnPacketPublish                     0x08002849   Thumb Code   438  mqttkit.o(i.MQTT_UnPacketPublish)
    MQTT_UnPacketPublishAck                  0x08002a09   Thumb Code    30  mqttkit.o(i.MQTT_UnPacketPublishAck)
    MQTT_UnPacketRecv                        0x08002a29   Thumb Code   106  mqttkit.o(i.MQTT_UnPacketRecv)
    MQTT_UnPacketSubscribe                   0x08002a9d   Thumb Code    52  mqttkit.o(i.MQTT_UnPacketSubscribe)
    MemManage_Handler                        0x08002ad1   Thumb Code     4  stm32f10x_it.o(i.MemManage_Handler)
    NMI_Handler                              0x08002ad5   Thumb Code     2  stm32f10x_it.o(i.NMI_Handler)
    NVIC_Init                                0x08002ad9   Thumb Code   100  misc.o(i.NVIC_Init)
    NVIC_PriorityGroupConfig                 0x08002b49   Thumb Code    10  misc.o(i.NVIC_PriorityGroupConfig)
    OLED_CLS                                 0x08002b5d   Thumb Code    10  oled.o(i.OLED_CLS)
    OLED_Fill                                0x08002b67   Thumb Code    58  oled.o(i.OLED_Fill)
    OLED_Init                                0x08002ba1   Thumb Code   182  oled.o(i.OLED_Init)
    OLED_SetPos                              0x08002c57   Thumb Code    40  oled.o(i.OLED_SetPos)
    OLED_ShowStr                             0x08002c81   Thumb Code   228  oled.o(i.OLED_ShowStr)
    OneNET_Publish                           0x08003021   Thumb Code    86  onenet.o(i.OneNET_Publish)
    OneNET_Subscribe                         0x0800309d   Thumb Code    82  onenet.o(i.OneNET_Subscribe)
    OneNet_DevLink                           0x0800313d   Thumb Code   242  onenet.o(i.OneNet_DevLink)
    OneNet_FillBuf                           0x080033b9   Thumb Code   254  onenet.o(i.OneNet_FillBuf)
    OneNet_RevPro                            0x08003591   Thumb Code   674  onenet.o(i.OneNet_RevPro)
    OneNet_SendData                          0x080039cd   Thumb Code   140  onenet.o(i.OneNet_SendData)
    ParseNTPTime                             0x08003acd   Thumb Code   278  esp8266.o(i.ParseNTPTime)
    RCC_APB1PeriphClockCmd                   0x08003c31   Thumb Code    26  stm32f10x_rcc.o(i.RCC_APB1PeriphClockCmd)
    RCC_APB1PeriphResetCmd                   0x08003c51   Thumb Code    26  stm32f10x_rcc.o(i.RCC_APB1PeriphResetCmd)
    RCC_APB2PeriphClockCmd                   0x08003c71   Thumb Code    26  stm32f10x_rcc.o(i.RCC_APB2PeriphClockCmd)
    RCC_GetClocksFreq                        0x08003c91   Thumb Code   192  stm32f10x_rcc.o(i.RCC_GetClocksFreq)
    RTC_IRQHandler                           0x08003d65   Thumb Code     2  stm32f10x_it.o(i.RTC_IRQHandler)
    SVC_Handler                              0x08003d67   Thumb Code     2  stm32f10x_it.o(i.SVC_Handler)
    Send_Property_Response                   0x08003d69   Thumb Code   174  onenet.o(i.Send_Property_Response)
    Single_Write_BH1750                      0x08003f55   Thumb Code    26  bh1750.o(i.Single_Write_BH1750)
    SysTick_Handler                          0x08003f71   Thumb Code    96  stm32f10x_it.o(i.SysTick_Handler)
    SystemInit                               0x08003fe5   Thumb Code    78  system_stm32f10x.o(i.SystemInit)
    TIM_Cmd                                  0x08004045   Thumb Code    24  stm32f10x_tim.o(i.TIM_Cmd)
    TIM_OC1Init                              0x0800405d   Thumb Code   132  stm32f10x_tim.o(i.TIM_OC1Init)
    TIM_OC2Init                              0x080040f5   Thumb Code   154  stm32f10x_tim.o(i.TIM_OC2Init)
    TIM_SetCompare1                          0x08004199   Thumb Code     4  stm32f10x_tim.o(i.TIM_SetCompare1)
    TIM_SetCompare2                          0x0800419d   Thumb Code     4  stm32f10x_tim.o(i.TIM_SetCompare2)
    TIM_TimeBaseInit                         0x080041a1   Thumb Code   122  stm32f10x_tim.o(i.TIM_TimeBaseInit)
    USART1_IRQHandler                        0x08004245   Thumb Code    24  usart.o(i.USART1_IRQHandler)
    USART2_IRQHandler                        0x08004261   Thumb Code    62  esp8266.o(i.USART2_IRQHandler)
    USART_ClearFlag                          0x080042ad   Thumb Code    18  stm32f10x_usart.o(i.USART_ClearFlag)
    USART_Cmd                                0x080042bf   Thumb Code    24  stm32f10x_usart.o(i.USART_Cmd)
    USART_GetFlagStatus                      0x080042d7   Thumb Code    26  stm32f10x_usart.o(i.USART_GetFlagStatus)
    USART_GetITStatus                        0x080042f1   Thumb Code    84  stm32f10x_usart.o(i.USART_GetITStatus)
    USART_ITConfig                           0x08004345   Thumb Code    74  stm32f10x_usart.o(i.USART_ITConfig)
    USART_Init                               0x08004391   Thumb Code   210  stm32f10x_usart.o(i.USART_Init)
    USART_SendData                           0x08004469   Thumb Code     8  stm32f10x_usart.o(i.USART_SendData)
    UpdateClock                              0x08004471   Thumb Code   270  esp8266.o(i.UpdateClock)
    UsageFault_Handler                       0x080045cd   Thumb Code     4  stm32f10x_it.o(i.UsageFault_Handler)
    Usart1_Init                              0x080045d1   Thumb Code   166  usart.o(i.Usart1_Init)
    Usart2_Init                              0x08004681   Thumb Code   162  usart.o(i.Usart2_Init)
    UsartPrintf                              0x0800472d   Thumb Code    72  usart.o(i.UsartPrintf)
    Usart_SendString                         0x08004775   Thumb Code    50  usart.o(i.Usart_SendString)
    WriteCmd                                 0x080047a7   Thumb Code    14  oled.o(i.WriteCmd)
    WriteData                                0x080047b5   Thumb Code    14  oled.o(i.WriteData)
    __0snprintf                              0x080047c5   Thumb Code    48  printfa.o(i.__0snprintf)
    __1snprintf                              0x080047c5   Thumb Code     0  printfa.o(i.__0snprintf)
    __2snprintf                              0x080047c5   Thumb Code     0  printfa.o(i.__0snprintf)
    __c89snprintf                            0x080047c5   Thumb Code     0  printfa.o(i.__0snprintf)
    snprintf                                 0x080047c5   Thumb Code     0  printfa.o(i.__0snprintf)
    __0sprintf                               0x080047f9   Thumb Code    34  printfa.o(i.__0sprintf)
    __1sprintf                               0x080047f9   Thumb Code     0  printfa.o(i.__0sprintf)
    __2sprintf                               0x080047f9   Thumb Code     0  printfa.o(i.__0sprintf)
    __c89sprintf                             0x080047f9   Thumb Code     0  printfa.o(i.__0sprintf)
    sprintf                                  0x080047f9   Thumb Code     0  printfa.o(i.__0sprintf)
    __0vsnprintf                             0x08004821   Thumb Code    46  printfa.o(i.__0vsnprintf)
    __1vsnprintf                             0x08004821   Thumb Code     0  printfa.o(i.__0vsnprintf)
    __2vsnprintf                             0x08004821   Thumb Code     0  printfa.o(i.__0vsnprintf)
    __c89vsnprintf                           0x08004821   Thumb Code     0  printfa.o(i.__0vsnprintf)
    vsnprintf                                0x08004821   Thumb Code     0  printfa.o(i.__0vsnprintf)
    __ARM_fpclassify                         0x08004855   Thumb Code    40  fpclassify.o(i.__ARM_fpclassify)
    __kernel_poly                            0x0800487d   Thumb Code   170  poly.o(i.__kernel_poly)
    __mathlib_dbl_divzero                    0x08004929   Thumb Code    12  dunder.o(i.__mathlib_dbl_divzero)
    __mathlib_dbl_infnan2                    0x08004939   Thumb Code     4  dunder.o(i.__mathlib_dbl_infnan2)
    __mathlib_dbl_invalid                    0x0800493d   Thumb Code    12  dunder.o(i.__mathlib_dbl_invalid)
    __mathlib_dbl_overflow                   0x08004949   Thumb Code    14  dunder.o(i.__mathlib_dbl_overflow)
    __mathlib_dbl_underflow                  0x08004959   Thumb Code    10  dunder.o(i.__mathlib_dbl_underflow)
    __scatterload_copy                       0x08004969   Thumb Code    14  handlers.o(i.__scatterload_copy)
    __scatterload_null                       0x08004977   Thumb Code     2  handlers.o(i.__scatterload_null)
    __scatterload_zeroinit                   0x08004979   Thumb Code    14  handlers.o(i.__scatterload_zeroinit)
    __set_errno                              0x08004989   Thumb Code     6  errno.o(i.__set_errno)
    beep_Init                                0x08005241   Thumb Code    48  key.o(i.beep_Init)
    bh_data_read                             0x08005275   Thumb Code    46  bh1750.o(i.bh_data_read)
    bh_data_send                             0x080052a3   Thumb Code    40  bh1750.o(i.bh_data_send)
    cJSON_AddItemToArray                     0x080052cb   Thumb Code    42  cjson.o(i.cJSON_AddItemToArray)
    cJSON_AddItemToObject                    0x080052f5   Thumb Code    44  cjson.o(i.cJSON_AddItemToObject)
    cJSON_CreateNumber                       0x08005325   Thumb Code    36  cjson.o(i.cJSON_CreateNumber)
    cJSON_CreateObject                       0x08005349   Thumb Code    18  cjson.o(i.cJSON_CreateObject)
    cJSON_CreateString                       0x0800535b   Thumb Code    28  cjson.o(i.cJSON_CreateString)
    cJSON_Delete                             0x08005379   Thumb Code    82  cjson.o(i.cJSON_Delete)
    cJSON_GetObjectItem                      0x080053d1   Thumb Code    30  cjson.o(i.cJSON_GetObjectItem)
    cJSON_Parse                              0x08005411   Thumb Code    16  cjson.o(i.cJSON_Parse)
    cJSON_ParseWithOpts                      0x08005421   Thumb Code    96  cjson.o(i.cJSON_ParseWithOpts)
    cJSON_PrintUnformatted                   0x08005485   Thumb Code    18  cjson.o(i.cJSON_PrintUnformatted)
    delay_Init                               0x08005511   Thumb Code    84  delay.o(i.delay_Init)
    delay_us                                 0x08005571   Thumb Code    64  delay.o(i.delay_us)
    delayms                                  0x080055b1   Thumb Code    16  delay.o(i.delayms)
    floor                                    0x08005635   Thumb Code   204  floor.o(i.floor)
    free                                     0x08005711   Thumb Code    76  malloc.o(i.free)
    ft                                       0x08005761   Thumb Code    76  hmac_sha1.o(i.ft)
    hmac_sha1                                0x080057ad   Thumb Code   302  hmac_sha1.o(i.hmac_sha1)
    k                                        0x080058dd   Thumb Code    34  hmac_sha1.o(i.k)
    key_Functoin                             0x08005911   Thumb Code    76  key.o(i.key_Functoin)
    key_Init                                 0x08005961   Thumb Code    94  key.o(i.key_Init)
    key_Scan                                 0x080059cd   Thumb Code   364  key.o(i.key_Scan)
    main                                     0x08005b4d   Thumb Code  2036  main.o(i.main)
    malloc                                   0x08006419   Thumb Code    92  malloc.o(i.malloc)
    pow                                      0x08006b9d   Thumb Code  2512  pow.o(i.pow)
    rotl                                     0x080080a5   Thumb Code    46  hmac_sha1.o(i.rotl)
    sha1                                     0x080080d5   Thumb Code   632  hmac_sha1.o(i.sha1)
    sqrt                                     0x0800836b   Thumb Code    76  sqrt.o(i.sqrt)
    tiemr2_Ch1_Pwm_Init                      0x080083bd   Thumb Code   138  timer.o(i.tiemr2_Ch1_Pwm_Init)
    F6x8                                     0x0800846c   Data         552  oled.o(.constdata)
    F8X16                                    0x08008694   Data        1520  oled.o(.constdata)
    Hzk                                      0x08008c84   Data        4352  oled.o(.constdata)
    __mathlib_zero                           0x08009ed8   Data           8  qnan.o(.constdata)
    __ctype_categories                       0x08009ee0   Data          64  ctype_c.o(.constdata)
    Region$$Table$$Base                      0x08009fb0   Number         0  anon$$obj.o(Region$$Table)
    Region$$Table$$Limit                     0x08009fd0   Number         0  anon$$obj.o(Region$$Table)
    index_bh1750                             0x20000000   Data           1  main.o(.data)
    index_duoji                              0x20000001   Data           1  main.o(.data)
    work_mode                                0x20000002   Data           1  main.o(.data)
    manual_angle                             0x20000003   Data           1  main.o(.data)
    timeCount                                0x20000004   Data           2  main.o(.data)
    light_value                              0x20000008   Data           4  main.o(.data)
    angle                                    0x2000000c   Data           1  main.o(.data)
    prev_timer_setting_index                 0x2000000d   Data           1  main.o(.data)
    cursor_displayed                         0x2000000e   Data           1  main.o(.data)
    timer_setting                            0x2000000f   Data           5  main.o(.data)
    timer_setting_index                      0x20000014   Data           1  main.o(.data)
    SystickTime                              0x20000018   Data           4  stm32f10x_it.o(.data)
    clock_update_flag                        0x2000001c   Data           1  stm32f10x_it.o(.data)
    SystemCoreClock                          0x20000020   Data           4  system_stm32f10x.o(.data)
    AHBPrescTable                            0x20000024   Data          16  system_stm32f10x.o(.data)
    index_key                                0x20000048   Data           1  key.o(.data)
    key_num                                  0x20000049   Data           1  key.o(.data)
    nMsCount                                 0x2000004c   Data           2  delay.o(.data)
    delay_Start                              0x2000004e   Data           1  delay.o(.data)
    esp8266_cnt                              0x20000050   Data           2  esp8266.o(.data)
    esp8266_cntPre                           0x20000052   Data           2  esp8266.o(.data)
    cJSON_free                               0x20000060   Data           4  cjson.o(.data)
    __microlib_freelist                      0x20000064   Data           4  mvars.o(.data)
    __microlib_freelist_initialised          0x20000068   Data           4  mvars.o(.data)
    light_info                               0x20000070   Data          16  main.o(.bss)
    time_str                                 0x20000080   Data          20  main.o(.bss)
    esp8266_buf                              0x20000094   Data         128  esp8266.o(.bss)
    ntp_time                                 0x20000114   Data          32  esp8266.o(.bss)
    __heap_base                              0x20000138   Data           0  startup_stm32f10x_md.o(HEAP)
    __heap_limit                             0x20000338   Data           0  startup_stm32f10x_md.o(HEAP)
    __initial_sp                             0x20000b38   Data           0  startup_stm32f10x_md.o(STACK)



==============================================================================

Memory Map of the image

  Image Entry point : 0x080000ed

  Load Region LR_IROM1 (Base: 0x08000000, Size: 0x0000a040, Max: 0x00010000, ABSOLUTE)

    Execution Region ER_IROM1 (Exec base: 0x08000000, Load base: 0x08000000, Size: 0x00009fd0, Max: 0x00010000, ABSOLUTE)

    Exec Addr    Load Addr    Size         Type   Attr      Idx    E Section Name        Object

    0x08000000   0x08000000   0x000000ec   Data   RO          349    RESET               startup_stm32f10x_md.o
    0x080000ec   0x080000ec   0x00000000   Code   RO         4663  * .ARM.Collect$$$$00000000  mc_w.l(entry.o)
    0x080000ec   0x080000ec   0x00000004   Code   RO         5036    .ARM.Collect$$$$00000001  mc_w.l(entry2.o)
    0x080000f0   0x080000f0   0x00000004   Code   RO         5039    .ARM.Collect$$$$00000004  mc_w.l(entry5.o)
    0x080000f4   0x080000f4   0x00000000   Code   RO         5041    .ARM.Collect$$$$00000008  mc_w.l(entry7b.o)
    0x080000f4   0x080000f4   0x00000000   Code   RO         5043    .ARM.Collect$$$$0000000A  mc_w.l(entry8b.o)
    0x080000f4   0x080000f4   0x00000008   Code   RO         5044    .ARM.Collect$$$$0000000B  mc_w.l(entry9a.o)
    0x080000fc   0x080000fc   0x00000004   Code   RO         5051    .ARM.Collect$$$$0000000E  mc_w.l(entry12b.o)
    0x08000100   0x08000100   0x00000000   Code   RO         5046    .ARM.Collect$$$$0000000F  mc_w.l(entry10a.o)
    0x08000100   0x08000100   0x00000000   Code   RO         5048    .ARM.Collect$$$$00000011  mc_w.l(entry11a.o)
    0x08000100   0x08000100   0x00000004   Code   RO         5037    .ARM.Collect$$$$00002712  mc_w.l(entry2.o)
    0x08000104   0x08000104   0x00000024   Code   RO          350    .text               startup_stm32f10x_md.o
    0x08000128   0x08000128   0x0000000c   Code   RO         4666    .text               mc_w.l(tolower.o)
    0x08000134   0x08000134   0x00000024   Code   RO         4668    .text               mc_w.l(memcpya.o)
    0x08000158   0x08000158   0x00000024   Code   RO         4670    .text               mc_w.l(memseta.o)
    0x0800017c   0x0800017c   0x00000018   Code   RO         4672    .text               mc_w.l(strcat.o)
    0x08000194   0x08000194   0x00000024   Code   RO         4674    .text               mc_w.l(strstr.o)
    0x080001b8   0x080001b8   0x00000014   Code   RO         4676    .text               mc_w.l(strchr.o)
    0x080001cc   0x080001cc   0x0000000e   Code   RO         4678    .text               mc_w.l(strlen.o)
    0x080001da   0x080001da   0x00000028   Code   RO         4680    .text               mc_w.l(strncat.o)
    0x08000202   0x08000202   0x00000012   Code   RO         4682    .text               mc_w.l(strcpy.o)
    0x08000214   0x08000214   0x0000001e   Code   RO         4684    .text               mc_w.l(strncmp.o)
    0x08000232   0x08000232   0x00000002   PAD
    0x08000234   0x08000234   0x00000038   Code   RO         4977    .text               mc_w.l(__0sscanf.o)
    0x0800026c   0x0800026c   0x0000014c   Code   RO         4979    .text               mc_w.l(_scanf_int.o)
    0x080003b8   0x080003b8   0x000000e0   Code   RO         4981    .text               mc_w.l(_scanf_str.o)
    0x08000498   0x08000498   0x0000014e   Code   RO         4985    .text               mf_w.l(dadd.o)
    0x080005e6   0x080005e6   0x000000e4   Code   RO         4987    .text               mf_w.l(dmul.o)
    0x080006ca   0x080006ca   0x000000de   Code   RO         4989    .text               mf_w.l(ddiv.o)
    0x080007a8   0x080007a8   0x00000022   Code   RO         4993    .text               mf_w.l(dflti.o)
    0x080007ca   0x080007ca   0x0000001a   Code   RO         4995    .text               mf_w.l(dfltui.o)
    0x080007e4   0x080007e4   0x0000003e   Code   RO         4997    .text               mf_w.l(dfixi.o)
    0x08000822   0x08000822   0x00000026   Code   RO         4999    .text               mf_w.l(f2d.o)
    0x08000848   0x08000848   0x00000030   Code   RO         5001    .text               mf_w.l(cdcmple.o)
    0x08000878   0x08000878   0x00000030   Code   RO         5003    .text               mf_w.l(cdrcmple.o)
    0x080008a8   0x080008a8   0x00000038   Code   RO         5005    .text               mf_w.l(d2f.o)
    0x080008e0   0x080008e0   0x00000014   Code   RO         5007    .text               mf_w.l(cfcmple.o)
    0x080008f4   0x080008f4   0x0000002c   Code   RO         5055    .text               mc_w.l(uidiv.o)
    0x08000920   0x08000920   0x00000062   Code   RO         5057    .text               mc_w.l(uldiv.o)
    0x08000982   0x08000982   0x0000001e   Code   RO         5059    .text               mc_w.l(llshl.o)
    0x080009a0   0x080009a0   0x00000020   Code   RO         5061    .text               mc_w.l(llushr.o)
    0x080009c0   0x080009c0   0x00000024   Code   RO         5063    .text               mc_w.l(llsshr.o)
    0x080009e4   0x080009e4   0x0000001c   Code   RO         5074    .text               mc_w.l(_chval.o)
    0x08000a00   0x08000a00   0x00000028   Code   RO         5076    .text               mc_w.l(scanf_char.o)
    0x08000a28   0x08000a28   0x00000040   Code   RO         5078    .text               mc_w.l(_sgetc.o)
    0x08000a68   0x08000a68   0x00000000   Code   RO         5080    .text               mc_w.l(iusefp.o)
    0x08000a68   0x08000a68   0x0000006e   Code   RO         5081    .text               mf_w.l(fepilogue.o)
    0x08000ad6   0x08000ad6   0x000000ba   Code   RO         5083    .text               mf_w.l(depilogue.o)
    0x08000b90   0x08000b90   0x0000002e   Code   RO         5085    .text               mf_w.l(dscalb.o)
    0x08000bbe   0x08000bbe   0x00000030   Code   RO         5087    .text               mf_w.l(dfixul.o)
    0x08000bee   0x08000bee   0x00000002   PAD
    0x08000bf0   0x08000bf0   0x00000024   Code   RO         5089    .text               mc_w.l(init.o)
    0x08000c14   0x08000c14   0x0000000a   Code   RO         5092    .text               mc_w.l(isspace_c.o)
    0x08000c1e   0x08000c1e   0x00000002   PAD
    0x08000c20   0x08000c20   0x00000330   Code   RO         5094    .text               mc_w.l(_scanf.o)
    0x08000f50   0x08000f50   0x000000a2   Code   RO         5097    .text               mf_w.l(dsqrt.o)
    0x08000ff2   0x08000ff2   0x00000002   PAD
    0x08000ff4   0x08000ff4   0x00000028   Code   RO         5099    .text               mc_w.l(ctype_c.o)
    0x0800101c   0x0800101c   0x00000012   Code   RO            1    i.AngleToPWM        main.o
    0x0800102e   0x0800102e   0x00000002   PAD
    0x08001030   0x08001030   0x0000016c   Code   RO         3923    i.BASE64_Decode     base64.o
    0x0800119c   0x0800119c   0x00000144   Code   RO         3924    i.BASE64_Encode     base64.o
    0x080012e0   0x080012e0   0x00000004   Code   RO          126    i.BusFault_Handler  stm32f10x_it.o
    0x080012e4   0x080012e4   0x00000002   Code   RO          127    i.DebugMon_Handler  stm32f10x_it.o
    0x080012e6   0x080012e6   0x00000002   PAD
    0x080012e8   0x080012e8   0x0000001c   Code   RO         3846    i.ESP8266_Clear     esp8266.o
    0x08001304   0x08001304   0x00000050   Code   RO         3847    i.ESP8266_GetIPD    esp8266.o
    0x08001354   0x08001354   0x00000154   Code   RO         3848    i.ESP8266_GetNTPTime  esp8266.o
    0x080014a8   0x080014a8   0x000003ac   Code   RO         3849    i.ESP8266_Init      esp8266.o
    0x08001854   0x08001854   0x00000054   Code   RO         3850    i.ESP8266_SendCmd   esp8266.o
    0x080018a8   0x080018a8   0x00000048   Code   RO         3851    i.ESP8266_SendData  esp8266.o
    0x080018f0   0x080018f0   0x00000034   Code   RO         3852    i.ESP8266_WaitRecive  esp8266.o
    0x08001924   0x08001924   0x00000002   Code   RO          128    i.EXTI0_IRQHandler  stm32f10x_it.o
    0x08001926   0x08001926   0x00000116   Code   RO         1533    i.GPIO_Init         stm32f10x_gpio.o
    0x08001a3c   0x08001a3c   0x00000090   Code   RO         1535    i.GPIO_PinRemapConfig  stm32f10x_gpio.o
    0x08001acc   0x08001acc   0x00000012   Code   RO         1537    i.GPIO_ReadInputDataBit  stm32f10x_gpio.o
    0x08001ade   0x08001ade   0x00000004   Code   RO         1540    i.GPIO_ResetBits    stm32f10x_gpio.o
    0x08001ae2   0x08001ae2   0x00000004   Code   RO         1541    i.GPIO_SetBits      stm32f10x_gpio.o
    0x08001ae6   0x08001ae6   0x00000004   Code   RO          129    i.HardFault_Handler  stm32f10x_it.o
    0x08001aea   0x08001aea   0x00000002   PAD
    0x08001aec   0x08001aec   0x00000084   Code   RO            2    i.Hardware_Init     main.o
    0x08001b70   0x08001b70   0x0000002a   Code   RO         1644    i.I2C_CheckEvent    stm32f10x_i2c.o
    0x08001b9a   0x08001b9a   0x00000018   Code   RO         1647    i.I2C_Cmd           stm32f10x_i2c.o
    0x08001bb2   0x08001bb2   0x00000002   PAD
    0x08001bb4   0x08001bb4   0x0000008c   Code   RO         3438    i.I2C_Configuration  oled.o
    0x08001c40   0x08001c40   0x00000038   Code   RO         1650    i.I2C_DeInit        stm32f10x_i2c.o
    0x08001c78   0x08001c78   0x00000018   Code   RO         1654    i.I2C_GenerateSTART  stm32f10x_i2c.o
    0x08001c90   0x08001c90   0x00000018   Code   RO         1655    i.I2C_GenerateSTOP  stm32f10x_i2c.o
    0x08001ca8   0x08001ca8   0x0000003a   Code   RO         1656    i.I2C_GetFlagStatus  stm32f10x_i2c.o
    0x08001ce2   0x08001ce2   0x00000002   PAD
    0x08001ce4   0x08001ce4   0x000000ec   Code   RO         1661    i.I2C_Init          stm32f10x_i2c.o
    0x08001dd0   0x08001dd0   0x00000012   Code   RO         1668    i.I2C_Send7bitAddress  stm32f10x_i2c.o
    0x08001de2   0x08001de2   0x00000004   Code   RO         1669    i.I2C_SendData      stm32f10x_i2c.o
    0x08001de6   0x08001de6   0x00000002   PAD
    0x08001de8   0x08001de8   0x0000008c   Code   RO         3439    i.I2C_WriteByte     oled.o
    0x08001e74   0x08001e74   0x00000050   Code   RO         3722    i.IIC_Ack           myiic.o
    0x08001ec4   0x08001ec4   0x00000050   Code   RO         3723    i.IIC_NAck          myiic.o
    0x08001f14   0x08001f14   0x00000070   Code   RO         3724    i.IIC_Read_Byte     myiic.o
    0x08001f84   0x08001f84   0x00000074   Code   RO         3725    i.IIC_Send_Byte     myiic.o
    0x08001ff8   0x08001ff8   0x0000004c   Code   RO         3726    i.IIC_Start         myiic.o
    0x08002044   0x08002044   0x00000054   Code   RO         3727    i.IIC_Stop          myiic.o
    0x08002098   0x08002098   0x00000064   Code   RO         3728    i.IIC_Wait_Ack      myiic.o
    0x080020fc   0x080020fc   0x00000038   Code   RO         3682    i.Init_BH1750       bh1750.o
    0x08002134   0x08002134   0x00000050   Code   RO            3    i.LightToFixedAngle  main.o
    0x08002184   0x08002184   0x0000001c   Code   RO         4119    i.MQTT_DeleteBuffer  mqttkit.o
    0x080021a0   0x080021a0   0x0000002e   Code   RO         4120    i.MQTT_DumpLength   mqttkit.o
    0x080021ce   0x080021ce   0x00000058   Code   RO         4121    i.MQTT_NewBuffer    mqttkit.o
    0x08002226   0x08002226   0x00000002   PAD
    0x08002228   0x08002228   0x000002a0   Code   RO         4123    i.MQTT_PacketConnect  mqttkit.o
    0x080024c8   0x080024c8   0x000001b8   Code   RO         4126    i.MQTT_PacketPublish  mqttkit.o
    0x08002680   0x08002680   0x00000064   Code   RO         4132    i.MQTT_PacketSaveData  mqttkit.o
    0x080026e4   0x080026e4   0x000000fe   Code   RO         4133    i.MQTT_PacketSubscribe  mqttkit.o
    0x080027e2   0x080027e2   0x00000046   Code   RO         4135    i.MQTT_ReadLength   mqttkit.o
    0x08002828   0x08002828   0x0000001e   Code   RO         4137    i.MQTT_UnPacketConnectAck  mqttkit.o
    0x08002846   0x08002846   0x00000002   PAD
    0x08002848   0x08002848   0x000001c0   Code   RO         4138    i.MQTT_UnPacketPublish  mqttkit.o
    0x08002a08   0x08002a08   0x0000001e   Code   RO         4139    i.MQTT_UnPacketPublishAck  mqttkit.o
    0x08002a26   0x08002a26   0x00000002   PAD
    0x08002a28   0x08002a28   0x00000074   Code   RO         4143    i.MQTT_UnPacketRecv  mqttkit.o
    0x08002a9c   0x08002a9c   0x00000034   Code   RO         4144    i.MQTT_UnPacketSubscribe  mqttkit.o
    0x08002ad0   0x08002ad0   0x00000004   Code   RO          130    i.MemManage_Handler  stm32f10x_it.o
    0x08002ad4   0x08002ad4   0x00000002   Code   RO          131    i.NMI_Handler       stm32f10x_it.o
    0x08002ad6   0x08002ad6   0x00000002   PAD
    0x08002ad8   0x08002ad8   0x00000070   Code   RO          354    i.NVIC_Init         misc.o
    0x08002b48   0x08002b48   0x00000014   Code   RO          355    i.NVIC_PriorityGroupConfig  misc.o
    0x08002b5c   0x08002b5c   0x0000000a   Code   RO         3440    i.OLED_CLS          oled.o
    0x08002b66   0x08002b66   0x0000003a   Code   RO         3441    i.OLED_Fill         oled.o
    0x08002ba0   0x08002ba0   0x000000b6   Code   RO         3442    i.OLED_Init         oled.o
    0x08002c56   0x08002c56   0x00000028   Code   RO         3445    i.OLED_SetPos       oled.o
    0x08002c7e   0x08002c7e   0x00000002   PAD
    0x08002c80   0x08002c80   0x000000ec   Code   RO         3448    i.OLED_ShowStr      oled.o
    0x08002d6c   0x08002d6c   0x00000118   Code   RO         4008    i.OTA_UrlEncode     onenet.o
    0x08002e84   0x08002e84   0x0000019c   Code   RO         4009    i.OneNET_Authorization  onenet.o
    0x08003020   0x08003020   0x0000007c   Code   RO         4010    i.OneNET_Publish    onenet.o
    0x0800309c   0x0800309c   0x000000a0   Code   RO         4012    i.OneNET_Subscribe  onenet.o
    0x0800313c   0x0800313c   0x0000027c   Code   RO         4013    i.OneNet_DevLink    onenet.o
    0x080033b8   0x080033b8   0x000001d8   Code   RO         4014    i.OneNet_FillBuf    onenet.o
    0x08003590   0x08003590   0x0000043c   Code   RO         4015    i.OneNet_RevPro     onenet.o
    0x080039cc   0x080039cc   0x00000100   Code   RO         4016    i.OneNet_SendData   onenet.o
    0x08003acc   0x08003acc   0x00000164   Code   RO         3853    i.ParseNTPTime      esp8266.o
    0x08003c30   0x08003c30   0x00000020   Code   RO         1955    i.RCC_APB1PeriphClockCmd  stm32f10x_rcc.o
    0x08003c50   0x08003c50   0x00000020   Code   RO         1956    i.RCC_APB1PeriphResetCmd  stm32f10x_rcc.o
    0x08003c70   0x08003c70   0x00000020   Code   RO         1957    i.RCC_APB2PeriphClockCmd  stm32f10x_rcc.o
    0x08003c90   0x08003c90   0x000000d4   Code   RO         1965    i.RCC_GetClocksFreq  stm32f10x_rcc.o
    0x08003d64   0x08003d64   0x00000002   Code   RO          132    i.RTC_IRQHandler    stm32f10x_it.o
    0x08003d66   0x08003d66   0x00000002   Code   RO          133    i.SVC_Handler       stm32f10x_it.o
    0x08003d68   0x08003d68   0x00000104   Code   RO         4017    i.Send_Property_Response  onenet.o
    0x08003e6c   0x08003e6c   0x00000008   Code   RO          273    i.SetSysClock       system_stm32f10x.o
    0x08003e74   0x08003e74   0x000000e0   Code   RO          274    i.SetSysClockTo72   system_stm32f10x.o
    0x08003f54   0x08003f54   0x0000001a   Code   RO         3683    i.Single_Write_BH1750  bh1750.o
    0x08003f6e   0x08003f6e   0x00000002   PAD
    0x08003f70   0x08003f70   0x00000074   Code   RO          134    i.SysTick_Handler   stm32f10x_it.o
    0x08003fe4   0x08003fe4   0x00000060   Code   RO          276    i.SystemInit        system_stm32f10x.o
    0x08004044   0x08004044   0x00000018   Code   RO         2595    i.TIM_Cmd           stm32f10x_tim.o
    0x0800405c   0x0800405c   0x00000098   Code   RO         2624    i.TIM_OC1Init       stm32f10x_tim.o
    0x080040f4   0x080040f4   0x000000a4   Code   RO         2629    i.TIM_OC2Init       stm32f10x_tim.o
    0x08004198   0x08004198   0x00000004   Code   RO         2656    i.TIM_SetCompare1   stm32f10x_tim.o
    0x0800419c   0x0800419c   0x00000004   Code   RO         2657    i.TIM_SetCompare2   stm32f10x_tim.o
    0x080041a0   0x080041a0   0x000000a4   Code   RO         2666    i.TIM_TimeBaseInit  stm32f10x_tim.o
    0x08004244   0x08004244   0x0000001c   Code   RO         3388    i.USART1_IRQHandler  usart.o
    0x08004260   0x08004260   0x0000004c   Code   RO         3854    i.USART2_IRQHandler  esp8266.o
    0x080042ac   0x080042ac   0x00000012   Code   RO         3127    i.USART_ClearFlag   stm32f10x_usart.o
    0x080042be   0x080042be   0x00000018   Code   RO         3131    i.USART_Cmd         stm32f10x_usart.o
    0x080042d6   0x080042d6   0x0000001a   Code   RO         3134    i.USART_GetFlagStatus  stm32f10x_usart.o
    0x080042f0   0x080042f0   0x00000054   Code   RO         3135    i.USART_GetITStatus  stm32f10x_usart.o
    0x08004344   0x08004344   0x0000004a   Code   RO         3137    i.USART_ITConfig    stm32f10x_usart.o
    0x0800438e   0x0800438e   0x00000002   PAD
    0x08004390   0x08004390   0x000000d8   Code   RO         3138    i.USART_Init        stm32f10x_usart.o
    0x08004468   0x08004468   0x00000008   Code   RO         3148    i.USART_SendData    stm32f10x_usart.o
    0x08004470   0x08004470   0x0000015c   Code   RO         3855    i.UpdateClock       esp8266.o
    0x080045cc   0x080045cc   0x00000004   Code   RO          135    i.UsageFault_Handler  stm32f10x_it.o
    0x080045d0   0x080045d0   0x000000b0   Code   RO         3389    i.Usart1_Init       usart.o
    0x08004680   0x08004680   0x000000ac   Code   RO         3390    i.Usart2_Init       usart.o
    0x0800472c   0x0800472c   0x00000048   Code   RO         3391    i.UsartPrintf       usart.o
    0x08004774   0x08004774   0x00000032   Code   RO         3392    i.Usart_SendString  usart.o
    0x080047a6   0x080047a6   0x0000000e   Code   RO         3449    i.WriteCmd          oled.o
    0x080047b4   0x080047b4   0x0000000e   Code   RO         3450    i.WriteData         oled.o
    0x080047c2   0x080047c2   0x00000002   PAD
    0x080047c4   0x080047c4   0x00000034   Code   RO         4922    i.__0snprintf       mc_w.l(printfa.o)
    0x080047f8   0x080047f8   0x00000028   Code   RO         4923    i.__0sprintf        mc_w.l(printfa.o)
    0x08004820   0x08004820   0x00000034   Code   RO         4926    i.__0vsnprintf      mc_w.l(printfa.o)
    0x08004854   0x08004854   0x00000028   Code   RO         5023    i.__ARM_fpclassify  m_ws.l(fpclassify.o)
    0x0800487c   0x0800487c   0x000000aa   Code   RO         5025    i.__kernel_poly     m_ws.l(poly.o)
    0x08004926   0x08004926   0x00000002   PAD
    0x08004928   0x08004928   0x00000010   Code   RO         5009    i.__mathlib_dbl_divzero  m_ws.l(dunder.o)
    0x08004938   0x08004938   0x00000004   Code   RO         5011    i.__mathlib_dbl_infnan2  m_ws.l(dunder.o)
    0x0800493c   0x0800493c   0x0000000c   Code   RO         5012    i.__mathlib_dbl_invalid  m_ws.l(dunder.o)
    0x08004948   0x08004948   0x0000000e   Code   RO         5013    i.__mathlib_dbl_overflow  m_ws.l(dunder.o)
    0x08004956   0x08004956   0x00000002   PAD
    0x08004958   0x08004958   0x00000010   Code   RO         5015    i.__mathlib_dbl_underflow  m_ws.l(dunder.o)
    0x08004968   0x08004968   0x0000000e   Code   RO         5104    i.__scatterload_copy  mc_w.l(handlers.o)
    0x08004976   0x08004976   0x00000002   Code   RO         5105    i.__scatterload_null  mc_w.l(handlers.o)
    0x08004978   0x08004978   0x0000000e   Code   RO         5106    i.__scatterload_zeroinit  mc_w.l(handlers.o)
    0x08004986   0x08004986   0x00000002   PAD
    0x08004988   0x08004988   0x0000000c   Code   RO         5069    i.__set_errno       mc_w.l(errno.o)
    0x08004994   0x08004994   0x00000184   Code   RO         4928    i._fp_digits        mc_w.l(printfa.o)
    0x08004b18   0x08004b18   0x000006b4   Code   RO         4929    i._printf_core      mc_w.l(printfa.o)
    0x080051cc   0x080051cc   0x00000024   Code   RO         4930    i._printf_post_padding  mc_w.l(printfa.o)
    0x080051f0   0x080051f0   0x0000002e   Code   RO         4931    i._printf_pre_padding  mc_w.l(printfa.o)
    0x0800521e   0x0800521e   0x00000016   Code   RO         4932    i._snputc           mc_w.l(printfa.o)
    0x08005234   0x08005234   0x0000000a   Code   RO         4933    i._sputc            mc_w.l(printfa.o)
    0x0800523e   0x0800523e   0x00000002   PAD
    0x08005240   0x08005240   0x00000034   Code   RO         3570    i.beep_Init         key.o
    0x08005274   0x08005274   0x0000002e   Code   RO         3684    i.bh_data_read      bh1750.o
    0x080052a2   0x080052a2   0x00000028   Code   RO         3685    i.bh_data_send      bh1750.o
    0x080052ca   0x080052ca   0x0000002a   Code   RO         4295    i.cJSON_AddItemToArray  cjson.o
    0x080052f4   0x080052f4   0x00000030   Code   RO         4296    i.cJSON_AddItemToObject  cjson.o
    0x08005324   0x08005324   0x00000024   Code   RO         4305    i.cJSON_CreateNumber  cjson.o
    0x08005348   0x08005348   0x00000012   Code   RO         4306    i.cJSON_CreateObject  cjson.o
    0x0800535a   0x0800535a   0x0000001c   Code   RO         4307    i.cJSON_CreateString  cjson.o
    0x08005376   0x08005376   0x00000002   PAD
    0x08005378   0x08005378   0x00000058   Code   RO         4310    i.cJSON_Delete      cjson.o
    0x080053d0   0x080053d0   0x0000001e   Code   RO         4319    i.cJSON_GetObjectItem  cjson.o
    0x080053ee   0x080053ee   0x00000002   PAD
    0x080053f0   0x080053f0   0x00000020   Code   RO         4323    i.cJSON_New_Item    cjson.o
    0x08005410   0x08005410   0x00000010   Code   RO         4324    i.cJSON_Parse       cjson.o
    0x08005420   0x08005420   0x00000064   Code   RO         4325    i.cJSON_ParseWithOpts  cjson.o
    0x08005484   0x08005484   0x00000012   Code   RO         4328    i.cJSON_PrintUnformatted  cjson.o
    0x08005496   0x08005496   0x0000004c   Code   RO         4331    i.cJSON_strcasecmp  cjson.o
    0x080054e2   0x080054e2   0x00000002   PAD
    0x080054e4   0x080054e4   0x0000002c   Code   RO         4332    i.cJSON_strdup      cjson.o
    0x08005510   0x08005510   0x00000060   Code   RO         3606    i.delay_Init        delay.o
    0x08005570   0x08005570   0x00000040   Code   RO         3607    i.delay_us          delay.o
    0x080055b0   0x080055b0   0x00000014   Code   RO         3608    i.delayms           delay.o
    0x080055c4   0x080055c4   0x00000070   Code   RO         4334    i.ensure            cjson.o
    0x08005634   0x08005634   0x000000dc   Code   RO         4650    i.floor             m_ws.l(floor.o)
    0x08005710   0x08005710   0x00000050   Code   RO         4949    i.free              mc_w.l(malloc.o)
    0x08005760   0x08005760   0x0000004c   Code   RO         3953    i.ft                hmac_sha1.o
    0x080057ac   0x080057ac   0x0000012e   Code   RO         3954    i.hmac_sha1         hmac_sha1.o
    0x080058da   0x080058da   0x00000002   PAD
    0x080058dc   0x080058dc   0x00000034   Code   RO         3955    i.k                 hmac_sha1.o
    0x08005910   0x08005910   0x00000050   Code   RO         3571    i.key_Functoin      key.o
    0x08005960   0x08005960   0x0000006c   Code   RO         3572    i.key_Init          key.o
    0x080059cc   0x080059cc   0x00000180   Code   RO         3573    i.key_Scan          key.o
    0x08005b4c   0x08005b4c   0x000008cc   Code   RO            4    i.main              main.o
    0x08006418   0x08006418   0x0000006c   Code   RO         4950    i.malloc            mc_w.l(malloc.o)
    0x08006484   0x08006484   0x000000ac   Code   RO         4335    i.parse_array       cjson.o
    0x08006530   0x08006530   0x00000114   Code   RO         4336    i.parse_hex4        cjson.o
    0x08006644   0x08006644   0x000001bc   Code   RO         4337    i.parse_number      cjson.o
    0x08006800   0x08006800   0x00000114   Code   RO         4338    i.parse_object      cjson.o
    0x08006914   0x08006914   0x000001cc   Code   RO         4339    i.parse_string      cjson.o
    0x08006ae0   0x08006ae0   0x000000bc   Code   RO         4340    i.parse_value       cjson.o
    0x08006b9c   0x08006b9c   0x000009d8   Code   RO         4654    i.pow               m_ws.l(pow.o)
    0x08007574   0x08007574   0x0000001c   Code   RO         4341    i.pow2gt            cjson.o
    0x08007590   0x08007590   0x00000250   Code   RO         4342    i.print_array       cjson.o
    0x080077e0   0x080077e0   0x00000198   Code   RO         4343    i.print_number      cjson.o
    0x08007978   0x08007978   0x00000418   Code   RO         4344    i.print_object      cjson.o
    0x08007d90   0x08007d90   0x00000010   Code   RO         4345    i.print_string      cjson.o
    0x08007da0   0x08007da0   0x000001d4   Code   RO         4346    i.print_string_ptr  cjson.o
    0x08007f74   0x08007f74   0x00000130   Code   RO         4347    i.print_value       cjson.o
    0x080080a4   0x080080a4   0x0000002e   Code   RO         3956    i.rotl              hmac_sha1.o
    0x080080d2   0x080080d2   0x00000002   PAD
    0x080080d4   0x080080d4   0x00000284   Code   RO         3958    i.sha1              hmac_sha1.o
    0x08008358   0x08008358   0x00000012   Code   RO         4348    i.skip              cjson.o
    0x0800836a   0x0800836a   0x0000004c   Code   RO         5029    i.sqrt              m_ws.l(sqrt.o)
    0x080083b6   0x080083b6   0x00000006   Code   RO         4349    i.suffix_object     cjson.o
    0x080083bc   0x080083bc   0x00000090   Code   RO         3799    i.tiemr2_Ch1_Pwm_Init  timer.o
    0x0800844c   0x0800844c   0x00000020   Code   RO         4350    i.update            cjson.o
    0x0800846c   0x0800846c   0x00001918   Data   RO         3451    .constdata          oled.o
    0x08009d84   0x08009d84   0x000000c0   Data   RO         3925    .constdata          base64.o
    0x08009e44   0x08009e44   0x00000007   Data   RO         4351    .constdata          cjson.o
    0x08009e4b   0x08009e4b   0x00000005   PAD
    0x08009e50   0x08009e50   0x00000088   Data   RO         4655    .constdata          m_ws.l(pow.o)
    0x08009ed8   0x08009ed8   0x00000008   Data   RO         5027    .constdata          m_ws.l(qnan.o)
    0x08009ee0   0x08009ee0   0x00000040   Data   RO         5100    .constdata          mc_w.l(ctype_c.o)
    0x08009f20   0x08009f20   0x00000046   Data   RO         3857    .conststring        esp8266.o
    0x08009f66   0x08009f66   0x00000002   PAD
    0x08009f68   0x08009f68   0x00000047   Data   RO         4019    .conststring        onenet.o
    0x08009faf   0x08009faf   0x00000001   PAD
    0x08009fb0   0x08009fb0   0x00000020   Data   RO         5102    Region$$Table       anon$$obj.o


    Execution Region RW_IRAM1 (Exec base: 0x20000000, Load base: 0x08009fd0, Size: 0x00000b38, Max: 0x00005000, ABSOLUTE)

    Exec Addr    Load Addr    Size         Type   Attr      Idx    E Section Name        Object

    0x20000000   0x08009fd0   0x00000015   Data   RW            6    .data               main.o
    0x20000015   0x08009fe5   0x00000003   PAD
    0x20000018   0x08009fe8   0x00000008   Data   RW          136    .data               stm32f10x_it.o
    0x20000020   0x08009ff0   0x00000014   Data   RW          277    .data               system_stm32f10x.o
    0x20000034   0x0800a004   0x00000014   Data   RW         1985    .data               stm32f10x_rcc.o
    0x20000048   0x0800a018   0x00000004   Data   RW         3574    .data               key.o
    0x2000004c   0x0800a01c   0x00000003   Data   RW         3609    .data               delay.o
    0x2000004f   0x0800a01f   0x00000001   PAD
    0x20000050   0x0800a020   0x00000004   Data   RW         3858    .data               esp8266.o
    0x20000054   0x0800a024   0x00000002   Data   RW         4020    .data               onenet.o
    0x20000056   0x0800a026   0x00000002   PAD
    0x20000058   0x0800a028   0x0000000c   Data   RW         4352    .data               cjson.o
    0x20000064   0x0800a034   0x00000004   Data   RW         5065    .data               mc_w.l(mvars.o)
    0x20000068   0x0800a038   0x00000004   Data   RW         5066    .data               mc_w.l(mvars.o)
    0x2000006c   0x0800a03c   0x00000004   Data   RW         5070    .data               mc_w.l(errno.o)
    0x20000070        -       0x00000024   Zero   RW            5    .bss                main.o
    0x20000094        -       0x000000a0   Zero   RW         3856    .bss                esp8266.o
    0x20000134   0x0800a040   0x00000004   PAD
    0x20000138        -       0x00000200   Zero   RW          348    HEAP                startup_stm32f10x_md.o
    0x20000338        -       0x00000800   Zero   RW          347    STACK               startup_stm32f10x_md.o


==============================================================================

Image component sizes


      Code (inc. data)   RO Data    RW Data    ZI Data      Debug   Object Name

       688          8        192          0          0       3728   base64.o
       168          4          0          0          0       2242   bh1750.o
      5424        256          7         12          0      26429   cjson.o
         0          0          0          0          0         32   core_cm3.o
       180         16          0          3          0      17260   delay.o
      2376        944         70          4        160       8318   esp8266.o
      1120         30          0          0          0       4527   hmac_sha1.o
       624         48          0          4          0       2733   key.o
      2482        606          0         21         36      11886   main.o
       132         22          0          0          0       1559   misc.o
      2374         60          0          0          0      14312   mqttkit.o
       648         94          0          0          0       3947   myiic.o
       834         34       6424          0          0       6252   oled.o
      3684       1508         71          2          0      14217   onenet.o
        36          8        236          0       2560        808   startup_stm32f10x_md.o
       448          6          0          0          0       4542   stm32f10x_gpio.o
       486         20          0          0          0       7243   stm32f10x_i2c.o
       142         20          0          8          0     216871   stm32f10x_it.o
       308         38          0         20          0       5067   stm32f10x_rcc.o
       512         72          0          0          0       4317   stm32f10x_tim.o
       450          6          0          0          0       6247   stm32f10x_usart.o
       328         28          0         20          0     258853   system_stm32f10x.o
       144          6          0          0          0        838   timer.o
       498         24          0          0          0       4521   usart.o

    ----------------------------------------------------------------------
     24124       3858       7040        100       2760     626749   Object Totals
         0          0         32          0          0          0   (incl. Generated)
        38          0          8          6          4          0   (incl. Padding)

    ----------------------------------------------------------------------

      Code (inc. data)   RO Data    RW Data    ZI Data      Debug   Library Member Name

        62         10          0          0          0        340   dunder.o
       220         16          0          0          0         84   floor.o
        40          0          0          0          0         68   fpclassify.o
       170          0          0          0          0         96   poly.o
      2520        190        136          0          0        324   pow.o
         0          0          8          0          0          0   qnan.o
        76          0          0          0          0         84   sqrt.o
        56          8          0          0          0         84   __0sscanf.o
        28          0          0          0          0         68   _chval.o
       816          6          0          0          0        112   _scanf.o
       332          0          0          0          0         96   _scanf_int.o
       224          0          0          0          0         96   _scanf_str.o
        64          0          0          0          0         84   _sgetc.o
        40          6         64          0          0         68   ctype_c.o
         0          0          0          0          0          0   entry.o
         0          0          0          0          0          0   entry10a.o
         0          0          0          0          0          0   entry11a.o
         4          0          0          0          0          0   entry12b.o
         8          4          0          0          0          0   entry2.o
         4          0          0          0          0          0   entry5.o
         0          0          0          0          0          0   entry7b.o
         0          0          0          0          0          0   entry8b.o
         8          4          0          0          0          0   entry9a.o
        12          6          0          4          0         68   errno.o
        30          0          0          0          0          0   handlers.o
        36          8          0          0          0         68   init.o
        10          0          0          0          0         68   isspace_c.o
         0          0          0          0          0          0   iusefp.o
        30          0          0          0          0         68   llshl.o
        36          0          0          0          0         68   llsshr.o
        32          0          0          0          0         68   llushr.o
       188         20          0          0          0        160   malloc.o
        36          0          0          0          0         68   memcpya.o
        36          0          0          0          0        108   memseta.o
         0          0          0          8          0          0   mvars.o
      2362         96          0          0          0        768   printfa.o
        40          8          0          0          0         84   scanf_char.o
        24          0          0          0          0         68   strcat.o
        20          0          0          0          0         68   strchr.o
        18          0          0          0          0         68   strcpy.o
        14          0          0          0          0         68   strlen.o
        40          0          0          0          0         76   strncat.o
        30          0          0          0          0         80   strncmp.o
        36          0          0          0          0         80   strstr.o
        12          0          0          0          0         68   tolower.o
        44          0          0          0          0         80   uidiv.o
        98          0          0          0          0         92   uldiv.o
        48          0          0          0          0         68   cdcmple.o
        48          0          0          0          0         68   cdrcmple.o
        20          0          0          0          0         68   cfcmple.o
        56          0          0          0          0         88   d2f.o
       334          0          0          0          0        148   dadd.o
       222          0          0          0          0        100   ddiv.o
       186          0          0          0          0        176   depilogue.o
        62          0          0          0          0         80   dfixi.o
        48          0          0          0          0         68   dfixul.o
        34          0          0          0          0         76   dflti.o
        26          0          0          0          0         76   dfltui.o
       228          0          0          0          0         96   dmul.o
        46          0          0          0          0         80   dscalb.o
       162          0          0          0          0        100   dsqrt.o
        38          0          0          0          0         68   f2d.o
       110          0          0          0          0        168   fepilogue.o

    ----------------------------------------------------------------------
      9540        382        208         12          0       5476   Library Totals
        16          0          0          0          0          0   (incl. Padding)

    ----------------------------------------------------------------------

      Code (inc. data)   RO Data    RW Data    ZI Data      Debug   Library Name

      3088        216        144          0          0        996   m_ws.l
      4768        166         64         12          0       2952   mc_w.l
      1668          0          0          0          0       1528   mf_w.l

    ----------------------------------------------------------------------
      9540        382        208         12          0       5476   Library Totals

    ----------------------------------------------------------------------

==============================================================================


      Code (inc. data)   RO Data    RW Data    ZI Data      Debug   

     33664       4240       7248        112       2760     621509   Grand Totals
     33664       4240       7248        112       2760     621509   ELF Image Totals
     33664       4240       7248        112          0          0   ROM Totals

==============================================================================

    Total RO  Size (Code + RO Data)                40912 (  39.95kB)
    Total RW  Size (RW Data + ZI Data)              2872 (   2.80kB)
    Total ROM Size (Code + RO Data + RW Data)      41024 (  40.06kB)

==============================================================================

