<html>
<body>
<pre>
<h1>µVision Build Log</h1>
<h2>Tool Versions:</h2>
IDE-Version: ¶ÃVision V5.13.0.0
Copyright (C) 2014 ARM Ltd and ARM Germany GmbH. All rights reserved.
License Information: w wls168, w, LIC=8MZGK-ZNGQU-F0YN5-GRG7V-JJCC6-LX6QG
 
Tool Versions:
Toolchain:       MDK-ARM Professional  Version: 5.13.0.0
Toolchain Path:  d:\Keil_v5\ARM\ARMCC\Bin
C Compiler:      Armcc.exe V5.05 update 1 (build 106)
Assembler:       Armasm.exe V5.05 update 1 (build 106)
Linker/Locator:  ArmLink.exe V5.05 update 1 (build 106)
Library Manager: ArmAr.exe V5.05 update 1 (build 106)
Hex Converter:   FromElf.exe V5.05 update 1 (build 106)
CPU DLL:         SARMCM3.DLL V5.13.0.0
Dialog DLL:      DCM.DLL V1.13.1.0
Target DLL:      STLink\ST-LINKIII-KEIL_SWO.dll V2.0.6.0_KEIL
Dialog DLL:      TCM.DLL V1.14.4.0
 
<h2>Project:</h2>
F:\stm32c8t6+esp8266+Onenet+Uniapp\02_esp8666_init_test\user\02_esp8666_init_test.uvprojx
Project File Date:  07/31/2024

<h2>Output:</h2>
Build target 'Target 1'
compiling main.c...
main.c(77): warning:  #177-D: variable "timeCount" was declared but never referenced
        unsigned short timeCount = 0;   //ÂèëÈÄÅÈó¥ÈöîÂèòÈá?                   ^
main.c(79): warning:  #177-D: variable "dataPtr" was declared but never referenced
        unsigned char *dataPtr = NULL;
main.c: 2 warnings, 0 errors
linking...
Program Size: Code=8440 RO-data=6564 RW-data=28 ZI-data=1044  
FromELF: creating hex file...
"..\output\02_esp8666_init_test.axf" - 0 Error(s), 2 Warning(s).

<h2>Collection of Component include folders:</h2>
  F:\stm32c8t6+esp8266+Onenet+Uniapp\02_esp8666_init_test\user\RTE
  d:\Keil_v5\ARM\PACK\Keil\STM32F1xx_DFP\1.0.5\Device\Include

<h2>Collection of Component Files used:</h2>
</pre>
</body>
</html>
