<html>
<body>
<pre>
<h1>µVision Build Log</h1>
<h2>Tool Versions:</h2>
IDE-Version: ¦ÌVision V5.13.0.0
Copyright (C) 2014 ARM Ltd and ARM Germany GmbH. All rights reserved.
License Information: w wls168, w, LIC=8MZGK-ZNGQU-F0YN5-GRG7V-JJCC6-LX6QG
 
Tool Versions:
Toolchain:       MDK-ARM Professional  Version: 5.13.0.0
Toolchain Path:  d:\Keil_v5\ARM\ARMCC\Bin
C Compiler:      Armcc.exe V5.05 update 1 (build 106)
Assembler:       Armasm.exe V5.05 update 1 (build 106)
Linker/Locator:  ArmLink.exe V5.05 update 1 (build 106)
Library Manager: ArmAr.exe V5.05 update 1 (build 106)
Hex Converter:   FromElf.exe V5.05 update 1 (build 106)
CPU DLL:         SARMCM3.DLL V5.13.0.0
Dialog DLL:      DCM.DLL V1.13.1.0
Target DLL:      STLink\ST-LINKIII-KEIL_SWO.dll V2.0.6.0_KEIL
Dialog DLL:      TCM.DLL V1.14.4.0
 
<h2>Project:</h2>
F:\stm32c8t6+esp8266+Onenet+Uniapp\04_esp8666_linkonenet_test\user\04_esp8666_linkonenet_test.uvprojx
Project File Date:  07/31/2024

<h2>Output:</h2>
Build target 'Target 1'
compiling onenet.c...
linking...
Program Size: Code=14260 RO-data=6828 RW-data=40 ZI-data=2704  
FromELF: creating hex file...
"..\output\04_esp8666_linkonenet_test.axf" - 0 Error(s), 0 Warning(s).

<h2>Collection of Component include folders:</h2>
  F:\stm32c8t6+esp8266+Onenet+Uniapp\04_esp8666_linkonenet_test\user\RTE
  d:\Keil_v5\ARM\PACK\Keil\STM32F1xx_DFP\1.0.5\Device\Include

<h2>Collection of Component Files used:</h2>
</pre>
</body>
</html>
